Component: ARM Compiler 5.06 update 3 (build 300) Tool: armlink [4d35c9]

==============================================================================

Section Cross References

    main.o(i.Communicate_task) refers to led.o(i.LED_Init) for LED_Init
    main.o(i.Communicate_task) refers to uart_interface.o(i.UART_Init) for UART_Init
    main.o(i.Communicate_task) refers to uart_interface.o(i.UART_DMA_init) for UART_DMA_init
    main.o(i.Communicate_task) refers to noretval__2printf.o(.text) for __2printf
    main.o(i.Communicate_task) refers to os_time.o(i.OSTimeDlyHMSM) for OSTimeDlyHMSM
    main.o(i.Communicate_task) refers to os_time.o(i.OSTimeDly) for OSTimeDly
    main.o(i.Communicate_task) refers to uart_interface.o(.bss) for UART_Handler
    main.o(i.Data_Process) refers to stm32f7xx_hal_gpio.o(i.HAL_GPIO_WritePin) for HAL_GPIO_WritePin
    main.o(i.Data_Process) refers to data_base.o(.bss) for g_APP_USER_Input
    main.o(i.Manual_task) refers to key.o(i.KEY_Init) for KEY_Init
    main.o(i.Manual_task) refers to os_time.o(i.OSTimeDly) for OSTimeDly
    main.o(i.Manual_task) refers to key.o(i.KEY_Scan) for KEY_Scan
    main.o(i.Manual_task) refers to noretval__2printf.o(.text) for __2printf
    main.o(i.main) refers to sys.o(i.Cache_Enable) for Cache_Enable
    main.o(i.main) refers to stm32f7xx_hal.o(i.HAL_Init) for HAL_Init
    main.o(i.main) refers to sys.o(i.Stm32_Clock_Init) for Stm32_Clock_Init
    main.o(i.main) refers to delay.o(i.delay_init) for delay_init
    main.o(i.main) refers to os_core.o(i.OSInit) for OSInit
    main.o(i.main) refers to cpu_a.o(.text) for CPU_SR_Save
    main.o(i.main) refers to cpu_core.o(i.CPU_IntDisMeasStart) for CPU_IntDisMeasStart
    main.o(i.main) refers to os_task.o(i.OSTaskCreate) for OSTaskCreate
    main.o(i.main) refers to cpu_core.o(i.CPU_IntDisMeasStop) for CPU_IntDisMeasStop
    main.o(i.main) refers to os_core.o(i.OSStart) for OSStart
    main.o(i.main) refers to main.o(.bss) for START_TASK_STK
    main.o(i.main) refers to main.o(i.start_task) for start_task
    main.o(i.start_task) refers to cpu_core.o(i.CPU_Init) for CPU_Init
    main.o(i.start_task) refers to os_stat.o(i.OSStatTaskCPUUsageInit) for OSStatTaskCPUUsageInit
    main.o(i.start_task) refers to cpu_core.o(i.CPU_IntDisMeasMaxCurReset) for CPU_IntDisMeasMaxCurReset
    main.o(i.start_task) refers to cpu_a.o(.text) for CPU_SR_Save
    main.o(i.start_task) refers to cpu_core.o(i.CPU_IntDisMeasStart) for CPU_IntDisMeasStart
    main.o(i.start_task) refers to os_task.o(i.OSTaskCreate) for OSTaskCreate
    main.o(i.start_task) refers to cpu_core.o(i.CPU_IntDisMeasStop) for CPU_IntDisMeasStop
    main.o(i.start_task) refers to os_task.o(i.OS_TaskSuspend) for OS_TaskSuspend
    main.o(i.start_task) refers to main.o(.bss) for COMMUNCIATE_TASK_STK
    main.o(i.start_task) refers to main.o(i.Communicate_task) for Communicate_task
    main.o(i.start_task) refers to main.o(i.Manual_task) for Manual_task
    delay.o(i.SysTick_Handler) refers to stm32f7xx_hal.o(i.HAL_IncTick) for HAL_IncTick
    delay.o(i.SysTick_Handler) refers to os_core.o(i.OSIntEnter) for OSIntEnter
    delay.o(i.SysTick_Handler) refers to os_time.o(i.OSTimeTick) for OSTimeTick
    delay.o(i.SysTick_Handler) refers to os_core.o(i.OSIntExit) for OSIntExit
    delay.o(i.SysTick_Handler) refers to os_var.o(.data) for OSRunning
    delay.o(i.delay_init) refers to stm32f7xx_hal_cortex.o(i.HAL_SYSTICK_CLKSourceConfig) for HAL_SYSTICK_CLKSourceConfig
    delay.o(i.delay_init) refers to delay.o(.data) for fac_us
    delay.o(i.delay_init) refers to os_cfg_app.o(.constdata) for OSCfg_TickRate_Hz
    delay.o(i.delay_ms) refers to delay.o(i.delay_ostimedly) for delay_ostimedly
    delay.o(i.delay_ms) refers to delay.o(i.delay_us) for delay_us
    delay.o(i.delay_ms) refers to os_var.o(.data) for OSRunning
    delay.o(i.delay_ms) refers to delay.o(.data) for fac_ms
    delay.o(i.delay_osschedlock) refers to os_core.o(i.OSSchedLock) for OSSchedLock
    delay.o(i.delay_osschedunlock) refers to os_core.o(i.OSSchedUnlock) for OSSchedUnlock
    delay.o(i.delay_ostimedly) refers to os_time.o(i.OSTimeDly) for OSTimeDly
    delay.o(i.delay_us) refers to delay.o(i.delay_osschedlock) for delay_osschedlock
    delay.o(i.delay_us) refers to delay.o(i.delay_osschedunlock) for delay_osschedunlock
    delay.o(i.delay_us) refers to delay.o(.data) for fac_us
    sys.o(i.Cache_Enable) refers to sys.o(i.SCB_EnableDCache) for SCB_EnableDCache
    sys.o(i.Stm32_Clock_Init) refers to stm32f7xx_hal_rcc_ex.o(i.HAL_RCC_OscConfig) for HAL_RCC_OscConfig
    sys.o(i.Stm32_Clock_Init) refers to stm32f7xx_hal_pwr_ex.o(i.HAL_PWREx_EnableOverDrive) for HAL_PWREx_EnableOverDrive
    sys.o(i.Stm32_Clock_Init) refers to stm32f7xx_hal_rcc.o(i.HAL_RCC_ClockConfig) for HAL_RCC_ClockConfig
    system_stm32f7xx_1.o(i.SystemCoreClockUpdate) refers to system_stm32f7xx_1.o(.data) for SystemCoreClock
[...]
    _get_lc_ctype                             - Undefined Weak Reference
    _get_lc_monetary                          - Undefined Weak Reference
    _get_lc_numeric                           - Undefined Weak Reference
    _get_lc_time                              - Undefined Weak Reference
    _getenv_init                              - Undefined Weak Reference
    _handle_redirection                       - Undefined Weak Reference
    _init_alloc                               - Undefined Weak Reference
    _init_user_alloc                          - Undefined Weak Reference
    _initio                                   - Undefined Weak Reference
    _mutex_acquire                            - Undefined Weak Reference
    _mutex_release                            - Undefined Weak Reference
    _printf_post_padding                      - Undefined Weak Reference
    _printf_pre_padding                       - Undefined Weak Reference
    _printf_truncate_signed                   - Undefined Weak Reference
    _printf_truncate_unsigned                 - Undefined Weak Reference
    _rand_init                                - Undefined Weak Reference
    _signal_finish                            - Undefined Weak Reference
    _signal_init                              - Undefined Weak Reference
    _terminate_alloc                          - Undefined Weak Reference
    _terminate_user_alloc                     - Undefined Weak Reference
    _terminateio                              - Undefined Weak Reference
    __Vectors_Size                           0x000001f8   Number         0  startup_stm32f767xx.o ABSOLUTE
    __Vectors                                0x08000000   Data           4  startup_stm32f767xx.o(RESET)
    __Vectors_End                            0x080001f8   Data           0  startup_stm32f767xx.o(RESET)
    __main                                   0x080001f9   Thumb Code     8  __main.o(!!!main)
    __scatterload                            0x08000201   Thumb Code     0  __scatter.o(!!!scatter)
    __scatterload_rt2                        0x08000201   Thumb Code    44  __scatter.o(!!!scatter)
    __scatterload_rt2_thumb_only             0x08000201   Thumb Code     0  __scatter.o(!!!scatter)
    __scatterload_null                       0x0800020f   Thumb Code     0  __scatter.o(!!!scatter)
    __scatterload_copy                       0x08000235   Thumb Code    26  __scatter_copy.o(!!handler_copy)
    __scatterload_zeroinit                   0x08000251   Thumb Code    28  __scatter_zi.o(!!handler_zi)
    _printf_d                                0x0800026d   Thumb Code     0  _printf_d.o(.ARM.Collect$$_printf_percent$$00000009)
    _printf_percent                          0x0800026d   Thumb Code     0  _printf_percent.o(.ARM.Collect$$_printf_percent$$00000000)
    _printf_percent_end                      0x08000273   Thumb Code     0  _printf_percent_end.o(.ARM.Collect$$_printf_percent$$00000017)
    __rt_lib_init                            0x08000277   Thumb Code     0  libinit.o(.ARM.Collect$$libinit$$00000000)
    __rt_lib_init_fp_1                       0x08000279   Thumb Code     0  libinit2.o(.ARM.Collect$$libinit$$00000001)
    __rt_lib_init_alloca_1                   0x0800027d   Thumb Code     0  libinit2.o(.ARM.Collect$$libinit$$0000002E)
    __rt_lib_init_argv_1                     0x0800027d   Thumb Code     0  libinit2.o(.ARM.Collect$$libinit$$0000002C)
    __rt_lib_init_atexit_1                   0x0800027d   Thumb Code     0  libinit2.o(.ARM.Collect$$libinit$$0000001B)
    __rt_lib_init_clock_1                    0x0800027d   Thumb Code     0  libinit2.o(.ARM.Collect$$libinit$$00000021)
    __rt_lib_init_cpp_1                      0x0800027d   Thumb Code     0  libinit2.o(.ARM.Collect$$libinit$$00000032)
    __rt_lib_init_exceptions_1               0x0800027d   Thumb Code     0  libinit2.o(.ARM.Collect$$libinit$$00000030)
    __rt_lib_init_fp_trap_1                  0x0800027d   Thumb Code     0  libinit2.o(.ARM.Collect$$libinit$$0000001F)
    __rt_lib_init_getenv_1                   0x0800027d   Thumb Code     0  libinit2.o(.ARM.Collect$$libinit$$00000023)
    __rt_lib_init_heap_1                     0x0800027d   Thumb Code     0  libinit2.o(.ARM.Collect$$libinit$$0000000A)
    __rt_lib_init_lc_collate_1               0x0800027d   Thumb Code     0  libinit2.o(.ARM.Collect$$libinit$$00000011)
    __rt_lib_init_lc_ctype_1                 0x0800027d   Thumb Code     0  libinit2.o(.ARM.Collect$$libinit$$00000013)
    __rt_lib_init_lc_monetary_1              0x0800027d   Thumb Code     0  libinit2.o(.ARM.Collect$$libinit$$00000015)
    __rt_lib_init_lc_numeric_1               0x0800027d   Thumb Code     0  libinit2.o(.ARM.Collect$$libinit$$00000017)
    __rt_lib_init_lc_time_1                  0x0800027d   Thumb Code     0  libinit2.o(.ARM.Collect$$libinit$$00000019)
    __rt_lib_init_preinit_1                  0x0800027d   Thumb Code     0  libinit2.o(.ARM.Collect$$libinit$$00000004)
    __rt_lib_init_rand_1                     0x0800027d   Thumb Code     0  libinit2.o(.ARM.Collect$$libinit$$0000000E)
    __rt_lib_init_return                     0x0800027d   Thumb Code     0  libinit2.o(.ARM.Collect$$libinit$$00000033)
    __rt_lib_init_signal_1                   0x0800027d   Thumb Code     0  libinit2.o(.ARM.Collect$$libinit$$0000001D)
    __rt_lib_init_stdio_1                    0x0800027d   Thumb Code     0  libinit2.o(.ARM.Collect$$libinit$$00000025)
    __rt_lib_init_user_alloc_1               0x0800027d   Thumb Code     0  libinit2.o(.ARM.Collect$$libinit$$0000000C)
    __rt_lib_shutdown                        0x0800027f   Thumb Code     0  libshutdown.o(.ARM.Collect$$libshutdown$$00000000)
    __rt_lib_shutdown_cpp_1                  0x08000281   Thumb Code     0  libshutdown2.o(.ARM.Collect$$libshutdown$$00000002)
    __rt_lib_shutdown_fp_trap_1              0x08000281   Thumb Code     0  libshutdown2.o(.ARM.Collect$$libshutdown$$00000007)
    __rt_lib_shutdown_heap_1                 0x08000281   Thumb Code     0  libshutdown2.o(.ARM.Collect$$libshutdown$$0000000F)
    __rt_lib_shutdown_return                 0x08000281   Thumb Code     0  libshutdown2.o(.ARM.Collect$$libshutdown$$00000010)
    __rt_lib_shutdown_signal_1               0x08000281   Thumb Code     0  libshutdown2.o(.ARM.Collect$$libshutdown$$0000000A)
    __rt_lib_shutdown_stdio_1                0x08000281   Thumb Code     0  libshutdown2.o(.ARM.Collect$$libshutdown$$00000004)
    __rt_lib_shutdown_user_alloc_1           0x08000281   Thumb Code     0  libshutdown2.o(.ARM.Collect$$libshutdown$$0000000C)
    __rt_entry                               0x08000283   Thumb Code     0  __rtentry.o(.ARM.Collect$$rtentry$$00000000)
    __rt_entry_presh_1                       0x08000283   Thumb Code     0  __rtentry2.o(.ARM.Collect$$rtentry$$00000002)
    __rt_entry_sh                            0x08000283   Thumb Code     0  __rtentry4.o(.ARM.Collect$$rtentry$$00000004)
    __rt_entry_li                            0x08000289   Thumb Code     0  __rtentry2.o(.ARM.Collect$$rtentry$$0000000A)
    __rt_entry_postsh_1                      0x08000289   Thumb Code     0  __rtentry2.o(.ARM.Collect$$rtentry$$00000009)
    __rt_entry_main                          0x0800028d   Thumb Code     0  __rtentry2.o(.ARM.Collect$$rtentry$$0000000D)
    __rt_entry_postli_1                      0x0800028d   Thumb Code     0  __rtentry2.o(.ARM.Collect$$rtentry$$0000000C)
    __rt_exit                                0x08000295   Thumb Code     0  rtexit.o(.ARM.Collect$$rtexit$$00000000)
    __rt_exit_ls                             0x08000297   Thumb Code     0  rtexit2.o(.ARM.Collect$$rtexit$$00000003)
    __rt_exit_prels_1                        0x08000297   Thumb Code     0  rtexit2.o(.ARM.Collect$$rtexit$$00000002)
    __rt_exit_exit                           0x0800029b   Thumb Code     0  rtexit2.o(.ARM.Collect$$rtexit$$00000004)
    CPU_IntDis                               0x080002a1   Thumb Code     0  cpu_a.o(.text)
    CPU_IntEn                                0x080002a5   Thumb Code     0  cpu_a.o(.text)
    CPU_SR_Save                              0x080002a9   Thumb Code     0  cpu_a.o(.text)
    CPU_SR_Restore                           0x080002b1   Thumb Code     0  cpu_a.o(.text)
    CPU_WaitForInt                           0x080002b7   Thumb Code     0  cpu_a.o(.text)
    CPU_WaitForExcept                        0x080002bb   Thumb Code     0  cpu_a.o(.text)
    CPU_CntLeadZeros                         0x080002bf   Thumb Code     0  cpu_a.o(.text)
    CPU_CntTrailZeros                        0x080002c5   Thumb Code     0  cpu_a.o(.text)
    CPU_RevBits                              0x080002cf   Thumb Code     0  cpu_a.o(.text)
    Reset_Handler                            0x080002d5   Thumb Code    40  startup_stm32f767xx.o(.text)
    ADC_IRQHandler                           0x0800030f   Thumb Code     0  startup_stm32f767xx.o(.text)
    CAN1_RX0_IRQHandler                      0x0800030f   Thumb Code     0  startup_stm32f767xx.o(.text)
    CAN1_RX1_IRQHandler                      0x0800030f   Thumb Code     0  startup_stm32f767xx.o(.text)
    CAN1_SCE_IRQHandler                      0x0800030f   Thumb Code     0  startup_stm32f767xx.o(.text)
    CAN1_TX_IRQHandler                       0x0800030f   Thumb Code     0  startup_stm32f767xx.o(.text)
    CAN2_RX0_IRQHandler                      0x0800030f   Thumb Code     0  startup_stm32f767xx.o(.text)
    CAN2_RX1_IRQHandler                      0x0800030f   Thumb Code     0  startup_stm32f767xx.o(.text)
    CAN2_SCE_IRQHandler                      0x0800030f   Thumb Code     0  startup_stm32f767xx.o(.text)
    CAN2_TX_IRQHandler                       0x0800030f   Thumb Code     0  startup_stm32f767xx.o(.text)
    CAN3_RX0_IRQHandler                      0x0800030f   Thumb Code     0  startup_stm32f767xx.o(.text)
    CAN3_RX1_IRQHandler                      0x0800030f   Thumb Code     0  startup_stm32f767xx.o(.text)
    CAN3_SCE_IRQHandler                      0x0800030f   Thumb Code     0  startup_stm32f767xx.o(.text)
    CAN3_TX_IRQHandler                       0x0800030f   Thumb Code     0  startup_stm32f767xx.o(.text)
    CEC_IRQHandler                           0x0800030f   Thumb Code     0  startup_stm32f767xx.o(.text)
    DCMI_IRQHandler                          0x0800030f   Thumb Code     0  startup_stm32f767xx.o(.text)
    DFSDM1_FLT0_IRQHandler                   0x0800030f   Thumb Code     0  startup_stm32f767xx.o(.text)
    DFSDM1_FLT1_IRQHandler                   0x0800030f   Thumb Code     0  startup_stm32f767xx.o(.text)
    DFSDM1_FLT2_IRQHandler                   0x0800030f   Thumb Code     0  startup_stm32f767xx.o(.text)
    DFSDM1_FLT3_IRQHandler                   0x0800030f   Thumb Code     0  startup_stm32f767xx.o(.text)
    DMA1_Stream0_IRQHandler                  0x0800030f   Thumb Code     0  startup_stm32f767xx.o(.text)
    DMA1_Stream1_IRQHandler                  0x0800030f   Thumb Code     0  startup_stm32f767xx.o(.text)
    DMA1_Stream2_IRQHandler                  0x0800030f   Thumb Code     0  startup_stm32f767xx.o(.text)
    DMA1_Stream3_IRQHandler                  0x0800030f   Thumb Code     0  startup_stm32f767xx.o(.text)
    DMA1_Stream4_IRQHandler                  0x0800030f   Thumb Code     0  startup_stm32f767xx.o(.text)
    DMA1_Stream5_IRQHandler                  0x0800030f   Thumb Code     0  startup_stm32f767xx.o(.text)
    DMA1_Stream6_IRQHandler                  0x0800030f   Thumb Code     0  startup_stm32f767xx.o(.text)
    DMA1_Stream7_IRQHandler                  0x0800030f   Thumb Code     0  startup_stm32f767xx.o(.text)
    DMA2D_IRQHandler                         0x0800030f   Thumb Code     0  startup_stm32f767xx.o(.text)
    DMA2_Stream0_IRQHandler                  0x0800030f   Thumb Code     0  startup_stm32f767xx.o(.text)
    DMA2_Stream1_IRQHandler                  0x0800030f   Thumb Code     0  startup_stm32f767xx.o(.text)
    DMA2_Stream2_IRQHandler                  0x0800030f   Thumb Code     0  startup_stm32f767xx.o(.text)
    DMA2_Stream3_IRQHandler                  0x0800030f   Thumb Code     0  startup_stm32f767xx.o(.text)
    DMA2_Stream4_IRQHandler                  0x0800030f   Thumb Code     0  startup_stm32f767xx.o(.text)
    DMA2_Stream5_IRQHandler                  0x0800030f   Thumb Code     0  startup_stm32f767xx.o(.text)
    DMA2_Stream6_IRQHandler                  0x0800030f   Thumb Code     0  startup_stm32f767xx.o(.text)
    DMA2_Stream7_IRQHandler                  0x0800030f   Thumb Code     0  startup_stm32f767xx.o(.text)
    ETH_IRQHandler                           0x0800030f   Thumb Code     0  startup_stm32f767xx.o(.text)
    ETH_WKUP_IRQHandler                      0x0800030f   Thumb Code     0  startup_stm32f767xx.o(.text)
    EXTI0_IRQHandler                         0x0800030f   Thumb Code     0  startup_stm32f767xx.o(.text)
    EXTI15_10_IRQHandler                     0x0800030f   Thumb Code     0  startup_stm32f767xx.o(.text)
    EXTI1_IRQHandler                         0x0800030f   Thumb Code     0  startup_stm32f767xx.o(.text)
    EXTI2_IRQHandler                         0x0800030f   Thumb Code     0  startup_stm32f767xx.o(.text)
    EXTI3_IRQHandler                         0x0800030f   Thumb Code     0  startup_stm32f767xx.o(.text)
    EXTI4_IRQHandler                         0x0800030f   Thumb Code     0  startup_stm32f767xx.o(.text)
    EXTI9_5_IRQHandler                       0x0800030f   Thumb Code     0  startup_stm32f767xx.o(.text)
    FLASH_IRQHandler                         0x0800030f   Thumb Code     0  startup_stm32f767xx.o(.text)
    FMC_IRQHandler                           0x0800030f   Thumb Code     0  startup_stm32f767xx.o(.text)
    FPU_IRQHandler                           0x0800030f   Thumb Code     0  startup_stm32f767xx.o(.text)
    I2C1_ER_IRQHandler                       0x0800030f   Thumb Code     0  startup_stm32f767xx.o(.text)
    I2C1_EV_IRQHandler                       0x0800030f   Thumb Code     0  startup_stm32f767xx.o(.text)
    I2C2_ER_IRQHandler                       0x0800030f   Thumb Code     0  startup_stm32f767xx.o(.text)
    I2C2_EV_IRQHandler                       0x0800030f   Thumb Code     0  startup_stm32f767xx.o(.text)
    I2C3_ER_IRQHandler                       0x0800030f   Thumb Code     0  startup_stm32f767xx.o(.text)
    I2C3_EV_IRQHandler                       0x0800030f   Thumb Code     0  startup_stm32f767xx.o(.text)
    I2C4_ER_IRQHandler                       0x0800030f   Thumb Code     0  startup_stm32f767xx.o(.text)
    I2C4_EV_IRQHandler                       0x0800030f   Thumb Code     0  startup_stm32f767xx.o(.text)
    JPEG_IRQHandler                          0x0800030f   Thumb Code     0  startup_stm32f767xx.o(.text)
    LPTIM1_IRQHandler                        0x0800030f   Thumb Code     0  startup_stm32f767xx.o(.text)
    LTDC_ER_IRQHandler                       0x0800030f   Thumb Code     0  startup_stm32f767xx.o(.text)
    LTDC_IRQHandler                          0x0800030f   Thumb Code     0  startup_stm32f767xx.o(.text)
    MDIOS_IRQHandler                         0x0800030f   Thumb Code     0  startup_stm32f767xx.o(.text)
    OTG_FS_IRQHandler                        0x0800030f   Thumb Code     0  startup_stm32f767xx.o(.text)
    OTG_FS_WKUP_IRQHandler                   0x0800030f   Thumb Code     0  startup_stm32f767xx.o(.text)
    OTG_HS_EP1_IN_IRQHandler                 0x0800030f   Thumb Code     0  startup_stm32f767xx.o(.text)
    OTG_HS_EP1_OUT_IRQHandler                0x0800030f   Thumb Code     0  startup_stm32f767xx.o(.text)
    OTG_HS_IRQHandler                        0x0800030f   Thumb Code     0  startup_stm32f767xx.o(.text)
    OTG_HS_WKUP_IRQHandler                   0x0800030f   Thumb Code     0  startup_stm32f767xx.o(.text)
    PVD_IRQHandler                           0x0800030f   Thumb Code     0  startup_stm32f767xx.o(.text)
    QUADSPI_IRQHandler                       0x0800030f   Thumb Code     0  startup_stm32f767xx.o(.text)
    RCC_IRQHandler                           0x0800030f   Thumb Code     0  startup_stm32f767xx.o(.text)
    RNG_IRQHandler                           0x0800030f   Thumb Code     0  startup_stm32f767xx.o(.text)
    RTC_Alarm_IRQHandler                     0x0800030f   Thumb Code     0  startup_stm32f767xx.o(.text)
    RTC_WKUP_IRQHandler                      0x0800030f   Thumb Code     0  startup_stm32f767xx.o(.text)
    SAI1_IRQHandler                          0x0800030f   Thumb Code     0  startup_stm32f767xx.o(.text)
    SAI2_IRQHandler                          0x0800030f   Thumb Code     0  startup_stm32f767xx.o(.text)
    SDMMC1_IRQHandler                        0x0800030f   Thumb Code     0  startup_stm32f767xx.o(.text)
    SDMMC2_IRQHandler                        0x0800030f   Thumb Code     0  startup_stm32f767xx.o(.text)
    SPDIF_RX_IRQHandler                      0x0800030f   Thumb Code     0  startup_stm32f767xx.o(.text)
    SPI1_IRQHandler                          0x0800030f   Thumb Code     0  startup_stm32f767xx.o(.text)
    SPI2_IRQHandler                          0x0800030f   Thumb Code     0  startup_stm32f767xx.o(.text)
    SPI3_IRQHandler                          0x0800030f   Thumb Code     0  startup_stm32f767xx.o(.text)
    SPI4_IRQHandler                          0x0800030f   Thumb Code     0  startup_stm32f767xx.o(.text)
    SPI5_IRQHandler                          0x0800030f   Thumb Code     0  startup_stm32f767xx.o(.text)
    SPI6_IRQHandler                          0x0800030f   Thumb Code     0  startup_stm32f767xx.o(.text)
    TAMP_STAMP_IRQHandler                    0x0800030f   Thumb Code     0  startup_stm32f767xx.o(.text)
    TIM1_BRK_TIM9_IRQHandler                 0x0800030f   Thumb Code     0  startup_stm32f767xx.o(.text)
    TIM1_CC_IRQHandler                       0x0800030f   Thumb Code     0  startup_stm32f767xx.o(.text)
    TIM1_TRG_COM_TIM11_IRQHandler            0x0800030f   Thumb Code     0  startup_stm32f767xx.o(.text)
    TIM1_UP_TIM10_IRQHandler                 0x0800030f   Thumb Code     0  startup_stm32f767xx.o(.text)
    TIM2_IRQHandler                          0x0800030f   Thumb Code     0  startup_stm32f767xx.o(.text)
    TIM3_IRQHandler                          0x0800030f   Thumb Code     0  startup_stm32f767xx.o(.text)
    TIM4_IRQHandler                          0x0800030f   Thumb Code     0  startup_stm32f767xx.o(.text)
    TIM5_IRQHandler                          0x0800030f   Thumb Code     0  startup_stm32f767xx.o(.text)
    TIM6_DAC_IRQHandler                      0x0800030f   Thumb Code     0  startup_stm32f767xx.o(.text)
    TIM7_IRQHandler                          0x0800030f   Thumb Code     0  startup_stm32f767xx.o(.text)
    TIM8_BRK_TIM12_IRQHandler                0x0800030f   Thumb Code     0  startup_stm32f767xx.o(.text)
    TIM8_CC_IRQHandler                       0x0800030f   Thumb Code     0  startup_stm32f767xx.o(.text)
    TIM8_TRG_COM_TIM14_IRQHandler            0x0800030f   Thumb Code     0  startup_stm32f767xx.o(.text)
    TIM8_UP_TIM13_IRQHandler                 0x0800030f   Thumb Code     0  startup_stm32f767xx.o(.text)
    UART4_IRQHandler                         0x0800030f   Thumb Code     0  startup_stm32f767xx.o(.text)
    UART5_IRQHandler                         0x0800030f   Thumb Code     0  startup_stm32f767xx.o(.text)
    UART7_IRQHandler                         0x0800030f   Thumb Code     0  startup_stm32f767xx.o(.text)
    UART8_IRQHandler                         0x0800030f   Thumb Code     0  startup_stm32f767xx.o(.text)
    USART2_IRQHandler                        0x0800030f   Thumb Code     0  startup_stm32f767xx.o(.text)
    USART3_IRQHandler                        0x0800030f   Thumb Code     0  startup_stm32f767xx.o(.text)
    USART6_IRQHandler                        0x0800030f   Thumb Code     0  startup_stm32f767xx.o(.text)
    WWDG_IRQHandler                          0x0800030f   Thumb Code     0  startup_stm32f767xx.o(.text)
    __user_initial_stackheap                 0x08000311   Thumb Code     0  startup_stm32f767xx.o(.text)
    __use_no_semihosting                     0x0800033d   Thumb Code     2  use_no_semi_2.o(.text)
    __2printf                                0x08000341   Thumb Code    20  noretval__2printf.o(.text)
    __printf                                 0x08000359   Thumb Code   104  __printf.o(.text)
    _printf_int_dec                          0x080003c1   Thumb Code   104  _printf_dec.o(.text)
    __aeabi_memclr4                          0x08000439   Thumb Code     0  rt_memclr_w.o(.text)
    __aeabi_memclr8                          0x08000439   Thumb Code     0  rt_memclr_w.o(.text)
    __rt_memclr_w                            0x08000439   Thumb Code    78  rt_memclr_w.o(.text)
    _memset_w                                0x0800043d   Thumb Code     0  rt_memclr_w.o(.text)
    __use_two_region_memory                  0x08000487   Thumb Code     2  heapauxi.o(.text)
    __rt_heap_escrow$2region                 0x08000489   Thumb Code     2  heapauxi.o(.text)
    __rt_heap_expand$2region                 0x0800048b   Thumb Code     2  heapauxi.o(.text)
    __I$use$semihosting                      0x0800048d   Thumb Code     0  use_no_semi.o(.text)
    __use_no_semihosting_swi                 0x0800048d   Thumb Code     2  use_no_semi.o(.text)
    _printf_int_common                       0x0800048f   Thumb Code   178  _printf_intcommon.o(.text)
    _printf_char_file                        0x08000541   Thumb Code    32  _printf_char_file.o(.text)
    _printf_char_common                      0x0800056f   Thumb Code    32  _printf_char_common.o(.text)
    ferror                                   0x08000595   Thumb Code     8  ferror.o(.text)
    __user_setup_stackheap                   0x0800059d   Thumb Code    74  sys_stackheap_outer.o(.text)
    exit                                     0x080005e7   Thumb Code    18  exit.o(.text)
    __user_libspace                          0x080005f9   Thumb Code     8  libspace.o(.text)
    __user_perproc_libspace                  0x080005f9   Thumb Code     0  libspace.o(.text)
    __user_perthread_libspace                0x080005f9   Thumb Code     0  libspace.o(.text)
    OS_CPU_FP_Reg_Push                       0x08000601   Thumb Code     0  os_cpu_a.o(CODE)
    OS_CPU_FP_Reg_Pop                        0x0800061b   Thumb Code     0  os_cpu_a.o(CODE)
    OSStartHighRdy                           0x0800062d   Thumb Code     0  os_cpu_a.o(CODE)
    OSCtxSw                                  0x080006a9   Thumb Code     0  os_cpu_a.o(CODE)
    OSIntCtxSw                               0x080006b3   Thumb Code     0  os_cpu_a.o(CODE)
    PendSV_Handler                           0x080006bd   Thumb Code     0  os_cpu_a.o(CODE)
    BSP_CPU_ClkFreq                          0x08000719   Thumb Code    12  bsp.o(i.BSP_CPU_ClkFreq)
    BusFault_Handler                         0x08000725   Thumb Code     4  stm32f7xx_it_1.o(i.BusFault_Handler)
    CPU_Init                                 0x08000729   Thumb Code    16  cpu_core.o(i.CPU_Init)
    CPU_IntDisMeasMaxCurGet                  0x080007d9   Thumb Code    40  cpu_core.o(i.CPU_IntDisMeasMaxCurGet)
    CPU_IntDisMeasMaxCurReset                0x08000805   Thumb Code    40  cpu_core.o(i.CPU_IntDisMeasMaxCurReset)
    CPU_IntDisMeasMaxGet                     0x08000831   Thumb Code    40  cpu_core.o(i.CPU_IntDisMeasMaxGet)
    CPU_IntDisMeasStart                      0x0800085d   Thumb Code    38  cpu_core.o(i.CPU_IntDisMeasStart)
    CPU_IntDisMeasStop                       0x08000891   Thumb Code    62  cpu_core.o(i.CPU_IntDisMeasStop)
    CPU_NameClr                              0x080008e5   Thumb Code    50  cpu_core.o(i.CPU_NameClr)
    CPU_TS_TmrFreqSet                        0x08000939   Thumb Code     6  cpu_core.o(i.CPU_TS_TmrFreqSet)
    CPU_TS_TmrInit                           0x08000945   Thumb Code    44  bsp.o(i.CPU_TS_TmrInit)
    CPU_TS_TmrRd                             0x08000979   Thumb Code     6  bsp.o(i.CPU_TS_TmrRd)
    Cache_Enable                             0x08000985   Thumb Code   112  sys.o(i.Cache_Enable)
    Communicate_task                         0x080009fd   Thumb Code    70  main.o(i.Communicate_task)
    DebugMon_Handler                         0x08000b4f   Thumb Code     2  stm32f7xx_it_1.o(i.DebugMon_Handler)
    HAL_DMA_Abort_IT                         0x08000b51   Thumb Code    40  stm32f7xx_hal_dma.o(i.HAL_DMA_Abort_IT)
    HAL_DMA_DeInit                           0x08000b79   Thumb Code    98  stm32f7xx_hal_dma.o(i.HAL_DMA_DeInit)
    HAL_DMA_Init                             0x08000bdd   Thumb Code   228  stm32f7xx_hal_dma.o(i.HAL_DMA_Init)
    HAL_GPIO_Init                            0x08000cc5   Thumb Code   484  stm32f7xx_hal_gpio.o(i.HAL_GPIO_Init)
    HAL_GPIO_ReadPin                         0x08000edd   Thumb Code    16  stm32f7xx_hal_gpio.o(i.HAL_GPIO_ReadPin)
    HAL_GPIO_WritePin                        0x08000eed   Thumb Code    12  stm32f7xx_hal_gpio.o(i.HAL_GPIO_WritePin)
    HAL_GetTick                              0x08000ef9   Thumb Code     6  stm32f7xx_hal.o(i.HAL_GetTick)
    HAL_IncTick                              0x08000f05   Thumb Code    12  stm32f7xx_hal.o(i.HAL_IncTick)
    HAL_Init                                 0x08000f15   Thumb Code    34  stm32f7xx_hal.o(i.HAL_Init)
    HAL_InitTick                             0x08000f3d   Thumb Code    36  stm32f7xx_hal.o(i.HAL_InitTick)
    HAL_MspInit                              0x08000f65   Thumb Code     2  stm32f7xx_hal_msp_1.o(i.HAL_MspInit)
    HAL_NVIC_EnableIRQ                       0x08000f67   Thumb Code    26  stm32f7xx_hal_cortex.o(i.HAL_NVIC_EnableIRQ)
    HAL_NVIC_SetPriority                     0x08000f81   Thumb Code   124  stm32f7xx_hal_cortex.o(i.HAL_NVIC_SetPriority)
    HAL_NVIC_SetPriorityGrouping             0x08000ffd   Thumb Code    32  stm32f7xx_hal_cortex.o(i.HAL_NVIC_SetPriorityGrouping)
    HAL_PWREx_EnableOverDrive                0x08001025   Thumb Code   136  stm32f7xx_hal_pwr_ex.o(i.HAL_PWREx_EnableOverDrive)
    HAL_RCC_ClockConfig                      0x080010b5   Thumb Code   420  stm32f7xx_hal_rcc.o(i.HAL_RCC_ClockConfig)
    HAL_RCC_GetHCLKFreq                      0x08001269   Thumb Code     6  stm32f7xx_hal_rcc.o(i.HAL_RCC_GetHCLKFreq)
    HAL_RCC_GetPCLK1Freq                     0x08001275   Thumb Code    36  stm32f7xx_hal_rcc.o(i.HAL_RCC_GetPCLK1Freq)
    HAL_RCC_GetPCLK2Freq                     0x080012a1   Thumb Code    36  stm32f7xx_hal_rcc.o(i.HAL_RCC_GetPCLK2Freq)
    HAL_RCC_GetSysClockFreq                  0x080012cd   Thumb Code   168  stm32f7xx_hal_rcc.o(i.HAL_RCC_GetSysClockFreq)
    HAL_RCC_OscConfig                        0x08001381   Thumb Code  1228  stm32f7xx_hal_rcc_ex.o(i.HAL_RCC_OscConfig)
    HAL_SYSTICK_CLKSourceConfig              0x08001851   Thumb Code    40  stm32f7xx_hal_cortex.o(i.HAL_SYSTICK_CLKSourceConfig)
    HAL_SYSTICK_Config                       0x08001879   Thumb Code    52  stm32f7xx_hal_cortex.o(i.HAL_SYSTICK_Config)
    HAL_UART_ErrorCallback                   0x080018ad   Thumb Code     2  stm32f7xx_hal_uart.o(i.HAL_UART_ErrorCallback)
    HAL_UART_IRQHandler                      0x080018b1   Thumb Code   344  stm32f7xx_hal_uart.o(i.HAL_UART_IRQHandler)
    HAL_UART_Init                            0x08001a0d   Thumb Code   120  stm32f7xx_hal_uart.o(i.HAL_UART_Init)
    HAL_UART_MspInit                         0x08001a85   Thumb Code    18  uart_interface.o(i.HAL_UART_MspInit)
    HAL_UART_Receive_IT                      0x08001a9d   Thumb Code   200  stm32f7xx_hal_uart.o(i.HAL_UART_Receive_IT)
    HAL_UART_RxCpltCallback                  0x08001b65   Thumb Code   144  uart_interface.o(i.HAL_UART_RxCpltCallback)
    HAL_UART_TxCpltCallback                  0x08001c0d   Thumb Code     2  stm32f7xx_hal_uart.o(i.HAL_UART_TxCpltCallback)
    HardFault_Handler                        0x08001c0f   Thumb Code     4  stm32f7xx_it_1.o(i.HardFault_Handler)
    KEY_Init                                 0x08001c15   Thumb Code   150  key.o(i.KEY_Init)
    KEY_Scan                                 0x08001cbd   Thumb Code   192  key.o(i.KEY_Scan)
    LED_Init                                 0x08001d8d   Thumb Code    78  led.o(i.LED_Init)
    Manual_task                              0x08001de5   Thumb Code    86  main.o(i.Manual_task)
    MemManage_Handler                        0x08001e5d   Thumb Code     4  stm32f7xx_it_1.o(i.MemManage_Handler)
    Mem_Clr                                  0x08001e61   Thumb Code    18  lib_mem.o(i.Mem_Clr)
    Mem_Set                                  0x08001e73   Thumb Code    84  lib_mem.o(i.Mem_Set)
    NMI_Handler                              0x08001ec7   Thumb Code     2  stm32f7xx_it_1.o(i.NMI_Handler)
    OSCfg_Init                               0x08001f01   Thumb Code     2  os_cfg_app.o(i.OSCfg_Init)
    OSIdleTaskHook                           0x08001f05   Thumb Code    16  os_cpu_c.o(i.OSIdleTaskHook)
    OSInit                                   0x08001f19   Thumb Code   258  os_core.o(i.OSInit)
    OSInitHook                               0x08002065   Thumb Code    28  os_cpu_c.o(i.OSInitHook)
    OSIntEnter                               0x0800208d   Thumb Code    34  os_core.o(i.OSIntEnter)
    OSIntExit                                0x080020b9   Thumb Code   188  os_core.o(i.OSIntExit)
    OSMutexCreate                            0x08002195   Thumb Code    98  os_mutex.o(i.OSMutexCreate)
    OSMutexPend                              0x08002201   Thumb Code   480  os_mutex.o(i.OSMutexPend)
    OSMutexPost                              0x080023ed   Thumb Code   366  os_mutex.o(i.OSMutexPost)
    OSSched                                  0x08002569   Thumb Code   134  os_core.o(i.OSSched)
    OSSchedLock                              0x0800260d   Thumb Code    92  os_core.o(i.OSSchedLock)
    OSSchedUnlock                            0x08002671   Thumb Code   128  os_core.o(i.OSSchedUnlock)
    OSStart                                  0x080026f9   Thumb Code    78  os_core.o(i.OSStart)
    OSStatReset                              0x08002761   Thumb Code   294  os_stat.o(i.OSStatReset)
    OSStatTaskCPUUsageInit                   0x080028a9   Thumb Code   228  os_stat.o(i.OSStatTaskCPUUsageInit)
    OSStatTaskHook                           0x080029a9   Thumb Code    16  os_cpu_c.o(i.OSStatTaskHook)
    OSTaskCreate                             0x080029bd   Thumb Code   312  os_task.o(i.OSTaskCreate)
    OSTaskCreateHook                         0x08002b01   Thumb Code    20  os_cpu_c.o(i.OSTaskCreateHook)
    OSTaskDel                                0x08002b19   Thumb Code   400  os_task.o(i.OSTaskDel)
    OSTaskDelHook                            0x08002cb5   Thumb Code    20  os_cpu_c.o(i.OSTaskDelHook)
    OSTaskResume                             0x08002ccd   Thumb Code    54  os_task.o(i.OSTaskResume)
    OSTaskReturnHook                         0x08002d05   Thumb Code    20  os_cpu_c.o(i.OSTaskReturnHook)
    OSTaskSemPend                            0x08002d1d   Thumb Code   448  os_task.o(i.OSTaskSemPend)
    OSTaskSemPost                            0x08002ee5   Thumb Code    36  os_task.o(i.OSTaskSemPost)
    OSTaskStkChk                             0x08002f09   Thumb Code   184  os_task.o(i.OSTaskStkChk)
    OSTaskStkInit                            0x08002fc5   Thumb Code   600  os_cpu_c.o(i.OSTaskStkInit)
    OSTaskSuspend                            0x08003289   Thumb Code    32  os_task.o(i.OSTaskSuspend)
    OSTaskSwHook                             0x080032ad   Thumb Code   160  os_cpu_c.o(i.OSTaskSwHook)
    OSTimeDly                                0x08003359   Thumb Code   168  os_time.o(i.OSTimeDly)
    OSTimeDlyHMSM                            0x08003409   Thumb Code   262  os_time.o(i.OSTimeDlyHMSM)
    OSTimeTick                               0x0800351d   Thumb Code    50  os_time.o(i.OSTimeTick)
    OSTimeTickHook                           0x08003561   Thumb Code    16  os_cpu_c.o(i.OSTimeTickHook)
    OS_Dbg_Init                              0x08003575   Thumb Code   146  os_dbg.o(i.OS_Dbg_Init)
    OS_FlagInit                              0x0800371d   Thumb Code    14  os_flag.o(i.OS_FlagInit)
    OS_IdleTask                              0x08003735   Thumb Code    66  os_core.o(i.OS_IdleTask)
    OS_IdleTaskInit                          0x08003781   Thumb Code    66  os_core.o(i.OS_IdleTaskInit)
    OS_MemInit                               0x080037f1   Thumb Code    14  os_mem.o(i.OS_MemInit)
    OS_MsgPoolInit                           0x08003809   Thumb Code    80  os_msg.o(i.OS_MsgPoolInit)
    OS_MsgQFreeAll                           0x08003865   Thumb Code    62  os_msg.o(i.OS_MsgQFreeAll)
    OS_MsgQInit                              0x080038a9   Thumb Code    14  os_msg.o(i.OS_MsgQInit)
    OS_MutexDbgListAdd                       0x080038b9   Thumb Code    38  os_mutex.o(i.OS_MutexDbgListAdd)
    OS_MutexGrpAdd                           0x080038e9   Thumb Code     8  os_mutex.o(i.OS_MutexGrpAdd)
    OS_MutexGrpPostAll                       0x080038f1   Thumb Code    96  os_mutex.o(i.OS_MutexGrpPostAll)
    OS_MutexGrpPrioFindHighest               0x08003951   Thumb Code    44  os_mutex.o(i.OS_MutexGrpPrioFindHighest)
    OS_MutexGrpRemove                        0x0800397d   Thumb Code    28  os_mutex.o(i.OS_MutexGrpRemove)
    OS_MutexInit                             0x08003999   Thumb Code    14  os_mutex.o(i.OS_MutexInit)
    OS_Pend                                  0x080039b1   Thumb Code   100  os_core.o(i.OS_Pend)
    OS_PendDataInit                          0x08003a19   Thumb Code    40  os_core.o(i.OS_PendDataInit)
    OS_PendDbgNameAdd                        0x08003a41   Thumb Code    66  os_core.o(i.OS_PendDbgNameAdd)
    OS_PendDbgNameRemove                     0x08003a9d   Thumb Code    30  os_core.o(i.OS_PendDbgNameRemove)
    OS_PendListChangePrio                    0x08003ac1   Thumb Code    58  os_core.o(i.OS_PendListChangePrio)
    OS_PendListInit                          0x08003afb   Thumb Code    10  os_core.o(i.OS_PendListInit)
    OS_PendListInsertPrio                    0x08003b05   Thumb Code   102  os_core.o(i.OS_PendListInsertPrio)
    OS_PendListRemove                        0x08003b6b   Thumb Code    52  os_core.o(i.OS_PendListRemove)
    OS_PendListRemove1                       0x08003b9f   Thumb Code    66  os_core.o(i.OS_PendListRemove1)
    OS_Post                                  0x08003be1   Thumb Code   214  os_core.o(i.OS_Post)
    OS_Post1                                 0x08003cb7   Thumb Code    44  os_core.o(i.OS_Post1)
    OS_PrioGetHighest                        0x08003ce5   Thumb Code    36  os_prio.o(i.OS_PrioGetHighest)
    OS_PrioInit                              0x08003d0d   Thumb Code    20  os_prio.o(i.OS_PrioInit)
    OS_PrioInsert                            0x08003d25   Thumb Code    32  os_prio.o(i.OS_PrioInsert)
    OS_PrioRemove                            0x08003d49   Thumb Code    32  os_prio.o(i.OS_PrioRemove)
    OS_QInit                                 0x08003d6d   Thumb Code    14  os_q.o(i.OS_QInit)
    OS_RdyListInit                           0x08003d85   Thumb Code    32  os_core.o(i.OS_RdyListInit)
    OS_RdyListInsert                         0x08003da9   Thumb Code    40  os_core.o(i.OS_RdyListInsert)
    OS_RdyListInsertHead                     0x08003dd5   Thumb Code    58  os_core.o(i.OS_RdyListInsertHead)
    OS_RdyListInsertTail                     0x08003e15   Thumb Code    56  os_core.o(i.OS_RdyListInsertTail)
    OS_RdyListRemove                         0x08003e51   Thumb Code    86  os_core.o(i.OS_RdyListRemove)
    OS_SemInit                               0x08003ead   Thumb Code    14  os_sem.o(i.OS_SemInit)
    OS_StatTask                              0x08003ec5   Thumb Code   738  os_stat.o(i.OS_StatTask)
    OS_StatTaskInit                          0x080041e9   Thumb Code   136  os_stat.o(i.OS_StatTaskInit)
    OS_TaskBlock                             0x080042b5   Thumb Code    40  os_core.o(i.OS_TaskBlock)
    OS_TaskChangePrio                        0x080042e1   Thumb Code   232  os_task.o(i.OS_TaskChangePrio)
    OS_TaskDbgListAdd                        0x080043cd   Thumb Code    42  os_task.o(i.OS_TaskDbgListAdd)
    OS_TaskDbgListRemove                     0x080043fd   Thumb Code    64  os_task.o(i.OS_TaskDbgListRemove)
    OS_TaskInit                              0x08004441   Thumb Code    18  os_task.o(i.OS_TaskInit)
    OS_TaskInitTCB                           0x08004461   Thumb Code   182  os_task.o(i.OS_TaskInitTCB)
    OS_TaskResume                            0x08004525   Thumb Code   284  os_task.o(i.OS_TaskResume)
    OS_TaskReturn                            0x08004641   Thumb Code    20  os_task.o(i.OS_TaskReturn)
    OS_TaskSemPost                           0x08004659   Thumb Code   492  os_task.o(i.OS_TaskSemPost)
    OS_TaskSuspend                           0x08004849   Thumb Code   304  os_task.o(i.OS_TaskSuspend)
    OS_TickListInsert                        0x08004981   Thumb Code   134  os_tick.o(i.OS_TickListInsert)
    OS_TickListInsertDly                     0x08004a09   Thumb Code   180  os_tick.o(i.OS_TickListInsertDly)
    OS_TickListRemove                        0x08004ac5   Thumb Code    88  os_tick.o(i.OS_TickListRemove)
    OS_TickTask                              0x08004cd9   Thumb Code    98  os_tick.o(i.OS_TickTask)
    OS_TickTaskInit                          0x08004d45   Thumb Code   140  os_tick.o(i.OS_TickTaskInit)
    OS_TmrInit                               0x08004e0d   Thumb Code   200  os_tmr.o(i.OS_TmrInit)
    OS_TmrTask                               0x08004f59   Thumb Code   134  os_tmr.o(i.OS_TmrTask)
    OS_TmrUnlink                             0x08004fed   Thumb Code    58  os_tmr.o(i.OS_TmrUnlink)
    SVC_Handler                              0x080050e1   Thumb Code     2  stm32f7xx_it_1.o(i.SVC_Handler)
    Stm32_Clock_Init                         0x080050e5   Thumb Code   170  sys.o(i.Stm32_Clock_Init)
    SysTick_Handler                          0x08005199   Thumb Code    28  delay.o(i.SysTick_Handler)
    SystemInit                               0x080051b9   Thumb Code    82  system_stm32f7xx_1.o(i.SystemInit)
    UART_AdvFeatureConfig                    0x0800521d   Thumb Code   234  stm32f7xx_hal_uart.o(i.UART_AdvFeatureConfig)
    UART_CheckIdleState                      0x08005307   Thumb Code   116  stm32f7xx_hal_uart.o(i.UART_CheckIdleState)
    UART_DMA_init                            0x08005395   Thumb Code   138  uart_interface.o(i.UART_DMA_init)
    UART_Init                                0x080054f9   Thumb Code   156  uart_interface.o(i.UART_Init)
    UART_SetConfig                           0x0800562d   Thumb Code   858  stm32f7xx_hal_uart.o(i.UART_SetConfig)
    UART_WaitOnFlagUntilTimeout              0x08005a23   Thumb Code   108  stm32f7xx_hal_uart.o(i.UART_WaitOnFlagUntilTimeout)
    USART1_IRQHandler                        0x08005a91   Thumb Code    28  uart_interface.o(i.USART1_IRQHandler)
    UsageFault_Handler                       0x08005b45   Thumb Code     4  stm32f7xx_it_1.o(i.UsageFault_Handler)
    _sys_exit                                0x08005b49   Thumb Code     4  uart_interface.o(i._sys_exit)
    delay_init                               0x08005b4d   Thumb Code    74  delay.o(i.delay_init)
    delay_ms                                 0x08005ba9   Thumb Code    66  delay.o(i.delay_ms)
    delay_osschedlock                        0x08005bf9   Thumb Code    10  delay.o(i.delay_osschedlock)
    delay_osschedunlock                      0x08005c03   Thumb Code    10  delay.o(i.delay_osschedunlock)
    delay_ostimedly                          0x08005c0d   Thumb Code    16  delay.o(i.delay_ostimedly)
    delay_us                                 0x08005c1d   Thumb Code    84  delay.o(i.delay_us)
    fputc                                    0x08005c75   Thumb Code    22  uart_interface.o(i.fputc)
    main                                     0x08005c91   Thumb Code   136  main.o(i.main)
    start_task                               0x08005d35   Thumb Code   164  main.o(i.start_task)
    _fp_init                                 0x08005e19   Thumb Code    10  fpinit.o(x$fpl$fpinit)
    __fplib_config_fpu_vfp                   0x08005e21   Thumb Code     0  fpinit.o(x$fpl$fpinit)
    __fplib_config_pureend_doubles           0x08005e21   Thumb Code     0  fpinit.o(x$fpl$fpinit)
    AHBPrescTable                            0x08005e22   Data          16  system_stm32f7xx_1.o(.constdata)
    APBPrescTable                            0x08005e32   Data           8  system_stm32f7xx_1.o(.constdata)
    OSCfg_IdleTaskStkBasePtr                 0x08005e44   Data           4  os_cfg_app.o(.constdata)
    OSCfg_IdleTaskStkLimit                   0x08005e48   Data           4  os_cfg_app.o(.constdata)
    OSCfg_IdleTaskStkSize                    0x08005e4c   Data           4  os_cfg_app.o(.constdata)
    OSCfg_IdleTaskStkSizeRAM                 0x08005e50   Data           4  os_cfg_app.o(.constdata)
    OSCfg_IntQBasePtr                        0x08005e54   Data           4  os_cfg_app.o(.constdata)
    OSCfg_IntQSize                           0x08005e58   Data           2  os_cfg_app.o(.constdata)
    OSCfg_IntQSizeRAM                        0x08005e5c   Data           4  os_cfg_app.o(.constdata)
    OSCfg_IntQTaskStkBasePtr                 0x08005e60   Data           4  os_cfg_app.o(.constdata)
    OSCfg_IntQTaskStkLimit                   0x08005e64   Data           4  os_cfg_app.o(.constdata)
    OSCfg_IntQTaskStkSize                    0x08005e68   Data           4  os_cfg_app.o(.constdata)
    OSCfg_IntQTaskStkSizeRAM                 0x08005e6c   Data           4  os_cfg_app.o(.constdata)
    OSCfg_ISRStkBasePtr                      0x08005e70   Data           4  os_cfg_app.o(.constdata)
    OSCfg_ISRStkSize                         0x08005e74   Data           4  os_cfg_app.o(.constdata)
    OSCfg_ISRStkSizeRAM                      0x08005e78   Data           4  os_cfg_app.o(.constdata)
    OSCfg_MsgPoolSize                        0x08005e7c   Data           2  os_cfg_app.o(.constdata)
    OSCfg_MsgPoolSizeRAM                     0x08005e80   Data           4  os_cfg_app.o(.constdata)
    OSCfg_MsgPoolBasePtr                     0x08005e84   Data           4  os_cfg_app.o(.constdata)
    OSCfg_StatTaskPrio                       0x08005e88   Data           1  os_cfg_app.o(.constdata)
    OSCfg_StatTaskRate_Hz                    0x08005e8c   Data           4  os_cfg_app.o(.constdata)
    OSCfg_StatTaskStkBasePtr                 0x08005e90   Data           4  os_cfg_app.o(.constdata)
    OSCfg_StatTaskStkLimit                   0x08005e94   Data           4  os_cfg_app.o(.constdata)
    OSCfg_StatTaskStkSize                    0x08005e98   Data           4  os_cfg_app.o(.constdata)
    OSCfg_StatTaskStkSizeRAM                 0x08005e9c   Data           4  os_cfg_app.o(.constdata)
    OSCfg_StkSizeMin                         0x08005ea0   Data           4  os_cfg_app.o(.constdata)
    OSCfg_TickRate_Hz                        0x08005ea4   Data           4  os_cfg_app.o(.constdata)
    OSCfg_TickTaskPrio                       0x08005ea8   Data           1  os_cfg_app.o(.constdata)
    OSCfg_TickTaskStkBasePtr                 0x08005eac   Data           4  os_cfg_app.o(.constdata)
    OSCfg_TickTaskStkLimit                   0x08005eb0   Data           4  os_cfg_app.o(.constdata)
    OSCfg_TickTaskStkSize                    0x08005eb4   Data           4  os_cfg_app.o(.constdata)
    OSCfg_TickTaskStkSizeRAM                 0x08005eb8   Data           4  os_cfg_app.o(.constdata)
    OSCfg_TmrTaskPrio                        0x08005ebc   Data           1  os_cfg_app.o(.constdata)
    OSCfg_TmrTaskRate_Hz                     0x08005ec0   Data           4  os_cfg_app.o(.constdata)
    OSCfg_TmrTaskStkBasePtr                  0x08005ec4   Data           4  os_cfg_app.o(.constdata)
    OSCfg_TmrTaskStkLimit                    0x08005ec8   Data           4  os_cfg_app.o(.constdata)
    OSCfg_TmrTaskStkSize                     0x08005ecc   Data           4  os_cfg_app.o(.constdata)
    OSCfg_TmrTaskStkSizeRAM                  0x08005ed0   Data           4  os_cfg_app.o(.constdata)
    OSCfg_DataSizeRAM                        0x08005ed4   Data           4  os_cfg_app.o(.constdata)
    OSDbg_DbgEn                              0x08005ed8   Data           1  os_dbg.o(.constdata)
    OSDbg_ArgChkEn                           0x08005ed9   Data           1  os_dbg.o(.constdata)
    OSDbg_AppHooksEn                         0x08005eda   Data           1  os_dbg.o(.constdata)
    OSDbg_EndiannessTest                     0x08005edc   Data           4  os_dbg.o(.constdata)
    OSDbg_CalledFromISRChkEn                 0x08005ee0   Data           1  os_dbg.o(.constdata)
    OSDbg_FlagEn                             0x08005ee1   Data           1  os_dbg.o(.constdata)
    OSDbg_FlagGrp                            0x08005ee4   Data          40  os_dbg.o(.constdata)
    OSDbg_FlagDelEn                          0x08005f0c   Data           1  os_dbg.o(.constdata)
    OSDbg_FlagModeClrEn                      0x08005f0d   Data           1  os_dbg.o(.constdata)
    OSDbg_FlagPendAbortEn                    0x08005f0e   Data           1  os_dbg.o(.constdata)
    OSDbg_FlagGrpSize                        0x08005f10   Data           2  os_dbg.o(.constdata)
    OSDbg_FlagWidth                          0x08005f12   Data           2  os_dbg.o(.constdata)
    OSDbg_IntQ                               0x08005f14   Data           2  os_dbg.o(.constdata)
    OSDbg_ISRPostDeferredEn                  0x08005f16   Data           1  os_dbg.o(.constdata)
    OSDbg_Mem                                0x08005f18   Data          32  os_dbg.o(.constdata)
    OSDbg_MemEn                              0x08005f38   Data           1  os_dbg.o(.constdata)
    OSDbg_MemSize                            0x08005f3a   Data           2  os_dbg.o(.constdata)
    OSDbg_MsgEn                              0x08005f3c   Data           1  os_dbg.o(.constdata)
    OSDbg_MsgSize                            0x08005f3e   Data           2  os_dbg.o(.constdata)
    OSDbg_MsgPoolSize                        0x08005f40   Data           2  os_dbg.o(.constdata)
    OSDbg_MsgQSize                           0x08005f42   Data           2  os_dbg.o(.constdata)
    OSDbg_Mutex                              0x08005f44   Data          48  os_dbg.o(.constdata)
    OSDbg_MutexEn                            0x08005f74   Data           1  os_dbg.o(.constdata)
    OSDbg_MutexDelEn                         0x08005f75   Data           1  os_dbg.o(.constdata)
    OSDbg_MutexPendAbortEn                   0x08005f76   Data           1  os_dbg.o(.constdata)
    OSDbg_MutexSize                          0x08005f78   Data           2  os_dbg.o(.constdata)
    OSDbg_ObjTypeChkEn                       0x08005f7a   Data           1  os_dbg.o(.constdata)
    OSDbg_PendMultiEn                        0x08005f7b   Data           1  os_dbg.o(.constdata)
    OSDbg_PendDataSize                       0x08005f7c   Data           2  os_dbg.o(.constdata)
    OSDbg_PendListSize                       0x08005f7e   Data           2  os_dbg.o(.constdata)
    OSDbg_PendObjSize                        0x08005f80   Data           2  os_dbg.o(.constdata)
    OSDbg_PrioMax                            0x08005f82   Data           2  os_dbg.o(.constdata)
    OSDbg_PrioTblSize                        0x08005f84   Data           2  os_dbg.o(.constdata)
    OSDbg_PtrSize                            0x08005f86   Data           2  os_dbg.o(.constdata)
    OSDbg_Q                                  0x08005f88   Data          48  os_dbg.o(.constdata)
    OSDbg_QEn                                0x08005fb8   Data           1  os_dbg.o(.constdata)
    OSDbg_QDelEn                             0x08005fb9   Data           1  os_dbg.o(.constdata)
    OSDbg_QFlushEn                           0x08005fba   Data           1  os_dbg.o(.constdata)
    OSDbg_QPendAbortEn                       0x08005fbb   Data           1  os_dbg.o(.constdata)
    OSDbg_QSize                              0x08005fbc   Data           2  os_dbg.o(.constdata)
    OSDbg_SchedRoundRobinEn                  0x08005fbe   Data           1  os_dbg.o(.constdata)
    OSDbg_Sem                                0x08005fc0   Data          40  os_dbg.o(.constdata)
    OSDbg_SemEn                              0x08005fe8   Data           1  os_dbg.o(.constdata)
    OSDbg_SemDelEn                           0x08005fe9   Data           1  os_dbg.o(.constdata)
    OSDbg_SemPendAbortEn                     0x08005fea   Data           1  os_dbg.o(.constdata)
    OSDbg_SemSetEn                           0x08005feb   Data           1  os_dbg.o(.constdata)
    OSDbg_SemSize                            0x08005fec   Data           2  os_dbg.o(.constdata)
    OSDbg_RdyList                            0x08005fee   Data           2  os_dbg.o(.constdata)
    OSDbg_RdyListSize                        0x08005ff0   Data           4  os_dbg.o(.constdata)
    OSDbg_StkWidth                           0x08005ff4   Data           1  os_dbg.o(.constdata)
    OSDbg_StatTaskEn                         0x08005ff5   Data           1  os_dbg.o(.constdata)
    OSDbg_StatTaskStkChkEn                   0x08005ff6   Data           1  os_dbg.o(.constdata)
    OSDbg_TaskChangePrioEn                   0x08005ff7   Data           1  os_dbg.o(.constdata)
    OSDbg_TaskDelEn                          0x08005ff8   Data           1  os_dbg.o(.constdata)
    OSDbg_TaskQEn                            0x08005ff9   Data           1  os_dbg.o(.constdata)
    OSDbg_TaskQPendAbortEn                   0x08005ffa   Data           1  os_dbg.o(.constdata)
    OSDbg_TaskProfileEn                      0x08005ffb   Data           1  os_dbg.o(.constdata)
    OSDbg_TaskRegTblSize                     0x08005ffc   Data           2  os_dbg.o(.constdata)
    OSDbg_TaskSemPendAbortEn                 0x08005ffe   Data           1  os_dbg.o(.constdata)
    OSDbg_TaskSuspendEn                      0x08005fff   Data           1  os_dbg.o(.constdata)
    OSDbg_TCBSize                            0x08006000   Data           2  os_dbg.o(.constdata)
    OSDbg_TickListSize                       0x08006002   Data           2  os_dbg.o(.constdata)
    OSDbg_TimeDlyHMSMEn                      0x08006004   Data           1  os_dbg.o(.constdata)
    OSDbg_TimeDlyResumeEn                    0x08006005   Data           1  os_dbg.o(.constdata)
    OSDbg_TLS_TblSize                        0x08006006   Data           2  os_dbg.o(.constdata)
    OSDbg_Tmr                                0x08006008   Data          48  os_dbg.o(.constdata)
    OSDbg_TmrEn                              0x08006038   Data           1  os_dbg.o(.constdata)
    OSDbg_TmrDelEn                           0x08006039   Data           1  os_dbg.o(.constdata)
    OSDbg_TmrSize                            0x0800603a   Data           2  os_dbg.o(.constdata)
    OSDbg_VersionNbr                         0x0800603c   Data           2  os_dbg.o(.constdata)
    OSDbg_DataSize                           0x08006040   Data           4  os_dbg.o(.constdata)
    Region$$Table$$Base                      0x08006044   Number         0  anon$$obj.o(Region$$Table)
    Region$$Table$$Limit                     0x08006064   Number         0  anon$$obj.o(Region$$Table)
    SystemCoreClock                          0x20020008   Data           4  system_stm32f7xx_1.o(.data)
    __stdout                                 0x20020010   Data           4  uart_interface.o(.data)
    uwTick                                   0x2002003c   Data           4  stm32f7xx_hal.o(.data)
    CPU_TS_TmrFreq_Hz                        0x20020040   Data           4  cpu_core.o(.data)
    CPU_IntDisMeasCtr                        0x20020044   Data           2  cpu_core.o(.data)
    CPU_IntDisNestCtr                        0x20020046   Data           2  cpu_core.o(.data)
    CPU_IntDisMeasStart_cnts                 0x20020048   Data           4  cpu_core.o(.data)
    CPU_IntDisMeasStop_cnts                  0x2002004c   Data           4  cpu_core.o(.data)
    CPU_IntDisMeasOvrhd_cnts                 0x20020050   Data           4  cpu_core.o(.data)
    CPU_IntDisMeasMaxCur_cnts                0x20020054   Data           4  cpu_core.o(.data)
    CPU_IntDisMeasMax_cnts                   0x20020058   Data           4  cpu_core.o(.data)
    OSPrioTbl                                0x2002005c   Data           8  os_prio.o(.data)
    OS_AppTaskCreateHookPtr                  0x20020064   Data           4  os_var.o(.data)
    OS_AppTaskDelHookPtr                     0x20020068   Data           4  os_var.o(.data)
    OS_AppTaskReturnHookPtr                  0x2002006c   Data           4  os_var.o(.data)
    OS_AppIdleTaskHookPtr                    0x20020070   Data           4  os_var.o(.data)
    OS_AppStatTaskHookPtr                    0x20020074   Data           4  os_var.o(.data)
    OS_AppTaskSwHookPtr                      0x20020078   Data           4  os_var.o(.data)
    OS_AppTimeTickHookPtr                    0x2002007c   Data           4  os_var.o(.data)
    OSIdleTaskCtr                            0x20020080   Data           4  os_var.o(.data)
    OSIntNestingCtr                          0x20020084   Data           1  os_var.o(.data)
    OSIntDisTimeMax                          0x20020088   Data           4  os_var.o(.data)
    OSRunning                                0x2002008c   Data           1  os_var.o(.data)
    OSFlagDbgListPtr                         0x20020090   Data           4  os_var.o(.data)
    OSFlagQty                                0x20020094   Data           2  os_var.o(.data)
    OSMemDbgListPtr                          0x20020098   Data           4  os_var.o(.data)
    OSMemQty                                 0x2002009c   Data           2  os_var.o(.data)
    OSMutexDbgListPtr                        0x200200a0   Data           4  os_var.o(.data)
    OSMutexQty                               0x200200a4   Data           2  os_var.o(.data)
    OSPrioCur                                0x200200a6   Data           1  os_var.o(.data)
    OSPrioHighRdy                            0x200200a7   Data           1  os_var.o(.data)
    OSPrioSaved                              0x200200a8   Data           1  os_var.o(.data)
    OSQDbgListPtr                            0x200200ac   Data           4  os_var.o(.data)
    OSQQty                                   0x200200b0   Data           2  os_var.o(.data)
    OSSchedLockNestingCtr                    0x200200b2   Data           1  os_var.o(.data)
    OSSemDbgListPtr                          0x200200b4   Data           4  os_var.o(.data)
    OSSemQty                                 0x200200b8   Data           2  os_var.o(.data)
    OSStatResetFlag                          0x200200ba   Data           1  os_var.o(.data)
    OSStatTaskCPUUsage                       0x200200bc   Data           2  os_var.o(.data)
    OSStatTaskCPUUsageMax                    0x200200be   Data           2  os_var.o(.data)
    OSStatTaskCtr                            0x200200c0   Data           4  os_var.o(.data)
    OSStatTaskCtrMax                         0x200200c4   Data           4  os_var.o(.data)
    OSStatTaskCtrRun                         0x200200c8   Data           4  os_var.o(.data)
    OSStatTaskRdy                            0x200200cc   Data           1  os_var.o(.data)
    OSStatTaskTimeMax                        0x200200d0   Data           4  os_var.o(.data)
    OSTaskCtxSwCtr                           0x200200d4   Data           4  os_var.o(.data)
    OSTaskDbgListPtr                         0x200200d8   Data           4  os_var.o(.data)
    OSTaskQty                                0x200200dc   Data           2  os_var.o(.data)
    OSTaskRegNextAvailID                     0x200200de   Data           1  os_var.o(.data)
    OSTickCtr                                0x200200e0   Data           4  os_var.o(.data)
    OSTickTaskTimeMax                        0x200200e4   Data           4  os_var.o(.data)
    OSTickListDly                            0x200200e8   Data           8  os_var.o(.data)
    OSTickListTimeout                        0x200200f0   Data           8  os_var.o(.data)
    OSTmrDbgListPtr                          0x200200f8   Data           4  os_var.o(.data)
    OSTmrListEntries                         0x200200fc   Data           2  os_var.o(.data)
    OSTmrListPtr                             0x20020100   Data           4  os_var.o(.data)
    OSTmrQty                                 0x20020104   Data           2  os_var.o(.data)
    OSTmrTaskTimeMax                         0x20020108   Data           4  os_var.o(.data)
    OSTmrTickCtr                             0x2002010c   Data           4  os_var.o(.data)
    OSTmrUpdateCnt                           0x20020110   Data           4  os_var.o(.data)
    OSTmrUpdateCtr                           0x20020114   Data           4  os_var.o(.data)
    OSTCBCurPtr                              0x20020118   Data           4  os_var.o(.data)
    OSTCBHighRdyPtr                          0x2002011c   Data           4  os_var.o(.data)
    OS_CPU_ExceptStkBase                     0x20020120   Data           4  os_cpu_c.o(.data)
    SerialPackRX                             0x20020124   Data          60  main.o(.bss)
    SerialPackTX                             0x20020160   Data          60  main.o(.bss)
    StartTaskTCB                             0x2002019c   Data         192  main.o(.bss)
    START_TASK_STK                           0x2002025c   Data         400  main.o(.bss)
    COMMUNCIATETaskTCB                       0x200203ec   Data         192  main.o(.bss)
    COMMUNCIATE_TASK_STK                     0x200204ac   Data         512  main.o(.bss)
    MANUALTaskTCB                            0x200206ac   Data         192  main.o(.bss)
    MANUAL_TASK_STK                          0x2002076c   Data         512  main.o(.bss)
    g_sUartAppRxd                            0x2002096c   Data        2112  uart_interface.o(.bss)
    UART_Handler                             0x200211ac   Data         896  uart_interface.o(.bss)
    UART1RxDMA_Handler                       0x2002152c   Data          96  uart_interface.o(.bss)
    CPU_Name                                 0x2002158c   Data          16  cpu_core.o(.bss)
    OSCfg_IdleTaskStk                        0x2002159c   Data         512  os_cfg_app.o(.bss)
    OSCfg_ISRStk                             0x2002179c   Data         400  os_cfg_app.o(.bss)
    OSCfg_MsgPool                            0x2002192c   Data        1600  os_cfg_app.o(.bss)
    OSCfg_StatTaskStk                        0x20021f6c   Data         400  os_cfg_app.o(.bss)
    OSCfg_TickTaskStk                        0x200220fc   Data         512  os_cfg_app.o(.bss)
    OSCfg_TmrTaskStk                         0x200222fc   Data         512  os_cfg_app.o(.bss)
    OSIdleTaskTCB                            0x200224fc   Data         192  os_var.o(.bss)
    OSMsgPool                                0x200225bc   Data          12  os_var.o(.bss)
    OSRdyList                                0x200225c8   Data         768  os_var.o(.bss)
    OSStatTaskTCB                            0x200228c8   Data         192  os_var.o(.bss)
    OSTickTaskTCB                            0x20022988   Data         192  os_var.o(.bss)
    OSTmrMutex                               0x20022a48   Data          48  os_var.o(.bss)
    OSTmrTaskTCB                             0x20022a78   Data         192  os_var.o(.bss)
    __libspace_start                         0x20022b38   Data          96  libspace.o(.bss)
    __temporary_stack_top$libspace           0x20022b98   Data           0  libspace.o(.bss)



==============================================================================

Memory Map of the image

  Image Entry point : 0x080001f9

  Load Region LR_IROM1 (Base: 0x08000000, Size: 0x00006188, Max: 0x00100000, ABSOLUTE)

    Execution Region ER_IROM1 (Base: 0x08000000, Size: 0x00006064, Max: 0x00100000, ABSOLUTE)

    Base Addr    Size         Type   Attr      Idx    E Section Name        Object

    0x08000000   0x000001f8   Data   RO        12819    RESET               startup_stm32f767xx.o
    0x080001f8   0x00000008   Code   RO        12866  * !!!main             c_w.l(__main.o)
    0x08000200   0x00000034   Code   RO        13044    !!!scatter          c_w.l(__scatter.o)
    0x08000234   0x0000001a   Code   RO        13046    !!handler_copy      c_w.l(__scatter_copy.o)
    0x0800024e   0x00000002   PAD
    0x08000250   0x0000001c   Code   RO        13048    !!handler_zi        c_w.l(__scatter_zi.o)
    0x0800026c   0x00000000   Code   RO        12859    .ARM.Collect$$_printf_percent$$00000000  c_w.l(_printf_percent.o)
    0x0800026c   0x00000006   Code   RO        12858    .ARM.Collect$$_printf_percent$$00000009  c_w.l(_printf_d.o)
    0x08000272   0x00000004   Code   RO        12879    .ARM.Collect$$_printf_percent$$00000017  c_w.l(_printf_percent_end.o)
    0x08000276   0x00000002   Code   RO        12918    .ARM.Collect$$libinit$$00000000  c_w.l(libinit.o)
    0x08000278   0x00000004   Code   RO        12930    .ARM.Collect$$libinit$$00000001  c_w.l(libinit2.o)
    0x0800027c   0x00000000   Code   RO        12933    .ARM.Collect$$libinit$$00000004  c_w.l(libinit2.o)
    0x0800027c   0x00000000   Code   RO        12936    .ARM.Collect$$libinit$$0000000A  c_w.l(libinit2.o)
    0x0800027c   0x00000000   Code   RO        12938    .ARM.Collect$$libinit$$0000000C  c_w.l(libinit2.o)
    0x0800027c   0x00000000   Code   RO        12940    .ARM.Collect$$libinit$$0000000E  c_w.l(libinit2.o)
    0x0800027c   0x00000000   Code   RO        12943    .ARM.Collect$$libinit$$00000011  c_w.l(libinit2.o)
    0x0800027c   0x00000000   Code   RO        12945    .ARM.Collect$$libinit$$00000013  c_w.l(libinit2.o)
    0x0800027c   0x00000000   Code   RO        12947    .ARM.Collect$$libinit$$00000015  c_w.l(libinit2.o)
    0x0800027c   0x00000000   Code   RO        12949    .ARM.Collect$$libinit$$00000017  c_w.l(libinit2.o)
    0x0800027c   0x00000000   Code   RO        12951    .ARM.Collect$$libinit$$00000019  c_w.l(libinit2.o)
    0x0800027c   0x00000000   Code   RO        12953    .ARM.Collect$$libinit$$0000001B  c_w.l(libinit2.o)
    0x0800027c   0x00000000   Code   RO        12955    .ARM.Collect$$libinit$$0000001D  c_w.l(libinit2.o)
    0x0800027c   0x00000000   Code   RO        12957    .ARM.Collect$$libinit$$0000001F  c_w.l(libinit2.o)
    0x0800027c   0x00000000   Code   RO        12959    .ARM.Collect$$libinit$$00000021  c_w.l(libinit2.o)
    0x0800027c   0x00000000   Code   RO        12961    .ARM.Collect$$libinit$$00000023  c_w.l(libinit2.o)
    0x0800027c   0x00000000   Code   RO        12963    .ARM.Collect$$libinit$$00000025  c_w.l(libinit2.o)
    0x0800027c   0x00000000   Code   RO        12967    .ARM.Collect$$libinit$$0000002C  c_w.l(libinit2.o)
    0x0800027c   0x00000000   Code   RO        12969    .ARM.Collect$$libinit$$0000002E  c_w.l(libinit2.o)
    0x0800027c   0x00000000   Code   RO        12971    .ARM.Collect$$libinit$$00000030  c_w.l(libinit2.o)
    0x0800027c   0x00000000   Code   RO        12973    .ARM.Collect$$libinit$$00000032  c_w.l(libinit2.o)
    0x0800027c   0x00000002   Code   RO        12974    .ARM.Collect$$libinit$$00000033  c_w.l(libinit2.o)
    0x0800027e   0x00000002   Code   RO        13000    .ARM.Collect$$libshutdown$$00000000  c_w.l(libshutdown.o)
    0x08000280   0x00000000   Code   RO        13027    .ARM.Collect$$libshutdown$$00000002  c_w.l(libshutdown2.o)
    0x08000280   0x00000000   Code   RO        13029    .ARM.Collect$$libshutdown$$00000004  c_w.l(libshutdown2.o)
    0x08000280   0x00000000   Code   RO        13032    .ARM.Collect$$libshutdown$$00000007  c_w.l(libshutdown2.o)
    0x08000280   0x00000000   Code   RO        13035    .ARM.Collect$$libshutdown$$0000000A  c_w.l(libshutdown2.o)
    0x08000280   0x00000000   Code   RO        13037    .ARM.Collect$$libshutdown$$0000000C  c_w.l(libshutdown2.o)
    0x08000280   0x00000000   Code   RO        13040    .ARM.Collect$$libshutdown$$0000000F  c_w.l(libshutdown2.o)
    0x08000280   0x00000002   Code   RO        13041    .ARM.Collect$$libshutdown$$00000010  c_w.l(libshutdown2.o)
    0x08000282   0x00000000   Code   RO        12870    .ARM.Collect$$rtentry$$00000000  c_w.l(__rtentry.o)
    0x08000282   0x00000000   Code   RO        12881    .ARM.Collect$$rtentry$$00000002  c_w.l(__rtentry2.o)
    0x08000282   0x00000006   Code   RO        12893    .ARM.Collect$$rtentry$$00000004  c_w.l(__rtentry4.o)
    0x08000288   0x00000000   Code   RO        12883    .ARM.Collect$$rtentry$$00000009  c_w.l(__rtentry2.o)
    0x08000288   0x00000004   Code   RO        12884    .ARM.Collect$$rtentry$$0000000A  c_w.l(__rtentry2.o)
    0x0800028c   0x00000000   Code   RO        12886    .ARM.Collect$$rtentry$$0000000C  c_w.l(__rtentry2.o)
    0x0800028c   0x00000008   Code   RO        12887    .ARM.Collect$$rtentry$$0000000D  c_w.l(__rtentry2.o)
    0x08000294   0x00000002   Code   RO        12922    .ARM.Collect$$rtexit$$00000000  c_w.l(rtexit.o)
    0x08000296   0x00000000   Code   RO        12976    .ARM.Collect$$rtexit$$00000002  c_w.l(rtexit2.o)
    0x08000296   0x00000004   Code   RO        12977    .ARM.Collect$$rtexit$$00000003  c_w.l(rtexit2.o)
    0x0800029a   0x00000006   Code   RO        12978    .ARM.Collect$$rtexit$$00000004  c_w.l(rtexit2.o)
    0x080002a0   0x00000034   Code   RO        12811    .text               cpu_a.o
    0x080002d4   0x00000068   Code   RO        12820    .text               startup_stm32f767xx.o
    0x0800033c   0x00000002   Code   RO        12826    .text               c_w.l(use_no_semi_2.o)
    0x0800033e   0x00000002   PAD
    0x08000340   0x00000018   Code   RO        12832    .text               c_w.l(noretval__2printf.o)
    0x08000358   0x00000068   Code   RO        12834    .text               c_w.l(__printf.o)
    0x080003c0   0x00000078   Code   RO        12836    .text               c_w.l(_printf_dec.o)
    0x08000438   0x0000004e   Code   RO        12862    .text               c_w.l(rt_memclr_w.o)
    0x08000486   0x00000006   Code   RO        12864    .text               c_w.l(heapauxi.o)
    0x0800048c   0x00000002   Code   RO        12868    .text               c_w.l(use_no_semi.o)
    0x0800048e   0x000000b2   Code   RO        12875    .text               c_w.l(_printf_intcommon.o)
    0x08000540   0x00000024   Code   RO        12877    .text               c_w.l(_printf_char_file.o)
    0x08000564   0x00000030   Code   RO        12897    .text               c_w.l(_printf_char_common.o)
    0x08000594   0x00000008   Code   RO        12899    .text               c_w.l(ferror.o)
    0x0800059c   0x0000004a   Code   RO        12903    .text               c_w.l(sys_stackheap_outer.o)
    0x080005e6   0x00000012   Code   RO        12907    .text               c_w.l(exit.o)
    0x080005f8   0x00000008   Code   RO        12919    .text               c_w.l(libspace.o)
    0x08000600   0x00000118   Code   RO        12594    CODE                os_cpu_a.o
    0x08000718   0x0000000c   Code   RO        10833    i.BSP_CPU_ClkFreq   bsp.o
    0x08000724   0x00000004   Code   RO          695    i.BusFault_Handler  stm32f7xx_it_1.o
    0x08000728   0x00000010   Code   RO        10893    i.CPU_Init          cpu_core.o
    0x08000738   0x00000084   Code   RO        10894    i.CPU_IntDisMeasInit  cpu_core.o
    0x080007bc   0x0000001c   Code   RO        10895    i.CPU_IntDisMeasMaxCalc  cpu_core.o
    0x080007d8   0x0000002c   Code   RO        10896    i.CPU_IntDisMeasMaxCurGet  cpu_core.o
    0x08000804   0x0000002c   Code   RO        10897    i.CPU_IntDisMeasMaxCurReset  cpu_core.o
    0x08000830   0x0000002c   Code   RO        10898    i.CPU_IntDisMeasMaxGet  cpu_core.o
    0x0800085c   0x00000034   Code   RO        10899    i.CPU_IntDisMeasStart  cpu_core.o
    0x08000890   0x00000054   Code   RO        10900    i.CPU_IntDisMeasStop  cpu_core.o
    0x080008e4   0x00000038   Code   RO        10901    i.CPU_NameClr       cpu_core.o
    0x0800091c   0x00000008   Code   RO        10903    i.CPU_NameInit      cpu_core.o
    0x08000924   0x00000014   Code   RO        10908    i.CPU_TS_Init       cpu_core.o
    0x08000938   0x0000000c   Code   RO        10910    i.CPU_TS_TmrFreqSet  cpu_core.o
    0x08000944   0x00000034   Code   RO        10835    i.CPU_TS_TmrInit    bsp.o
    0x08000978   0x0000000c   Code   RO        10836    i.CPU_TS_TmrRd      bsp.o
    0x08000984   0x00000078   Code   RO          472    i.Cache_Enable      sys.o
    0x080009fc   0x00000064   Code   RO            4    i.Communicate_task  main.o
    0x08000a60   0x00000034   Code   RO         1949    i.DMA_CalcBaseAndBitshift  stm32f7xx_hal_dma.o
    0x08000a94   0x000000ba   Code   RO         1950    i.DMA_CheckFifoParam  stm32f7xx_hal_dma.o
    0x08000b4e   0x00000002   Code   RO          696    i.DebugMon_Handler  stm32f7xx_it_1.o
    0x08000b50   0x00000028   Code   RO         1953    i.HAL_DMA_Abort_IT  stm32f7xx_hal_dma.o
    0x08000b78   0x00000062   Code   RO         1954    i.HAL_DMA_DeInit    stm32f7xx_hal_dma.o
    0x08000bda   0x00000002   PAD
    0x08000bdc   0x000000e8   Code   RO         1958    i.HAL_DMA_Init      stm32f7xx_hal_dma.o
    0x08000cc4   0x00000218   Code   RO         2734    i.HAL_GPIO_Init     stm32f7xx_hal_gpio.o
    0x08000edc   0x00000010   Code   RO         2736    i.HAL_GPIO_ReadPin  stm32f7xx_hal_gpio.o
    0x08000eec   0x0000000c   Code   RO         2738    i.HAL_GPIO_WritePin  stm32f7xx_hal_gpio.o
    0x08000ef8   0x0000000c   Code   RO          968    i.HAL_GetTick       stm32f7xx_hal.o
    0x08000f04   0x00000010   Code   RO          969    i.HAL_IncTick       stm32f7xx_hal.o
    0x08000f14   0x00000028   Code   RO          970    i.HAL_Init          stm32f7xx_hal.o
    0x08000f3c   0x00000028   Code   RO          971    i.HAL_InitTick      stm32f7xx_hal.o
    0x08000f64   0x00000002   Code   RO          663    i.HAL_MspInit       stm32f7xx_hal_msp_1.o
    0x08000f66   0x0000001a   Code   RO         1357    i.HAL_NVIC_EnableIRQ  stm32f7xx_hal_cortex.o
    0x08000f80   0x0000007c   Code   RO         1363    i.HAL_NVIC_SetPriority  stm32f7xx_hal_cortex.o
    0x08000ffc   0x00000028   Code   RO         1364    i.HAL_NVIC_SetPriorityGrouping  stm32f7xx_hal_cortex.o
    0x08001024   0x00000090   Code   RO         4319    i.HAL_PWREx_EnableOverDrive  stm32f7xx_hal_pwr_ex.o
    0x080010b4   0x000001b4   Code   RO         4662    i.HAL_RCC_ClockConfig  stm32f7xx_hal_rcc.o
    0x08001268   0x0000000c   Code   RO         4667    i.HAL_RCC_GetHCLKFreq  stm32f7xx_hal_rcc.o
    0x08001274   0x0000002c   Code   RO         4669    i.HAL_RCC_GetPCLK1Freq  stm32f7xx_hal_rcc.o
    0x080012a0   0x0000002c   Code   RO         4670    i.HAL_RCC_GetPCLK2Freq  stm32f7xx_hal_rcc.o
    0x080012cc   0x000000b4   Code   RO         4671    i.HAL_RCC_GetSysClockFreq  stm32f7xx_hal_rcc.o
    0x08001380   0x000004d0   Code   RO         4766    i.HAL_RCC_OscConfig  stm32f7xx_hal_rcc_ex.o
    0x08001850   0x00000028   Code   RO         1366    i.HAL_SYSTICK_CLKSourceConfig  stm32f7xx_hal_cortex.o
    0x08001878   0x00000034   Code   RO         1368    i.HAL_SYSTICK_Config  stm32f7xx_hal_cortex.o
    0x080018ac   0x00000002   Code   RO         7439    i.HAL_UART_ErrorCallback  stm32f7xx_hal_uart.o
    0x080018ae   0x00000002   PAD
    0x080018b0   0x0000015c   Code   RO         7442    i.HAL_UART_IRQHandler  stm32f7xx_hal_uart.o
    0x08001a0c   0x00000078   Code   RO         7443    i.HAL_UART_Init     stm32f7xx_hal_uart.o
    0x08001a84   0x00000018   Code   RO          861    i.HAL_UART_MspInit  uart_interface.o
    0x08001a9c   0x000000c8   Code   RO         7448    i.HAL_UART_Receive_IT  stm32f7xx_hal_uart.o
    0x08001b64   0x000000a8   Code   RO          862    i.HAL_UART_RxCpltCallback  uart_interface.o
    0x08001c0c   0x00000002   Code   RO         7454    i.HAL_UART_TxCpltCallback  stm32f7xx_hal_uart.o
    0x08001c0e   0x00000004   Code   RO          697    i.HardFault_Handler  stm32f7xx_it_1.o
    0x08001c12   0x00000002   PAD
    0x08001c14   0x000000a8   Code   RO          826    i.KEY_Init          key.o
    0x08001cbc   0x000000d0   Code   RO          827    i.KEY_Scan          key.o
    0x08001d8c   0x00000058   Code   RO          799    i.LED_Init          led.o
    0x08001de4   0x00000078   Code   RO            6    i.Manual_task       main.o
    0x08001e5c   0x00000004   Code   RO          698    i.MemManage_Handler  stm32f7xx_it_1.o
    0x08001e60   0x00000012   Code   RO        11198    i.Mem_Clr           lib_mem.o
    0x08001e72   0x00000054   Code   RO        11225    i.Mem_Set           lib_mem.o
    0x08001ec6   0x00000002   Code   RO          699    i.NMI_Handler       stm32f7xx_it_1.o
    0x08001ec8   0x00000010   Code   RO         1370    i.NVIC_GetPriorityGrouping  stm32f7xx_hal_cortex.o
    0x08001ed8   0x00000028   Code   RO         1371    i.NVIC_SetPriority  stm32f7xx_hal_cortex.o
    0x08001f00   0x00000002   Code   RO        11530    i.OSCfg_Init        os_cfg_app.o
    0x08001f02   0x00000002   PAD
    0x08001f04   0x00000014   Code   RO        12597    i.OSIdleTaskHook    os_cpu_c.o
    0x08001f18   0x0000014c   Code   RO        11556    i.OSInit            os_core.o
    0x08002064   0x00000028   Code   RO        12598    i.OSInitHook        os_cpu_c.o
    0x0800208c   0x0000002c   Code   RO        11557    i.OSIntEnter        os_core.o
    0x080020b8   0x000000dc   Code   RO        11558    i.OSIntExit         os_core.o
    0x08002194   0x0000006c   Code   RO        11929    i.OSMutexCreate     os_mutex.o
    0x08002200   0x000001ec   Code   RO        11930    i.OSMutexPend       os_mutex.o
    0x080023ec   0x0000017c   Code   RO        11931    i.OSMutexPost       os_mutex.o
    0x08002568   0x000000a4   Code   RO        11559    i.OSSched           os_core.o
    0x0800260c   0x00000064   Code   RO        11560    i.OSSchedLock       os_core.o
    0x08002670   0x00000088   Code   RO        11561    i.OSSchedUnlock     os_core.o
    0x080026f8   0x00000068   Code   RO        11562    i.OSStart           os_core.o
    0x08002760   0x00000148   Code   RO        12212    i.OSStatReset       os_stat.o
    0x080028a8   0x00000100   Code   RO        12213    i.OSStatTaskCPUUsageInit  os_stat.o
    0x080029a8   0x00000014   Code   RO        12599    i.OSStatTaskHook    os_cpu_c.o
    0x080029bc   0x00000144   Code   RO        12243    i.OSTaskCreate      os_task.o
    0x08002b00   0x00000018   Code   RO        12600    i.OSTaskCreateHook  os_cpu_c.o
    0x08002b18   0x0000019c   Code   RO        12244    i.OSTaskDel         os_task.o
    0x08002cb4   0x00000018   Code   RO        12601    i.OSTaskDelHook     os_cpu_c.o
    0x08002ccc   0x00000036   Code   RO        12252    i.OSTaskResume      os_task.o
    0x08002d02   0x00000002   PAD
    0x08002d04   0x00000018   Code   RO        12602    i.OSTaskReturnHook  os_cpu_c.o
    0x08002d1c   0x000001c8   Code   RO        12253    i.OSTaskSemPend     os_task.o
    0x08002ee4   0x00000024   Code   RO        12255    i.OSTaskSemPost     os_task.o
    0x08002f08   0x000000bc   Code   RO        12257    i.OSTaskStkChk      os_task.o
    0x08002fc4   0x000002c4   Code   RO        12603    i.OSTaskStkInit     os_cpu_c.o
    0x08003288   0x00000024   Code   RO        12258    i.OSTaskSuspend     os_task.o
    0x080032ac   0x000000ac   Code   RO        12604    i.OSTaskSwHook      os_cpu_c.o
    0x08003358   0x000000b0   Code   RO        12456    i.OSTimeDly         os_time.o
    0x08003408   0x00000114   Code   RO        12457    i.OSTimeDlyHMSM     os_time.o
    0x0800351c   0x00000044   Code   RO        12460    i.OSTimeTick        os_time.o
    0x08003560   0x00000014   Code   RO        12605    i.OSTimeTickHook    os_cpu_c.o
    0x08003574   0x000001a8   Code   RO        11764    i.OS_Dbg_Init       os_dbg.o
    0x0800371c   0x00000018   Code   RO        11787    i.OS_FlagInit       os_flag.o
    0x08003734   0x0000004c   Code   RO        11564    i.OS_IdleTask       os_core.o
    0x08003780   0x00000070   Code   RO        11565    i.OS_IdleTaskInit   os_core.o
    0x080037f0   0x00000018   Code   RO        11861    i.OS_MemInit        os_mem.o
    0x08003808   0x0000005c   Code   RO        11893    i.OS_MsgPoolInit    os_msg.o
    0x08003864   0x00000044   Code   RO        11894    i.OS_MsgQFreeAll    os_msg.o
    0x080038a8   0x0000000e   Code   RO        11896    i.OS_MsgQInit       os_msg.o
    0x080038b6   0x00000002   PAD
    0x080038b8   0x00000030   Code   RO        11933    i.OS_MutexDbgListAdd  os_mutex.o
    0x080038e8   0x00000008   Code   RO        11935    i.OS_MutexGrpAdd    os_mutex.o
    0x080038f0   0x00000060   Code   RO        11936    i.OS_MutexGrpPostAll  os_mutex.o
    0x08003950   0x0000002c   Code   RO        11937    i.OS_MutexGrpPrioFindHighest  os_mutex.o
    0x0800397c   0x0000001c   Code   RO        11938    i.OS_MutexGrpRemove  os_mutex.o
    0x08003998   0x00000018   Code   RO        11939    i.OS_MutexInit      os_mutex.o
    0x080039b0   0x00000068   Code   RO        11566    i.OS_Pend           os_core.o
    0x08003a18   0x00000028   Code   RO        11569    i.OS_PendDataInit   os_core.o
    0x08003a40   0x0000005c   Code   RO        11570    i.OS_PendDbgNameAdd  os_core.o
    0x08003a9c   0x00000024   Code   RO        11571    i.OS_PendDbgNameRemove  os_core.o
    0x08003ac0   0x0000003a   Code   RO        11572    i.OS_PendListChangePrio  os_core.o
    0x08003afa   0x0000000a   Code   RO        11573    i.OS_PendListInit   os_core.o
    0x08003b04   0x00000066   Code   RO        11575    i.OS_PendListInsertPrio  os_core.o
    0x08003b6a   0x00000034   Code   RO        11576    i.OS_PendListRemove  os_core.o
    0x08003b9e   0x00000042   Code   RO        11577    i.OS_PendListRemove1  os_core.o
    0x08003be0   0x000000d6   Code   RO        11580    i.OS_Post           os_core.o
    0x08003cb6   0x0000002c   Code   RO        11581    i.OS_Post1          os_core.o
    0x08003ce2   0x00000002   PAD
    0x08003ce4   0x00000028   Code   RO        12031    i.OS_PrioGetHighest  os_prio.o
    0x08003d0c   0x00000018   Code   RO        12032    i.OS_PrioInit       os_prio.o
    0x08003d24   0x00000024   Code   RO        12033    i.OS_PrioInsert     os_prio.o
    0x08003d48   0x00000024   Code   RO        12034    i.OS_PrioRemove     os_prio.o
    0x08003d6c   0x00000018   Code   RO        12077    i.OS_QInit          os_q.o
    0x08003d84   0x00000024   Code   RO        11582    i.OS_RdyListInit    os_core.o
    0x08003da8   0x0000002c   Code   RO        11583    i.OS_RdyListInsert  os_core.o
    0x08003dd4   0x00000040   Code   RO        11584    i.OS_RdyListInsertHead  os_core.o
    0x08003e14   0x0000003c   Code   RO        11585    i.OS_RdyListInsertTail  os_core.o
    0x08003e50   0x0000005c   Code   RO        11587    i.OS_RdyListRemove  os_core.o
    0x08003eac   0x00000018   Code   RO        12149    i.OS_SemInit        os_sem.o
    0x08003ec4   0x00000324   Code   RO        12214    i.OS_StatTask       os_stat.o
    0x080041e8   0x000000cc   Code   RO        12215    i.OS_StatTaskInit   os_stat.o
    0x080042b4   0x0000002c   Code   RO        11588    i.OS_TaskBlock      os_core.o
    0x080042e0   0x000000ec   Code   RO        12259    i.OS_TaskChangePrio  os_task.o
    0x080043cc   0x00000030   Code   RO        12260    i.OS_TaskDbgListAdd  os_task.o
    0x080043fc   0x00000044   Code   RO        12261    i.OS_TaskDbgListRemove  os_task.o
    0x08004440   0x00000020   Code   RO        12262    i.OS_TaskInit       os_task.o
    0x08004460   0x000000c4   Code   RO        12263    i.OS_TaskInitTCB    os_task.o
    0x08004524   0x0000011c   Code   RO        12265    i.OS_TaskResume     os_task.o
    0x08004640   0x00000018   Code   RO        12266    i.OS_TaskReturn     os_task.o
    0x08004658   0x000001f0   Code   RO        12267    i.OS_TaskSemPost    os_task.o
    0x08004848   0x00000138   Code   RO        12268    i.OS_TaskSuspend    os_task.o
    0x08004980   0x00000086   Code   RO        12410    i.OS_TickListInsert  os_tick.o
    0x08004a06   0x00000002   PAD
    0x08004a08   0x000000bc   Code   RO        12411    i.OS_TickListInsertDly  os_tick.o
    0x08004ac4   0x00000058   Code   RO        12412    i.OS_TickListRemove  os_tick.o
    0x08004b1c   0x000000a0   Code   RO        12413    i.OS_TickListUpdateDly  os_tick.o
    0x08004bbc   0x0000011c   Code   RO        12414    i.OS_TickListUpdateTimeout  os_tick.o
    0x08004cd8   0x0000006c   Code   RO        12415    i.OS_TickTask       os_tick.o
    0x08004d44   0x000000c8   Code   RO        12416    i.OS_TickTaskInit   os_tick.o
    0x08004e0c   0x00000134   Code   RO        12501    i.OS_TmrInit        os_tmr.o
    0x08004f40   0x00000018   Code   RO        12502    i.OS_TmrLock        os_tmr.o
    0x08004f58   0x00000094   Code   RO        12503    i.OS_TmrTask        os_tmr.o
    0x08004fec   0x00000044   Code   RO        12504    i.OS_TmrUnlink      os_tmr.o
    0x08005030   0x00000014   Code   RO        12505    i.OS_TmrUnlock      os_tmr.o
    0x08005044   0x0000009c   Code   RO          475    i.SCB_EnableDCache  sys.o
    0x080050e0   0x00000002   Code   RO          700    i.SVC_Handler       stm32f7xx_it_1.o
    0x080050e2   0x00000002   PAD
    0x080050e4   0x000000b4   Code   RO          476    i.Stm32_Clock_Init  sys.o
    0x08005198   0x00000020   Code   RO          406    i.SysTick_Handler   delay.o
    0x080051b8   0x00000064   Code   RO          759    i.SystemInit        system_stm32f7xx_1.o
    0x0800521c   0x000000ea   Code   RO         7456    i.UART_AdvFeatureConfig  stm32f7xx_hal_uart.o
    0x08005306   0x00000074   Code   RO         7457    i.UART_CheckIdleState  stm32f7xx_hal_uart.o
    0x0800537a   0x00000018   Code   RO         7458    i.UART_DMAAbortOnError  stm32f7xx_hal_uart.o
    0x08005392   0x00000002   PAD
    0x08005394   0x0000009c   Code   RO          863    i.UART_DMA_init     uart_interface.o
    0x08005430   0x00000020   Code   RO         7464    i.UART_EndRxTransfer  stm32f7xx_hal_uart.o
    0x08005450   0x00000020   Code   RO         7465    i.UART_EndTransmit_IT  stm32f7xx_hal_uart.o
    0x08005470   0x00000088   Code   RO          864    i.UART_GetDevice    uart_interface.o
    0x080054f8   0x000000ac   Code   RO          865    i.UART_Init         uart_interface.o
    0x080055a4   0x00000088   Code   RO         7467    i.UART_Receive_IT   stm32f7xx_hal_uart.o
    0x0800562c   0x0000038c   Code   RO         7468    i.UART_SetConfig    stm32f7xx_hal_uart.o
    0x080059b8   0x0000006a   Code   RO         7469    i.UART_Transmit_IT  stm32f7xx_hal_uart.o
    0x08005a22   0x0000006c   Code   RO         7470    i.UART_WaitOnFlagUntilTimeout  stm32f7xx_hal_uart.o
    0x08005a8e   0x00000002   PAD
    0x08005a90   0x00000024   Code   RO          866    i.USART1_IRQHandler  uart_interface.o
    0x08005ab4   0x00000090   Code   RO          867    i.USART1_MspInit    uart_interface.o
    0x08005b44   0x00000004   Code   RO          701    i.UsageFault_Handler  stm32f7xx_it_1.o
    0x08005b48   0x00000004   Code   RO          868    i._sys_exit         uart_interface.o
    0x08005b4c   0x0000005c   Code   RO          407    i.delay_init        delay.o
    0x08005ba8   0x00000050   Code   RO          408    i.delay_ms          delay.o
    0x08005bf8   0x0000000a   Code   RO          409    i.delay_osschedlock  delay.o
    0x08005c02   0x0000000a   Code   RO          410    i.delay_osschedunlock  delay.o
    0x08005c0c   0x00000010   Code   RO          411    i.delay_ostimedly   delay.o
    0x08005c1c   0x00000058   Code   RO          412    i.delay_us          delay.o
    0x08005c74   0x0000001c   Code   RO          869    i.fputc             uart_interface.o
    0x08005c90   0x000000a4   Code   RO            7    i.main              main.o
    0x08005d34   0x000000e4   Code   RO            8    i.start_task        main.o
    0x08005e18   0x0000000a   Code   RO        12988    x$fpl$fpinit        fz_wv.l(fpinit.o)
    0x08005e22   0x00000018   Data   RO          760    .constdata          system_stm32f7xx_1.o
    0x08005e3a   0x00000008   Data   RO         1964    .constdata          stm32f7xx_hal_dma.o
    0x08005e42   0x00000002   PAD
    0x08005e44   0x00000094   Data   RO        11532    .constdata          os_cfg_app.o
    0x08005ed8   0x0000016c   Data   RO        11765    .constdata          os_dbg.o
    0x08006044   0x00000020   Data   RO        13042    Region$$Table       anon$$obj.o


    Execution Region RW_IRAM1 (Base: 0x20020000, Size: 0x00003198, Max: 0x00060000, ABSOLUTE)

    Base Addr    Size         Type   Attr      Idx    E Section Name        Object

    0x20020000   0x00000006   Data   RW          413    .data               delay.o
    0x20020006   0x00000002   PAD
    0x20020008   0x00000004   Data   RW          761    .data               system_stm32f7xx_1.o
    0x2002000c   0x00000001   Data   RW          828    .data               key.o
    0x2002000d   0x00000003   PAD
    0x20020010   0x0000002c   Data   RW          871    .data               uart_interface.o
    0x2002003c   0x00000004   Data   RW          976    .data               stm32f7xx_hal.o
    0x20020040   0x0000001c   Data   RW        10914    .data               cpu_core.o
    0x2002005c   0x00000008   Data   RW        12035    .data               os_prio.o
    0x20020064   0x000000bc   Data   RW        12581    .data               os_var.o
    0x20020120   0x00000004   Data   RW        12608    .data               os_cpu_c.o
    0x20020124   0x00000848   Zero   RW            9    .bss                main.o
    0x2002096c   0x00000c20   Zero   RW          870    .bss                uart_interface.o
    0x2002158c   0x00000010   Zero   RW        10912    .bss                cpu_core.o
    0x2002159c   0x00000f60   Zero   RW        11531    .bss                os_cfg_app.o
    0x200224fc   0x0000063c   Zero   RW        12580    .bss                os_var.o
    0x20022b38   0x00000060   Zero   RW        12920    .bss                c_w.l(libspace.o)
    0x20022b98   0x00000200   Zero   RW        12818    HEAP                startup_stm32f767xx.o
    0x20022d98   0x00000400   Zero   RW        12817    STACK               startup_stm32f767xx.o


==============================================================================

Image component sizes


      Code (inc. data)   RO Data    RW Data    ZI Data      Debug   Object Name

        76         14          0          0          0      11354   bsp.o
        52          0          0          0          0        352   cpu_a.o
       540         98          0         28         16       9692   cpu_core.o
       328         40          0          6          0       4117   delay.o
       376         34          0          1          0       1674   key.o
        88         10          0          0          0        839   led.o
       102          0          0          0          0      13012   lib_mem.o
       612        156          0          0       2120     433243   main.o
         2          0        148          0       3936      20065   os_cfg_app.o
      2446        316          0          0          0      36239   os_core.o
       280         14          0          0          0        444   os_cpu_a.o
      1052        156          0          4          0      25980   os_cpu_c.o
       424        278        364          0          0       4825   os_dbg.o
        24         10          0          0          0        942   os_flag.o
        24         10          0          0          0        945   os_mem.o
       174         18          0          0          0       2372   os_msg.o
      1228         56          0          0          0       7491   os_mutex.o
       136         16          0          8          0       3066   os_prio.o
        24         10          0          0          0        939   os_q.o
        24         10          0          0          0        937   os_sem.o
      1592        196          0          0          0       4223   os_stat.o
      3202        154          0          0          0      14377   os_task.o
      1162         88          0          0          0       6187   os_tick.o
       520         40          0          0          0       2905   os_time.o
       568        142          0          0          0       3765   os_tmr.o
         0          0          0        188       1596      17846   os_var.o
       104         34        504          0       1536        836   startup_stm32f767xx.o
       108         20          0          4          0       2955   stm32f7xx_hal.o
       338         22          0          0          0      36181   stm32f7xx_hal_cortex.o
       608         10          8          0          0       3927   stm32f7xx_hal_dma.o
       564         52          0          0          0       2919   stm32f7xx_hal_gpio.o
         2          0          0          0          0        474   stm32f7xx_hal_msp_1.o
       144          8          0          0          0       1172   stm32f7xx_hal_pwr_ex.o
       716         50          0          0          0       3760   stm32f7xx_hal_rcc.o
      1232         12          0          0          0       1740   stm32f7xx_hal_rcc_ex.o
      2368         54          0          0          0      10176   stm32f7xx_hal_uart.o
        22          0          0          0          0       3327   stm32f7xx_it_1.o
       456         26          0          0          0     271769   sys.o
       100         18         24          4          0       1171   system_stm32f7xx_1.o
       868        126          0         44       3104       9148   uart_interface.o

    ----------------------------------------------------------------------
     22708       2298       1082        292      12308     977386   Object Totals
         0          0         32          0          0          0   (incl. Generated)
        22          0          2          5          0          0   (incl. Padding)

    ----------------------------------------------------------------------

      Code (inc. data)   RO Data    RW Data    ZI Data      Debug   Library Member Name

         8          0          0          0          0         68   __main.o
       104          0          0          0          0         84   __printf.o
         0          0          0          0          0          0   __rtentry.o
        12          0          0          0          0          0   __rtentry2.o
         6          0          0          0          0          0   __rtentry4.o
        52          8          0          0          0          0   __scatter.o
        26          0          0          0          0          0   __scatter_copy.o
        28          0          0          0          0          0   __scatter_zi.o
        48          6          0          0          0         96   _printf_char_common.o
        36          4          0          0          0         80   _printf_char_file.o
         6          0          0          0          0          0   _printf_d.o
       120         16          0          0          0         92   _printf_dec.o
       178          0          0          0          0         88   _printf_intcommon.o
         0          0          0          0          0          0   _printf_percent.o
         4          0          0          0          0          0   _printf_percent_end.o
        18          0          0          0          0         80   exit.o
         8          0          0          0          0         68   ferror.o
         6          0          0          0          0        152   heapauxi.o
         2          0          0          0          0          0   libinit.o
         6          0          0          0          0          0   libinit2.o
         2          0          0          0          0          0   libshutdown.o
         2          0          0          0          0          0   libshutdown2.o
         8          4          0          0         96         68   libspace.o
        24          4          0          0          0         84   noretval__2printf.o
        78          0          0          0          0         80   rt_memclr_w.o
         2          0          0          0          0          0   rtexit.o
        10          0          0          0          0          0   rtexit2.o
        74          0          0          0          0         80   sys_stackheap_outer.o
         2          0          0          0          0         68   use_no_semi.o
         2          0          0          0          0         68   use_no_semi_2.o
        10          0          0          0          0        116   fpinit.o

    ----------------------------------------------------------------------
       886         42          0          0         96       1372   Library Totals
         4          0          0          0          0          0   (incl. Padding)

    ----------------------------------------------------------------------

      Code (inc. data)   RO Data    RW Data    ZI Data      Debug   Library Name

       872         42          0          0         96       1256   c_w.l
        10          0          0          0          0        116   fz_wv.l

    ----------------------------------------------------------------------
       886         42          0          0         96       1372   Library Totals

    ----------------------------------------------------------------------

==============================================================================


      Code (inc. data)   RO Data    RW Data    ZI Data      Debug   

     23594       2340       1082        292      12404     960386   Grand Totals
     23594       2340       1082        292      12404     960386   ELF Image Totals
     23594       2340       1082        292          0          0   ROM Totals

==============================================================================

    Total RO  Size (Code + RO Data)                24676 (  24.10kB)
    Total RW  Size (RW Data + ZI Data)             12696 (  12.40kB)
    Total ROM Size (Code + RO Data + RW Data)      24968 (  24.38kB)

==============================================================================

