Component: ARM Compiler 5.06 update 3 (build 300) Tool: armlink [4d35c9]

==============================================================================

Section Cross References

    main.o(i.Communicate_task) refers to _printf_pad.o(.text) for _printf_pre_padding
    main.o(i.Communicate_task) refers to _printf_percent.o(.ARM.Collect$$_printf_percent$$00000000) for _printf_percent
    main.o(i.Communicate_task) refers to _printf_x.o(.ARM.Collect$$_printf_percent$$0000000C) for _printf_x
    main.o(i.Communicate_task) refers to _printf_hex_int.o(.text) for _printf_longlong_hex
    main.o(i.Communicate_task) refers to led.o(i.LED_Init) for LED_Init
    main.o(i.Communicate_task) refers to uart_interface.o(i.UART_Init) for UART_Init
    main.o(i.Communicate_task) refers to transport.o(i.EndianTrans) for EndianTrans
    main.o(i.Communicate_task) refers to noretval__2printf.o(.text) for __2printf
    main.o(i.Communicate_task) refers to rt_memclr.o(.text) for __aeabi_memclr
    main.o(i.Communicate_task) refers to os_time.o(i.OSTimeDlyHMSM) for OSTimeDlyHMSM
    main.o(i.Communicate_task) refers to main.o(.data) for db_cmd_update
    main.o(i.Communicate_task) refers to main.o(.bss) for g_SerialPackRX
    main.o(i.Communicate_task) refers to data_base.o(.data) for db_controlMsg
    main.o(i.Communicate_task) refers to uart_interface.o(.data) for rec_flag
    main.o(i.Data_Process) refers to stm32f7xx_hal_gpio.o(i.HAL_GPIO_WritePin) for HAL_GPIO_WritePin
    main.o(i.Manual_task) refers to key.o(i.KEY_Init) for KEY_Init
    main.o(i.Manual_task) refers to os_time.o(i.OSTimeDly) for OSTimeDly
    main.o(i.Manual_task) refers to key.o(i.KEY_Scan) for KEY_Scan
    main.o(i.Manual_task) refers to transport.o(i.feedMsgPack) for feedMsgPack
    main.o(i.Manual_task) refers to stm32f7xx_hal_uart.o(i.HAL_UART_Transmit) for HAL_UART_Transmit
    main.o(i.Manual_task) refers to noretval__2printf.o(.text) for __2printf
    main.o(i.Manual_task) refers to data_base.o(.data) for db_feedbackMsg
    main.o(i.Manual_task) refers to main.o(.bss) for g_SerialPackTX
    main.o(i.Manual_task) refers to uart_interface.o(.bss) for UART_Handler
    main.o(i.main) refers to sys.o(i.Cache_Enable) for Cache_Enable
    main.o(i.main) refers to stm32f7xx_hal.o(i.HAL_Init) for HAL_Init
    main.o(i.main) refers to sys.o(i.Stm32_Clock_Init) for Stm32_Clock_Init
    main.o(i.main) refers to delay.o(i.delay_init) for delay_init
    main.o(i.main) refers to os_core.o(i.OSInit) for OSInit
    main.o(i.main) refers to cpu_a.o(.text) for CPU_SR_Save
    main.o(i.main) refers to cpu_core.o(i.CPU_IntDisMeasStart) for CPU_IntDisMeasStart
    main.o(i.main) refers to os_task.o(i.OSTaskCreate) for OSTaskCreate
    main.o(i.main) refers to cpu_core.o(i.CPU_IntDisMeasStop) for CPU_IntDisMeasStop
    main.o(i.main) refers to os_core.o(i.OSStart) for OSStart
    main.o(i.main) refers to main.o(.bss) for START_TASK_STK
    main.o(i.main) refers to main.o(i.start_task) for start_task
    main.o(i.start_task) refers to cpu_core.o(i.CPU_Init) for CPU_Init
    main.o(i.start_task) refers to os_stat.o(i.OSStatTaskCPUUsageInit) for OSStatTaskCPUUsageInit
    main.o(i.start_task) refers to cpu_core.o(i.CPU_IntDisMeasMaxCurReset) for CPU_IntDisMeasMaxCurReset
    main.o(i.start_task) refers to cpu_a.o(.text) for CPU_SR_Save
    main.o(i.start_task) refers to cpu_core.o(i.CPU_IntDisMeasStart) for CPU_IntDisMeasStart
    main.o(i.start_task) refers to os_task.o(i.OSTaskCreate) for OSTaskCreate
    main.o(i.start_task) refers to cpu_core.o(i.CPU_IntDisMeasStop) for CPU_IntDisMeasStop
    main.o(i.start_task) refers to os_task.o(i.OS_TaskSuspend) for OS_TaskSuspend
    main.o(i.start_task) refers to main.o(.bss) for COMMUNCIATE_TASK_STK
    main.o(i.start_task) refers to main.o(i.Communicate_task) for Communicate_task
    main.o(i.start_task) refers to main.o(i.Manual_task) for Manual_task
    transport.o(i.EndianTrans) refers to sys.o(i.memrev16) for memrev16
    transport.o(i.EndianTrans) refers to sys.o(i.memrev32) for memrev32
    transport.o(i.EndianTrans) refers to main.o(.bss) for g_SerialPackRX
    transport.o(i.dataCheck) refers to rt_memclr.o(.text) for __aeabi_memclr
    transport.o(i.dataCheck) refers to main.o(.bss) for g_SerialPackRX
    transport.o(i.dataCheck) refers to transport.o(.data) for flag
    transport.o(i.feedMsgPack) refers to main.o(.bss) for g_SerialPackTX
    delay.o(i.SysTick_Handler) refers to stm32f7xx_hal.o(i.HAL_IncTick) for HAL_IncTick
    delay.o(i.SysTick_Handler) refers to os_core.o(i.OSIntEnter) for OSIntEnter
    delay.o(i.SysTick_Handler) refers to os_time.o(i.OSTimeTick) for OSTimeTick
    delay.o(i.SysTick_Handler) refers to os_core.o(i.OSIntExit) for OSIntExit
    delay.o(i.SysTick_Handler) refers to os_var.o(.data) for OSRunning
    delay.o(i.delay_init) refers to stm32f7xx_hal_cortex.o(i.HAL_SYSTICK_CLKSourceConfig) for HAL_SYSTICK_CLKSourceConfig
    delay.o(i.delay_init) refers to delay.o(.data) for fac_us
[...]
    __decompress1                            0x08000235   Thumb Code     0  __dczerorl2.o(!!dczerorl2)
    __scatterload_zeroinit                   0x08000291   Thumb Code    28  __scatter_zi.o(!!handler_zi)
    _printf_percent                          0x080002ad   Thumb Code     0  _printf_percent.o(.ARM.Collect$$_printf_percent$$00000000)
    _printf_x                                0x080002ad   Thumb Code     0  _printf_x.o(.ARM.Collect$$_printf_percent$$0000000C)
    _printf_percent_end                      0x080002b3   Thumb Code     0  _printf_percent_end.o(.ARM.Collect$$_printf_percent$$00000017)
    __rt_lib_init                            0x080002b7   Thumb Code     0  libinit.o(.ARM.Collect$$libinit$$00000000)
    __rt_lib_init_fp_1                       0x080002b9   Thumb Code     0  libinit2.o(.ARM.Collect$$libinit$$00000001)
    __rt_lib_init_alloca_1                   0x080002bd   Thumb Code     0  libinit2.o(.ARM.Collect$$libinit$$0000002E)
    __rt_lib_init_argv_1                     0x080002bd   Thumb Code     0  libinit2.o(.ARM.Collect$$libinit$$0000002C)
    __rt_lib_init_atexit_1                   0x080002bd   Thumb Code     0  libinit2.o(.ARM.Collect$$libinit$$0000001B)
    __rt_lib_init_clock_1                    0x080002bd   Thumb Code     0  libinit2.o(.ARM.Collect$$libinit$$00000021)
    __rt_lib_init_cpp_1                      0x080002bd   Thumb Code     0  libinit2.o(.ARM.Collect$$libinit$$00000032)
    __rt_lib_init_exceptions_1               0x080002bd   Thumb Code     0  libinit2.o(.ARM.Collect$$libinit$$00000030)
    __rt_lib_init_fp_trap_1                  0x080002bd   Thumb Code     0  libinit2.o(.ARM.Collect$$libinit$$0000001F)
    __rt_lib_init_getenv_1                   0x080002bd   Thumb Code     0  libinit2.o(.ARM.Collect$$libinit$$00000023)
    __rt_lib_init_heap_1                     0x080002bd   Thumb Code     0  libinit2.o(.ARM.Collect$$libinit$$0000000A)
    __rt_lib_init_lc_collate_1               0x080002bd   Thumb Code     0  libinit2.o(.ARM.Collect$$libinit$$00000011)
    __rt_lib_init_lc_ctype_1                 0x080002bd   Thumb Code     0  libinit2.o(.ARM.Collect$$libinit$$00000013)
    __rt_lib_init_lc_monetary_1              0x080002bd   Thumb Code     0  libinit2.o(.ARM.Collect$$libinit$$00000015)
    __rt_lib_init_lc_numeric_1               0x080002bd   Thumb Code     0  libinit2.o(.ARM.Collect$$libinit$$00000017)
    __rt_lib_init_lc_time_1                  0x080002bd   Thumb Code     0  libinit2.o(.ARM.Collect$$libinit$$00000019)
    __rt_lib_init_preinit_1                  0x080002bd   Thumb Code     0  libinit2.o(.ARM.Collect$$libinit$$00000004)
    __rt_lib_init_rand_1                     0x080002bd   Thumb Code     0  libinit2.o(.ARM.Collect$$libinit$$0000000E)
    __rt_lib_init_return                     0x080002bd   Thumb Code     0  libinit2.o(.ARM.Collect$$libinit$$00000033)
    __rt_lib_init_signal_1                   0x080002bd   Thumb Code     0  libinit2.o(.ARM.Collect$$libinit$$0000001D)
    __rt_lib_init_stdio_1                    0x080002bd   Thumb Code     0  libinit2.o(.ARM.Collect$$libinit$$00000025)
    __rt_lib_init_user_alloc_1               0x080002bd   Thumb Code     0  libinit2.o(.ARM.Collect$$libinit$$0000000C)
    __rt_lib_shutdown                        0x080002bf   Thumb Code     0  libshutdown.o(.ARM.Collect$$libshutdown$$00000000)
    __rt_lib_shutdown_cpp_1                  0x080002c1   Thumb Code     0  libshutdown2.o(.ARM.Collect$$libshutdown$$00000002)
    __rt_lib_shutdown_fp_trap_1              0x080002c1   Thumb Code     0  libshutdown2.o(.ARM.Collect$$libshutdown$$00000007)
    __rt_lib_shutdown_heap_1                 0x080002c1   Thumb Code     0  libshutdown2.o(.ARM.Collect$$libshutdown$$0000000F)
    __rt_lib_shutdown_return                 0x080002c1   Thumb Code     0  libshutdown2.o(.ARM.Collect$$libshutdown$$00000010)
    __rt_lib_shutdown_signal_1               0x080002c1   Thumb Code     0  libshutdown2.o(.ARM.Collect$$libshutdown$$0000000A)
    __rt_lib_shutdown_stdio_1                0x080002c1   Thumb Code     0  libshutdown2.o(.ARM.Collect$$libshutdown$$00000004)
    __rt_lib_shutdown_user_alloc_1           0x080002c1   Thumb Code     0  libshutdown2.o(.ARM.Collect$$libshutdown$$0000000C)
    __rt_entry                               0x080002c3   Thumb Code     0  __rtentry.o(.ARM.Collect$$rtentry$$00000000)
    __rt_entry_presh_1                       0x080002c3   Thumb Code     0  __rtentry2.o(.ARM.Collect$$rtentry$$00000002)
    __rt_entry_sh                            0x080002c3   Thumb Code     0  __rtentry4.o(.ARM.Collect$$rtentry$$00000004)
    __rt_entry_li                            0x080002c9   Thumb Code     0  __rtentry2.o(.ARM.Collect$$rtentry$$0000000A)
    __rt_entry_postsh_1                      0x080002c9   Thumb Code     0  __rtentry2.o(.ARM.Collect$$rtentry$$00000009)
    __rt_entry_main                          0x080002cd   Thumb Code     0  __rtentry2.o(.ARM.Collect$$rtentry$$0000000D)
    __rt_entry_postli_1                      0x080002cd   Thumb Code     0  __rtentry2.o(.ARM.Collect$$rtentry$$0000000C)
    __rt_exit                                0x080002d5   Thumb Code     0  rtexit.o(.ARM.Collect$$rtexit$$00000000)
    __rt_exit_ls                             0x080002d7   Thumb Code     0  rtexit2.o(.ARM.Collect$$rtexit$$00000003)
    __rt_exit_prels_1                        0x080002d7   Thumb Code     0  rtexit2.o(.ARM.Collect$$rtexit$$00000002)
    __rt_exit_exit                           0x080002db   Thumb Code     0  rtexit2.o(.ARM.Collect$$rtexit$$00000004)
    CPU_IntDis                               0x080002e1   Thumb Code     0  cpu_a.o(.text)
    CPU_IntEn                                0x080002e5   Thumb Code     0  cpu_a.o(.text)
    CPU_SR_Save                              0x080002e9   Thumb Code     0  cpu_a.o(.text)
    CPU_SR_Restore                           0x080002f1   Thumb Code     0  cpu_a.o(.text)
    CPU_WaitForInt                           0x080002f7   Thumb Code     0  cpu_a.o(.text)
    CPU_WaitForExcept                        0x080002fb   Thumb Code     0  cpu_a.o(.text)
    CPU_CntLeadZeros                         0x080002ff   Thumb Code     0  cpu_a.o(.text)
    CPU_CntTrailZeros                        0x08000305   Thumb Code     0  cpu_a.o(.text)
    CPU_RevBits                              0x0800030f   Thumb Code     0  cpu_a.o(.text)
    Reset_Handler                            0x08000315   Thumb Code    40  startup_stm32f767xx.o(.text)
    ADC_IRQHandler                           0x0800034f   Thumb Code     0  startup_stm32f767xx.o(.text)
    CAN1_RX0_IRQHandler                      0x0800034f   Thumb Code     0  startup_stm32f767xx.o(.text)
    CAN1_RX1_IRQHandler                      0x0800034f   Thumb Code     0  startup_stm32f767xx.o(.text)
    CAN1_SCE_IRQHandler                      0x0800034f   Thumb Code     0  startup_stm32f767xx.o(.text)
    CAN1_TX_IRQHandler                       0x0800034f   Thumb Code     0  startup_stm32f767xx.o(.text)
    CAN2_RX0_IRQHandler                      0x0800034f   Thumb Code     0  startup_stm32f767xx.o(.text)
    CAN2_RX1_IRQHandler                      0x0800034f   Thumb Code     0  startup_stm32f767xx.o(.text)
    CAN2_SCE_IRQHandler                      0x0800034f   Thumb Code     0  startup_stm32f767xx.o(.text)
    CAN2_TX_IRQHandler                       0x0800034f   Thumb Code     0  startup_stm32f767xx.o(.text)
    CAN3_RX0_IRQHandler                      0x0800034f   Thumb Code     0  startup_stm32f767xx.o(.text)
    CAN3_RX1_IRQHandler                      0x0800034f   Thumb Code     0  startup_stm32f767xx.o(.text)
    CAN3_SCE_IRQHandler                      0x0800034f   Thumb Code     0  startup_stm32f767xx.o(.text)
    CAN3_TX_IRQHandler                       0x0800034f   Thumb Code     0  startup_stm32f767xx.o(.text)
    CEC_IRQHandler                           0x0800034f   Thumb Code     0  startup_stm32f767xx.o(.text)
    DCMI_IRQHandler                          0x0800034f   Thumb Code     0  startup_stm32f767xx.o(.text)
    DFSDM1_FLT0_IRQHandler                   0x0800034f   Thumb Code     0  startup_stm32f767xx.o(.text)
    DFSDM1_FLT1_IRQHandler                   0x0800034f   Thumb Code     0  startup_stm32f767xx.o(.text)
    DFSDM1_FLT2_IRQHandler                   0x0800034f   Thumb Code     0  startup_stm32f767xx.o(.text)
    DFSDM1_FLT3_IRQHandler                   0x0800034f   Thumb Code     0  startup_stm32f767xx.o(.text)
    DMA1_Stream0_IRQHandler                  0x0800034f   Thumb Code     0  startup_stm32f767xx.o(.text)
    DMA1_Stream1_IRQHandler                  0x0800034f   Thumb Code     0  startup_stm32f767xx.o(.text)
    DMA1_Stream2_IRQHandler                  0x0800034f   Thumb Code     0  startup_stm32f767xx.o(.text)
    DMA1_Stream3_IRQHandler                  0x0800034f   Thumb Code     0  startup_stm32f767xx.o(.text)
    DMA1_Stream4_IRQHandler                  0x0800034f   Thumb Code     0  startup_stm32f767xx.o(.text)
    DMA1_Stream5_IRQHandler                  0x0800034f   Thumb Code     0  startup_stm32f767xx.o(.text)
    DMA1_Stream6_IRQHandler                  0x0800034f   Thumb Code     0  startup_stm32f767xx.o(.text)
    DMA1_Stream7_IRQHandler                  0x0800034f   Thumb Code     0  startup_stm32f767xx.o(.text)
    DMA2D_IRQHandler                         0x0800034f   Thumb Code     0  startup_stm32f767xx.o(.text)
    DMA2_Stream0_IRQHandler                  0x0800034f   Thumb Code     0  startup_stm32f767xx.o(.text)
    DMA2_Stream1_IRQHandler                  0x0800034f   Thumb Code     0  startup_stm32f767xx.o(.text)
    DMA2_Stream2_IRQHandler                  0x0800034f   Thumb Code     0  startup_stm32f767xx.o(.text)
    DMA2_Stream3_IRQHandler                  0x0800034f   Thumb Code     0  startup_stm32f767xx.o(.text)
    DMA2_Stream4_IRQHandler                  0x0800034f   Thumb Code     0  startup_stm32f767xx.o(.text)
    DMA2_Stream5_IRQHandler                  0x0800034f   Thumb Code     0  startup_stm32f767xx.o(.text)
    DMA2_Stream6_IRQHandler                  0x0800034f   Thumb Code     0  startup_stm32f767xx.o(.text)
    DMA2_Stream7_IRQHandler                  0x0800034f   Thumb Code     0  startup_stm32f767xx.o(.text)
    ETH_IRQHandler                           0x0800034f   Thumb Code     0  startup_stm32f767xx.o(.text)
    ETH_WKUP_IRQHandler                      0x0800034f   Thumb Code     0  startup_stm32f767xx.o(.text)
    EXTI0_IRQHandler                         0x0800034f   Thumb Code     0  startup_stm32f767xx.o(.text)
    EXTI15_10_IRQHandler                     0x0800034f   Thumb Code     0  startup_stm32f767xx.o(.text)
    EXTI1_IRQHandler                         0x0800034f   Thumb Code     0  startup_stm32f767xx.o(.text)
    EXTI2_IRQHandler                         0x0800034f   Thumb Code     0  startup_stm32f767xx.o(.text)
    EXTI3_IRQHandler                         0x0800034f   Thumb Code     0  startup_stm32f767xx.o(.text)
    EXTI4_IRQHandler                         0x0800034f   Thumb Code     0  startup_stm32f767xx.o(.text)
    EXTI9_5_IRQHandler                       0x0800034f   Thumb Code     0  startup_stm32f767xx.o(.text)
    FLASH_IRQHandler                         0x0800034f   Thumb Code     0  startup_stm32f767xx.o(.text)
    FMC_IRQHandler                           0x0800034f   Thumb Code     0  startup_stm32f767xx.o(.text)
    FPU_IRQHandler                           0x0800034f   Thumb Code     0  startup_stm32f767xx.o(.text)
    I2C1_ER_IRQHandler                       0x0800034f   Thumb Code     0  startup_stm32f767xx.o(.text)
    I2C1_EV_IRQHandler                       0x0800034f   Thumb Code     0  startup_stm32f767xx.o(.text)
    I2C2_ER_IRQHandler                       0x0800034f   Thumb Code     0  startup_stm32f767xx.o(.text)
    I2C2_EV_IRQHandler                       0x0800034f   Thumb Code     0  startup_stm32f767xx.o(.text)
    I2C3_ER_IRQHandler                       0x0800034f   Thumb Code     0  startup_stm32f767xx.o(.text)
    I2C3_EV_IRQHandler                       0x0800034f   Thumb Code     0  startup_stm32f767xx.o(.text)
    I2C4_ER_IRQHandler                       0x0800034f   Thumb Code     0  startup_stm32f767xx.o(.text)
    I2C4_EV_IRQHandler                       0x0800034f   Thumb Code     0  startup_stm32f767xx.o(.text)
    JPEG_IRQHandler                          0x0800034f   Thumb Code     0  startup_stm32f767xx.o(.text)
    LPTIM1_IRQHandler                        0x0800034f   Thumb Code     0  startup_stm32f767xx.o(.text)
    LTDC_ER_IRQHandler                       0x0800034f   Thumb Code     0  startup_stm32f767xx.o(.text)
    LTDC_IRQHandler                          0x0800034f   Thumb Code     0  startup_stm32f767xx.o(.text)
    MDIOS_IRQHandler                         0x0800034f   Thumb Code     0  startup_stm32f767xx.o(.text)
    OTG_FS_IRQHandler                        0x0800034f   Thumb Code     0  startup_stm32f767xx.o(.text)
    OTG_FS_WKUP_IRQHandler                   0x0800034f   Thumb Code     0  startup_stm32f767xx.o(.text)
    OTG_HS_EP1_IN_IRQHandler                 0x0800034f   Thumb Code     0  startup_stm32f767xx.o(.text)
    OTG_HS_EP1_OUT_IRQHandler                0x0800034f   Thumb Code     0  startup_stm32f767xx.o(.text)
    OTG_HS_IRQHandler                        0x0800034f   Thumb Code     0  startup_stm32f767xx.o(.text)
    OTG_HS_WKUP_IRQHandler                   0x0800034f   Thumb Code     0  startup_stm32f767xx.o(.text)
    PVD_IRQHandler                           0x0800034f   Thumb Code     0  startup_stm32f767xx.o(.text)
    QUADSPI_IRQHandler                       0x0800034f   Thumb Code     0  startup_stm32f767xx.o(.text)
    RCC_IRQHandler                           0x0800034f   Thumb Code     0  startup_stm32f767xx.o(.text)
    RNG_IRQHandler                           0x0800034f   Thumb Code     0  startup_stm32f767xx.o(.text)
    RTC_Alarm_IRQHandler                     0x0800034f   Thumb Code     0  startup_stm32f767xx.o(.text)
    RTC_WKUP_IRQHandler                      0x0800034f   Thumb Code     0  startup_stm32f767xx.o(.text)
    SAI1_IRQHandler                          0x0800034f   Thumb Code     0  startup_stm32f767xx.o(.text)
    SAI2_IRQHandler                          0x0800034f   Thumb Code     0  startup_stm32f767xx.o(.text)
    SDMMC1_IRQHandler                        0x0800034f   Thumb Code     0  startup_stm32f767xx.o(.text)
    SDMMC2_IRQHandler                        0x0800034f   Thumb Code     0  startup_stm32f767xx.o(.text)
    SPDIF_RX_IRQHandler                      0x0800034f   Thumb Code     0  startup_stm32f767xx.o(.text)
    SPI1_IRQHandler                          0x0800034f   Thumb Code     0  startup_stm32f767xx.o(.text)
    SPI2_IRQHandler                          0x0800034f   Thumb Code     0  startup_stm32f767xx.o(.text)
    SPI3_IRQHandler                          0x0800034f   Thumb Code     0  startup_stm32f767xx.o(.text)
    SPI4_IRQHandler                          0x0800034f   Thumb Code     0  startup_stm32f767xx.o(.text)
    SPI5_IRQHandler                          0x0800034f   Thumb Code     0  startup_stm32f767xx.o(.text)
    SPI6_IRQHandler                          0x0800034f   Thumb Code     0  startup_stm32f767xx.o(.text)
    TAMP_STAMP_IRQHandler                    0x0800034f   Thumb Code     0  startup_stm32f767xx.o(.text)
    TIM1_BRK_TIM9_IRQHandler                 0x0800034f   Thumb Code     0  startup_stm32f767xx.o(.text)
    TIM1_CC_IRQHandler                       0x0800034f   Thumb Code     0  startup_stm32f767xx.o(.text)
    TIM1_TRG_COM_TIM11_IRQHandler            0x0800034f   Thumb Code     0  startup_stm32f767xx.o(.text)
    TIM1_UP_TIM10_IRQHandler                 0x0800034f   Thumb Code     0  startup_stm32f767xx.o(.text)
    TIM2_IRQHandler                          0x0800034f   Thumb Code     0  startup_stm32f767xx.o(.text)
    TIM3_IRQHandler                          0x0800034f   Thumb Code     0  startup_stm32f767xx.o(.text)
    TIM4_IRQHandler                          0x0800034f   Thumb Code     0  startup_stm32f767xx.o(.text)
    TIM5_IRQHandler                          0x0800034f   Thumb Code     0  startup_stm32f767xx.o(.text)
    TIM6_DAC_IRQHandler                      0x0800034f   Thumb Code     0  startup_stm32f767xx.o(.text)
    TIM7_IRQHandler                          0x0800034f   Thumb Code     0  startup_stm32f767xx.o(.text)
    TIM8_BRK_TIM12_IRQHandler                0x0800034f   Thumb Code     0  startup_stm32f767xx.o(.text)
    TIM8_CC_IRQHandler                       0x0800034f   Thumb Code     0  startup_stm32f767xx.o(.text)
    TIM8_TRG_COM_TIM14_IRQHandler            0x0800034f   Thumb Code     0  startup_stm32f767xx.o(.text)
    TIM8_UP_TIM13_IRQHandler                 0x0800034f   Thumb Code     0  startup_stm32f767xx.o(.text)
    UART4_IRQHandler                         0x0800034f   Thumb Code     0  startup_stm32f767xx.o(.text)
    UART5_IRQHandler                         0x0800034f   Thumb Code     0  startup_stm32f767xx.o(.text)
    UART7_IRQHandler                         0x0800034f   Thumb Code     0  startup_stm32f767xx.o(.text)
    UART8_IRQHandler                         0x0800034f   Thumb Code     0  startup_stm32f767xx.o(.text)
    USART2_IRQHandler                        0x0800034f   Thumb Code     0  startup_stm32f767xx.o(.text)
    USART3_IRQHandler                        0x0800034f   Thumb Code     0  startup_stm32f767xx.o(.text)
    USART6_IRQHandler                        0x0800034f   Thumb Code     0  startup_stm32f767xx.o(.text)
    WWDG_IRQHandler                          0x0800034f   Thumb Code     0  startup_stm32f767xx.o(.text)
    __user_initial_stackheap                 0x08000351   Thumb Code     0  startup_stm32f767xx.o(.text)
    __use_no_semihosting                     0x0800037d   Thumb Code     2  use_no_semi_2.o(.text)
    __2printf                                0x08000381   Thumb Code    20  noretval__2printf.o(.text)
    _printf_pre_padding                      0x08000399   Thumb Code    44  _printf_pad.o(.text)
    _printf_post_padding                     0x080003c5   Thumb Code    34  _printf_pad.o(.text)
    _printf_int_hex                          0x080003e9   Thumb Code    84  _printf_hex_int.o(.text)
    _printf_longlong_hex                     0x080003e9   Thumb Code     0  _printf_hex_int.o(.text)
    __printf                                 0x08000441   Thumb Code   308  __printf_flags_wp.o(.text)
    __aeabi_memclr                           0x08000579   Thumb Code     0  rt_memclr.o(.text)
    __rt_memclr                              0x08000579   Thumb Code    68  rt_memclr.o(.text)
    _memset                                  0x0800057d   Thumb Code     0  rt_memclr.o(.text)
    __aeabi_memclr4                          0x080005bd   Thumb Code     0  rt_memclr_w.o(.text)
    __aeabi_memclr8                          0x080005bd   Thumb Code     0  rt_memclr_w.o(.text)
    __rt_memclr_w                            0x080005bd   Thumb Code    78  rt_memclr_w.o(.text)
    _memset_w                                0x080005c1   Thumb Code     0  rt_memclr_w.o(.text)
    __use_two_region_memory                  0x0800060b   Thumb Code     2  heapauxi.o(.text)
    __rt_heap_escrow$2region                 0x0800060d   Thumb Code     2  heapauxi.o(.text)
    __rt_heap_expand$2region                 0x0800060f   Thumb Code     2  heapauxi.o(.text)
    __I$use$semihosting                      0x08000611   Thumb Code     0  use_no_semi.o(.text)
    __use_no_semihosting_swi                 0x08000611   Thumb Code     2  use_no_semi.o(.text)
    _printf_int_common                       0x08000613   Thumb Code   178  _printf_intcommon.o(.text)
    _printf_char_file                        0x080006c5   Thumb Code    32  _printf_char_file.o(.text)
    _printf_char_common                      0x080006f3   Thumb Code    32  _printf_char_common.o(.text)
    ferror                                   0x08000719   Thumb Code     8  ferror.o(.text)
    __user_setup_stackheap                   0x08000721   Thumb Code    74  sys_stackheap_outer.o(.text)
    exit                                     0x0800076b   Thumb Code    18  exit.o(.text)
    __user_libspace                          0x0800077d   Thumb Code     8  libspace.o(.text)
    __user_perproc_libspace                  0x0800077d   Thumb Code     0  libspace.o(.text)
    __user_perthread_libspace                0x0800077d   Thumb Code     0  libspace.o(.text)
    OS_CPU_FP_Reg_Push                       0x08000785   Thumb Code     0  os_cpu_a.o(CODE)
    OS_CPU_FP_Reg_Pop                        0x0800079f   Thumb Code     0  os_cpu_a.o(CODE)
    OSStartHighRdy                           0x080007b1   Thumb Code     0  os_cpu_a.o(CODE)
    OSCtxSw                                  0x0800082d   Thumb Code     0  os_cpu_a.o(CODE)
    OSIntCtxSw                               0x08000837   Thumb Code     0  os_cpu_a.o(CODE)
    PendSV_Handler                           0x08000841   Thumb Code     0  os_cpu_a.o(CODE)
    BSP_CPU_ClkFreq                          0x0800089d   Thumb Code    12  bsp.o(i.BSP_CPU_ClkFreq)
    BusFault_Handler                         0x080008a9   Thumb Code     4  stm32f7xx_it_1.o(i.BusFault_Handler)
    CPU_Init                                 0x080008ad   Thumb Code    16  cpu_core.o(i.CPU_Init)
    CPU_IntDisMeasMaxCurGet                  0x0800095d   Thumb Code    40  cpu_core.o(i.CPU_IntDisMeasMaxCurGet)
    CPU_IntDisMeasMaxCurReset                0x08000989   Thumb Code    40  cpu_core.o(i.CPU_IntDisMeasMaxCurReset)
    CPU_IntDisMeasMaxGet                     0x080009b5   Thumb Code    40  cpu_core.o(i.CPU_IntDisMeasMaxGet)
    CPU_IntDisMeasStart                      0x080009e1   Thumb Code    38  cpu_core.o(i.CPU_IntDisMeasStart)
    CPU_IntDisMeasStop                       0x08000a15   Thumb Code    62  cpu_core.o(i.CPU_IntDisMeasStop)
    CPU_NameClr                              0x08000a69   Thumb Code    50  cpu_core.o(i.CPU_NameClr)
    CPU_TS_TmrFreqSet                        0x08000abd   Thumb Code     6  cpu_core.o(i.CPU_TS_TmrFreqSet)
    CPU_TS_TmrInit                           0x08000ac9   Thumb Code    44  bsp.o(i.CPU_TS_TmrInit)
    CPU_TS_TmrRd                             0x08000afd   Thumb Code     6  bsp.o(i.CPU_TS_TmrRd)
    Cache_Enable                             0x08000b09   Thumb Code   112  sys.o(i.Cache_Enable)
    Communicate_task                         0x08000b81   Thumb Code   256  main.o(i.Communicate_task)
    DebugMon_Handler                         0x08000d51   Thumb Code     2  stm32f7xx_it_1.o(i.DebugMon_Handler)
    EndianTrans                              0x08000d55   Thumb Code    42  transport.o(i.EndianTrans)
    HAL_DMA_Abort_IT                         0x08000d85   Thumb Code    40  stm32f7xx_hal_dma.o(i.HAL_DMA_Abort_IT)
    HAL_GPIO_Init                            0x08000dad   Thumb Code   484  stm32f7xx_hal_gpio.o(i.HAL_GPIO_Init)
    HAL_GPIO_ReadPin                         0x08000fc5   Thumb Code    16  stm32f7xx_hal_gpio.o(i.HAL_GPIO_ReadPin)
    HAL_GPIO_WritePin                        0x08000fd5   Thumb Code    12  stm32f7xx_hal_gpio.o(i.HAL_GPIO_WritePin)
    HAL_GetTick                              0x08000fe1   Thumb Code     6  stm32f7xx_hal.o(i.HAL_GetTick)
    HAL_IncTick                              0x08000fed   Thumb Code    12  stm32f7xx_hal.o(i.HAL_IncTick)
    HAL_Init                                 0x08000ffd   Thumb Code    34  stm32f7xx_hal.o(i.HAL_Init)
    HAL_InitTick                             0x08001025   Thumb Code    36  stm32f7xx_hal.o(i.HAL_InitTick)
    HAL_MspInit                              0x0800104d   Thumb Code     2  stm32f7xx_hal_msp_1.o(i.HAL_MspInit)
    HAL_NVIC_EnableIRQ                       0x0800104f   Thumb Code    26  stm32f7xx_hal_cortex.o(i.HAL_NVIC_EnableIRQ)
    HAL_NVIC_SetPriority                     0x08001069   Thumb Code   124  stm32f7xx_hal_cortex.o(i.HAL_NVIC_SetPriority)
    HAL_NVIC_SetPriorityGrouping             0x080010e5   Thumb Code    32  stm32f7xx_hal_cortex.o(i.HAL_NVIC_SetPriorityGrouping)
    HAL_PWREx_EnableOverDrive                0x0800110d   Thumb Code   136  stm32f7xx_hal_pwr_ex.o(i.HAL_PWREx_EnableOverDrive)
    HAL_RCC_ClockConfig                      0x0800119d   Thumb Code   420  stm32f7xx_hal_rcc.o(i.HAL_RCC_ClockConfig)
    HAL_RCC_GetHCLKFreq                      0x08001351   Thumb Code     6  stm32f7xx_hal_rcc.o(i.HAL_RCC_GetHCLKFreq)
    HAL_RCC_GetPCLK1Freq                     0x0800135d   Thumb Code    36  stm32f7xx_hal_rcc.o(i.HAL_RCC_GetPCLK1Freq)
    HAL_RCC_GetPCLK2Freq                     0x08001389   Thumb Code    36  stm32f7xx_hal_rcc.o(i.HAL_RCC_GetPCLK2Freq)
    HAL_RCC_GetSysClockFreq                  0x080013b5   Thumb Code   168  stm32f7xx_hal_rcc.o(i.HAL_RCC_GetSysClockFreq)
    HAL_RCC_OscConfig                        0x08001469   Thumb Code  1228  stm32f7xx_hal_rcc_ex.o(i.HAL_RCC_OscConfig)
    HAL_SYSTICK_CLKSourceConfig              0x08001939   Thumb Code    40  stm32f7xx_hal_cortex.o(i.HAL_SYSTICK_CLKSourceConfig)
    HAL_SYSTICK_Config                       0x08001961   Thumb Code    52  stm32f7xx_hal_cortex.o(i.HAL_SYSTICK_Config)
    HAL_UART_ErrorCallback                   0x08001995   Thumb Code     2  stm32f7xx_hal_uart.o(i.HAL_UART_ErrorCallback)
    HAL_UART_IRQHandler                      0x08001999   Thumb Code   344  stm32f7xx_hal_uart.o(i.HAL_UART_IRQHandler)
    HAL_UART_Init                            0x08001af5   Thumb Code   120  stm32f7xx_hal_uart.o(i.HAL_UART_Init)
    HAL_UART_MspInit                         0x08001b6d   Thumb Code    18  uart_interface.o(i.HAL_UART_MspInit)
    HAL_UART_Receive_IT                      0x08001b85   Thumb Code   200  stm32f7xx_hal_uart.o(i.HAL_UART_Receive_IT)
    HAL_UART_RxCpltCallback                  0x08001c4d   Thumb Code   500  uart_interface.o(i.HAL_UART_RxCpltCallback)
    HAL_UART_Transmit                        0x08001e5d   Thumb Code   198  stm32f7xx_hal_uart.o(i.HAL_UART_Transmit)
    HAL_UART_TxCpltCallback                  0x08001f23   Thumb Code     2  stm32f7xx_hal_uart.o(i.HAL_UART_TxCpltCallback)
    HardFault_Handler                        0x08001f25   Thumb Code     4  stm32f7xx_it_1.o(i.HardFault_Handler)
    KEY_Init                                 0x08001f29   Thumb Code   150  key.o(i.KEY_Init)
    KEY_Scan                                 0x08001fd1   Thumb Code   192  key.o(i.KEY_Scan)
    LED_Init                                 0x080020a1   Thumb Code    78  led.o(i.LED_Init)
    Manual_task                              0x080020f9   Thumb Code   162  main.o(i.Manual_task)
    MemManage_Handler                        0x080021c9   Thumb Code     4  stm32f7xx_it_1.o(i.MemManage_Handler)
    Mem_Clr                                  0x080021cd   Thumb Code    18  lib_mem.o(i.Mem_Clr)
    Mem_Set                                  0x080021df   Thumb Code    84  lib_mem.o(i.Mem_Set)
    NMI_Handler                              0x08002233   Thumb Code     2  stm32f7xx_it_1.o(i.NMI_Handler)
    OSCfg_Init                               0x0800226d   Thumb Code     2  os_cfg_app.o(i.OSCfg_Init)
    OSIdleTaskHook                           0x08002271   Thumb Code    16  os_cpu_c.o(i.OSIdleTaskHook)
    OSInit                                   0x08002285   Thumb Code   258  os_core.o(i.OSInit)
    OSInitHook                               0x080023d1   Thumb Code    28  os_cpu_c.o(i.OSInitHook)
    OSIntEnter                               0x080023f9   Thumb Code    34  os_core.o(i.OSIntEnter)
    OSIntExit                                0x08002425   Thumb Code   188  os_core.o(i.OSIntExit)
    OSMutexCreate                            0x08002501   Thumb Code    98  os_mutex.o(i.OSMutexCreate)
    OSMutexPend                              0x0800256d   Thumb Code   480  os_mutex.o(i.OSMutexPend)
    OSMutexPost                              0x08002759   Thumb Code   366  os_mutex.o(i.OSMutexPost)
    OSSched                                  0x080028d5   Thumb Code   134  os_core.o(i.OSSched)
    OSSchedLock                              0x08002979   Thumb Code    92  os_core.o(i.OSSchedLock)
    OSSchedUnlock                            0x080029dd   Thumb Code   128  os_core.o(i.OSSchedUnlock)
    OSStart                                  0x08002a65   Thumb Code    78  os_core.o(i.OSStart)
    OSStatReset                              0x08002acd   Thumb Code   294  os_stat.o(i.OSStatReset)
    OSStatTaskCPUUsageInit                   0x08002c15   Thumb Code   228  os_stat.o(i.OSStatTaskCPUUsageInit)
    OSStatTaskHook                           0x08002d15   Thumb Code    16  os_cpu_c.o(i.OSStatTaskHook)
    OSTaskCreate                             0x08002d29   Thumb Code   312  os_task.o(i.OSTaskCreate)
    OSTaskCreateHook                         0x08002e6d   Thumb Code    20  os_cpu_c.o(i.OSTaskCreateHook)
    OSTaskDel                                0x08002e85   Thumb Code   400  os_task.o(i.OSTaskDel)
    OSTaskDelHook                            0x08003021   Thumb Code    20  os_cpu_c.o(i.OSTaskDelHook)
    OSTaskResume                             0x08003039   Thumb Code    54  os_task.o(i.OSTaskResume)
    OSTaskReturnHook                         0x08003071   Thumb Code    20  os_cpu_c.o(i.OSTaskReturnHook)
    OSTaskSemPend                            0x08003089   Thumb Code   448  os_task.o(i.OSTaskSemPend)
    OSTaskSemPost                            0x08003251   Thumb Code    36  os_task.o(i.OSTaskSemPost)
    OSTaskStkChk                             0x08003275   Thumb Code   184  os_task.o(i.OSTaskStkChk)
    OSTaskStkInit                            0x08003331   Thumb Code   600  os_cpu_c.o(i.OSTaskStkInit)
    OSTaskSuspend                            0x080035f5   Thumb Code    32  os_task.o(i.OSTaskSuspend)
    OSTaskSwHook                             0x08003619   Thumb Code   160  os_cpu_c.o(i.OSTaskSwHook)
    OSTimeDly                                0x080036c5   Thumb Code   168  os_time.o(i.OSTimeDly)
    OSTimeDlyHMSM                            0x08003775   Thumb Code   262  os_time.o(i.OSTimeDlyHMSM)
    OSTimeTick                               0x08003889   Thumb Code    50  os_time.o(i.OSTimeTick)
    OSTimeTickHook                           0x080038cd   Thumb Code    16  os_cpu_c.o(i.OSTimeTickHook)
    OS_Dbg_Init                              0x080038e1   Thumb Code   146  os_dbg.o(i.OS_Dbg_Init)
    OS_FlagInit                              0x08003a89   Thumb Code    14  os_flag.o(i.OS_FlagInit)
    OS_IdleTask                              0x08003aa1   Thumb Code    66  os_core.o(i.OS_IdleTask)
    OS_IdleTaskInit                          0x08003aed   Thumb Code    66  os_core.o(i.OS_IdleTaskInit)
    OS_MemInit                               0x08003b5d   Thumb Code    14  os_mem.o(i.OS_MemInit)
    OS_MsgPoolInit                           0x08003b75   Thumb Code    80  os_msg.o(i.OS_MsgPoolInit)
    OS_MsgQFreeAll                           0x08003bd1   Thumb Code    62  os_msg.o(i.OS_MsgQFreeAll)
    OS_MsgQInit                              0x08003c15   Thumb Code    14  os_msg.o(i.OS_MsgQInit)
    OS_MutexDbgListAdd                       0x08003c25   Thumb Code    38  os_mutex.o(i.OS_MutexDbgListAdd)
    OS_MutexGrpAdd                           0x08003c55   Thumb Code     8  os_mutex.o(i.OS_MutexGrpAdd)
    OS_MutexGrpPostAll                       0x08003c5d   Thumb Code    96  os_mutex.o(i.OS_MutexGrpPostAll)
    OS_MutexGrpPrioFindHighest               0x08003cbd   Thumb Code    44  os_mutex.o(i.OS_MutexGrpPrioFindHighest)
    OS_MutexGrpRemove                        0x08003ce9   Thumb Code    28  os_mutex.o(i.OS_MutexGrpRemove)
    OS_MutexInit                             0x08003d05   Thumb Code    14  os_mutex.o(i.OS_MutexInit)
    OS_Pend                                  0x08003d1d   Thumb Code   100  os_core.o(i.OS_Pend)
    OS_PendDataInit                          0x08003d85   Thumb Code    40  os_core.o(i.OS_PendDataInit)
    OS_PendDbgNameAdd                        0x08003dad   Thumb Code    66  os_core.o(i.OS_PendDbgNameAdd)
    OS_PendDbgNameRemove                     0x08003e09   Thumb Code    30  os_core.o(i.OS_PendDbgNameRemove)
    OS_PendListChangePrio                    0x08003e2d   Thumb Code    58  os_core.o(i.OS_PendListChangePrio)
    OS_PendListInit                          0x08003e67   Thumb Code    10  os_core.o(i.OS_PendListInit)
    OS_PendListInsertPrio                    0x08003e71   Thumb Code   102  os_core.o(i.OS_PendListInsertPrio)
    OS_PendListRemove                        0x08003ed7   Thumb Code    52  os_core.o(i.OS_PendListRemove)
    OS_PendListRemove1                       0x08003f0b   Thumb Code    66  os_core.o(i.OS_PendListRemove1)
    OS_Post                                  0x08003f4d   Thumb Code   214  os_core.o(i.OS_Post)
    OS_Post1                                 0x08004023   Thumb Code    44  os_core.o(i.OS_Post1)
    OS_PrioGetHighest                        0x08004051   Thumb Code    36  os_prio.o(i.OS_PrioGetHighest)
    OS_PrioInit                              0x08004079   Thumb Code    20  os_prio.o(i.OS_PrioInit)
    OS_PrioInsert                            0x08004091   Thumb Code    32  os_prio.o(i.OS_PrioInsert)
    OS_PrioRemove                            0x080040b5   Thumb Code    32  os_prio.o(i.OS_PrioRemove)
    OS_QInit                                 0x080040d9   Thumb Code    14  os_q.o(i.OS_QInit)
    OS_RdyListInit                           0x080040f1   Thumb Code    32  os_core.o(i.OS_RdyListInit)
    OS_RdyListInsert                         0x08004115   Thumb Code    40  os_core.o(i.OS_RdyListInsert)
    OS_RdyListInsertHead                     0x08004141   Thumb Code    58  os_core.o(i.OS_RdyListInsertHead)
    OS_RdyListInsertTail                     0x08004181   Thumb Code    56  os_core.o(i.OS_RdyListInsertTail)
    OS_RdyListRemove                         0x080041bd   Thumb Code    86  os_core.o(i.OS_RdyListRemove)
    OS_SemInit                               0x08004219   Thumb Code    14  os_sem.o(i.OS_SemInit)
    OS_StatTask                              0x08004231   Thumb Code   738  os_stat.o(i.OS_StatTask)
    OS_StatTaskInit                          0x08004555   Thumb Code   136  os_stat.o(i.OS_StatTaskInit)
    OS_TaskBlock                             0x08004621   Thumb Code    40  os_core.o(i.OS_TaskBlock)
    OS_TaskChangePrio                        0x0800464d   Thumb Code   232  os_task.o(i.OS_TaskChangePrio)
    OS_TaskDbgListAdd                        0x08004739   Thumb Code    42  os_task.o(i.OS_TaskDbgListAdd)
    OS_TaskDbgListRemove                     0x08004769   Thumb Code    64  os_task.o(i.OS_TaskDbgListRemove)
    OS_TaskInit                              0x080047ad   Thumb Code    18  os_task.o(i.OS_TaskInit)
    OS_TaskInitTCB                           0x080047cd   Thumb Code   182  os_task.o(i.OS_TaskInitTCB)
    OS_TaskResume                            0x08004891   Thumb Code   284  os_task.o(i.OS_TaskResume)
    OS_TaskReturn                            0x080049ad   Thumb Code    20  os_task.o(i.OS_TaskReturn)
    OS_TaskSemPost                           0x080049c5   Thumb Code   492  os_task.o(i.OS_TaskSemPost)
    OS_TaskSuspend                           0x08004bb5   Thumb Code   304  os_task.o(i.OS_TaskSuspend)
    OS_TickListInsert                        0x08004ced   Thumb Code   134  os_tick.o(i.OS_TickListInsert)
    OS_TickListInsertDly                     0x08004d75   Thumb Code   180  os_tick.o(i.OS_TickListInsertDly)
    OS_TickListRemove                        0x08004e31   Thumb Code    88  os_tick.o(i.OS_TickListRemove)
    OS_TickTask                              0x08005045   Thumb Code    98  os_tick.o(i.OS_TickTask)
    OS_TickTaskInit                          0x080050b1   Thumb Code   140  os_tick.o(i.OS_TickTaskInit)
    OS_TmrInit                               0x08005179   Thumb Code   200  os_tmr.o(i.OS_TmrInit)
    OS_TmrTask                               0x080052c5   Thumb Code   134  os_tmr.o(i.OS_TmrTask)
    OS_TmrUnlink                             0x08005359   Thumb Code    58  os_tmr.o(i.OS_TmrUnlink)
    SVC_Handler                              0x0800544d   Thumb Code     2  stm32f7xx_it_1.o(i.SVC_Handler)
    Stm32_Clock_Init                         0x08005451   Thumb Code   170  sys.o(i.Stm32_Clock_Init)
    SysTick_Handler                          0x08005505   Thumb Code    28  delay.o(i.SysTick_Handler)
    SystemInit                               0x08005525   Thumb Code    82  system_stm32f7xx_1.o(i.SystemInit)
    UART_AdvFeatureConfig                    0x08005589   Thumb Code   234  stm32f7xx_hal_uart.o(i.UART_AdvFeatureConfig)
    UART_CheckIdleState                      0x08005673   Thumb Code   116  stm32f7xx_hal_uart.o(i.UART_CheckIdleState)
    UART_Init                                0x080057c9   Thumb Code   156  uart_interface.o(i.UART_Init)
    UART_SetConfig                           0x080058fd   Thumb Code   858  stm32f7xx_hal_uart.o(i.UART_SetConfig)
    UART_WaitOnFlagUntilTimeout              0x08005cf3   Thumb Code   108  stm32f7xx_hal_uart.o(i.UART_WaitOnFlagUntilTimeout)
    USART1_IRQHandler                        0x08005d61   Thumb Code    28  uart_interface.o(i.USART1_IRQHandler)
    UsageFault_Handler                       0x08005e15   Thumb Code     4  stm32f7xx_it_1.o(i.UsageFault_Handler)
    _is_digit                                0x08005e19   Thumb Code    14  __printf_wp.o(i._is_digit)
    _sys_exit                                0x08005e27   Thumb Code     4  uart_interface.o(i._sys_exit)
    delay_init                               0x08005e2d   Thumb Code    74  delay.o(i.delay_init)
    delay_ms                                 0x08005e89   Thumb Code    66  delay.o(i.delay_ms)
    delay_osschedlock                        0x08005ed9   Thumb Code    10  delay.o(i.delay_osschedlock)
    delay_osschedunlock                      0x08005ee3   Thumb Code    10  delay.o(i.delay_osschedunlock)
    delay_ostimedly                          0x08005eed   Thumb Code    16  delay.o(i.delay_ostimedly)
    delay_us                                 0x08005efd   Thumb Code    84  delay.o(i.delay_us)
    feedMsgPack                              0x08005f55   Thumb Code    50  transport.o(i.feedMsgPack)
    fputc                                    0x08005f8d   Thumb Code    22  uart_interface.o(i.fputc)
    main                                     0x08005fa9   Thumb Code   136  main.o(i.main)
    memrev16                                 0x0800604d   Thumb Code    12  sys.o(i.memrev16)
    memrev32                                 0x08006059   Thumb Code    20  sys.o(i.memrev32)
    start_task                               0x0800606d   Thumb Code   166  main.o(i.start_task)
    _fp_init                                 0x08006155   Thumb Code    10  fpinit.o(x$fpl$fpinit)
    __fplib_config_fpu_vfp                   0x0800615d   Thumb Code     0  fpinit.o(x$fpl$fpinit)
    __fplib_config_pureend_doubles           0x0800615d   Thumb Code     0  fpinit.o(x$fpl$fpinit)
    AHBPrescTable                            0x0800615e   Data          16  system_stm32f7xx_1.o(.constdata)
    APBPrescTable                            0x0800616e   Data           8  system_stm32f7xx_1.o(.constdata)
    OSCfg_IdleTaskStkBasePtr                 0x08006178   Data           4  os_cfg_app.o(.constdata)
    OSCfg_IdleTaskStkLimit                   0x0800617c   Data           4  os_cfg_app.o(.constdata)
    OSCfg_IdleTaskStkSize                    0x08006180   Data           4  os_cfg_app.o(.constdata)
    OSCfg_IdleTaskStkSizeRAM                 0x08006184   Data           4  os_cfg_app.o(.constdata)
    OSCfg_IntQBasePtr                        0x08006188   Data           4  os_cfg_app.o(.constdata)
    OSCfg_IntQSize                           0x0800618c   Data           2  os_cfg_app.o(.constdata)
    OSCfg_IntQSizeRAM                        0x08006190   Data           4  os_cfg_app.o(.constdata)
    OSCfg_IntQTaskStkBasePtr                 0x08006194   Data           4  os_cfg_app.o(.constdata)
    OSCfg_IntQTaskStkLimit                   0x08006198   Data           4  os_cfg_app.o(.constdata)
    OSCfg_IntQTaskStkSize                    0x0800619c   Data           4  os_cfg_app.o(.constdata)
    OSCfg_IntQTaskStkSizeRAM                 0x080061a0   Data           4  os_cfg_app.o(.constdata)
    OSCfg_ISRStkBasePtr                      0x080061a4   Data           4  os_cfg_app.o(.constdata)
    OSCfg_ISRStkSize                         0x080061a8   Data           4  os_cfg_app.o(.constdata)
    OSCfg_ISRStkSizeRAM                      0x080061ac   Data           4  os_cfg_app.o(.constdata)
    OSCfg_MsgPoolSize                        0x080061b0   Data           2  os_cfg_app.o(.constdata)
    OSCfg_MsgPoolSizeRAM                     0x080061b4   Data           4  os_cfg_app.o(.constdata)
    OSCfg_MsgPoolBasePtr                     0x080061b8   Data           4  os_cfg_app.o(.constdata)
    OSCfg_StatTaskPrio                       0x080061bc   Data           1  os_cfg_app.o(.constdata)
    OSCfg_StatTaskRate_Hz                    0x080061c0   Data           4  os_cfg_app.o(.constdata)
    OSCfg_StatTaskStkBasePtr                 0x080061c4   Data           4  os_cfg_app.o(.constdata)
    OSCfg_StatTaskStkLimit                   0x080061c8   Data           4  os_cfg_app.o(.constdata)
    OSCfg_StatTaskStkSize                    0x080061cc   Data           4  os_cfg_app.o(.constdata)
    OSCfg_StatTaskStkSizeRAM                 0x080061d0   Data           4  os_cfg_app.o(.constdata)
    OSCfg_StkSizeMin                         0x080061d4   Data           4  os_cfg_app.o(.constdata)
    OSCfg_TickRate_Hz                        0x080061d8   Data           4  os_cfg_app.o(.constdata)
    OSCfg_TickTaskPrio                       0x080061dc   Data           1  os_cfg_app.o(.constdata)
    OSCfg_TickTaskStkBasePtr                 0x080061e0   Data           4  os_cfg_app.o(.constdata)
    OSCfg_TickTaskStkLimit                   0x080061e4   Data           4  os_cfg_app.o(.constdata)
    OSCfg_TickTaskStkSize                    0x080061e8   Data           4  os_cfg_app.o(.constdata)
    OSCfg_TickTaskStkSizeRAM                 0x080061ec   Data           4  os_cfg_app.o(.constdata)
    OSCfg_TmrTaskPrio                        0x080061f0   Data           1  os_cfg_app.o(.constdata)
    OSCfg_TmrTaskRate_Hz                     0x080061f4   Data           4  os_cfg_app.o(.constdata)
    OSCfg_TmrTaskStkBasePtr                  0x080061f8   Data           4  os_cfg_app.o(.constdata)
    OSCfg_TmrTaskStkLimit                    0x080061fc   Data           4  os_cfg_app.o(.constdata)
    OSCfg_TmrTaskStkSize                     0x08006200   Data           4  os_cfg_app.o(.constdata)
    OSCfg_TmrTaskStkSizeRAM                  0x08006204   Data           4  os_cfg_app.o(.constdata)
    OSCfg_DataSizeRAM                        0x08006208   Data           4  os_cfg_app.o(.constdata)
    OSDbg_DbgEn                              0x0800620c   Data           1  os_dbg.o(.constdata)
    OSDbg_ArgChkEn                           0x0800620d   Data           1  os_dbg.o(.constdata)
    OSDbg_AppHooksEn                         0x0800620e   Data           1  os_dbg.o(.constdata)
    OSDbg_EndiannessTest                     0x08006210   Data           4  os_dbg.o(.constdata)
    OSDbg_CalledFromISRChkEn                 0x08006214   Data           1  os_dbg.o(.constdata)
    OSDbg_FlagEn                             0x08006215   Data           1  os_dbg.o(.constdata)
    OSDbg_FlagGrp                            0x08006218   Data          40  os_dbg.o(.constdata)
    OSDbg_FlagDelEn                          0x08006240   Data           1  os_dbg.o(.constdata)
    OSDbg_FlagModeClrEn                      0x08006241   Data           1  os_dbg.o(.constdata)
    OSDbg_FlagPendAbortEn                    0x08006242   Data           1  os_dbg.o(.constdata)
    OSDbg_FlagGrpSize                        0x08006244   Data           2  os_dbg.o(.constdata)
    OSDbg_FlagWidth                          0x08006246   Data           2  os_dbg.o(.constdata)
    OSDbg_IntQ                               0x08006248   Data           2  os_dbg.o(.constdata)
    OSDbg_ISRPostDeferredEn                  0x0800624a   Data           1  os_dbg.o(.constdata)
    OSDbg_Mem                                0x0800624c   Data          32  os_dbg.o(.constdata)
    OSDbg_MemEn                              0x0800626c   Data           1  os_dbg.o(.constdata)
    OSDbg_MemSize                            0x0800626e   Data           2  os_dbg.o(.constdata)
    OSDbg_MsgEn                              0x08006270   Data           1  os_dbg.o(.constdata)
    OSDbg_MsgSize                            0x08006272   Data           2  os_dbg.o(.constdata)
    OSDbg_MsgPoolSize                        0x08006274   Data           2  os_dbg.o(.constdata)
    OSDbg_MsgQSize                           0x08006276   Data           2  os_dbg.o(.constdata)
    OSDbg_Mutex                              0x08006278   Data          48  os_dbg.o(.constdata)
    OSDbg_MutexEn                            0x080062a8   Data           1  os_dbg.o(.constdata)
    OSDbg_MutexDelEn                         0x080062a9   Data           1  os_dbg.o(.constdata)
    OSDbg_MutexPendAbortEn                   0x080062aa   Data           1  os_dbg.o(.constdata)
    OSDbg_MutexSize                          0x080062ac   Data           2  os_dbg.o(.constdata)
    OSDbg_ObjTypeChkEn                       0x080062ae   Data           1  os_dbg.o(.constdata)
    OSDbg_PendMultiEn                        0x080062af   Data           1  os_dbg.o(.constdata)
    OSDbg_PendDataSize                       0x080062b0   Data           2  os_dbg.o(.constdata)
    OSDbg_PendListSize                       0x080062b2   Data           2  os_dbg.o(.constdata)
    OSDbg_PendObjSize                        0x080062b4   Data           2  os_dbg.o(.constdata)
    OSDbg_PrioMax                            0x080062b6   Data           2  os_dbg.o(.constdata)
    OSDbg_PrioTblSize                        0x080062b8   Data           2  os_dbg.o(.constdata)
    OSDbg_PtrSize                            0x080062ba   Data           2  os_dbg.o(.constdata)
    OSDbg_Q                                  0x080062bc   Data          48  os_dbg.o(.constdata)
    OSDbg_QEn                                0x080062ec   Data           1  os_dbg.o(.constdata)
    OSDbg_QDelEn                             0x080062ed   Data           1  os_dbg.o(.constdata)
    OSDbg_QFlushEn                           0x080062ee   Data           1  os_dbg.o(.constdata)
    OSDbg_QPendAbortEn                       0x080062ef   Data           1  os_dbg.o(.constdata)
    OSDbg_QSize                              0x080062f0   Data           2  os_dbg.o(.constdata)
    OSDbg_SchedRoundRobinEn                  0x080062f2   Data           1  os_dbg.o(.constdata)
    OSDbg_Sem                                0x080062f4   Data          40  os_dbg.o(.constdata)
    OSDbg_SemEn                              0x0800631c   Data           1  os_dbg.o(.constdata)
    OSDbg_SemDelEn                           0x0800631d   Data           1  os_dbg.o(.constdata)
    OSDbg_SemPendAbortEn                     0x0800631e   Data           1  os_dbg.o(.constdata)
    OSDbg_SemSetEn                           0x0800631f   Data           1  os_dbg.o(.constdata)
    OSDbg_SemSize                            0x08006320   Data           2  os_dbg.o(.constdata)
    OSDbg_RdyList                            0x08006322   Data           2  os_dbg.o(.constdata)
    OSDbg_RdyListSize                        0x08006324   Data           4  os_dbg.o(.constdata)
    OSDbg_StkWidth                           0x08006328   Data           1  os_dbg.o(.constdata)
    OSDbg_StatTaskEn                         0x08006329   Data           1  os_dbg.o(.constdata)
    OSDbg_StatTaskStkChkEn                   0x0800632a   Data           1  os_dbg.o(.constdata)
    OSDbg_TaskChangePrioEn                   0x0800632b   Data           1  os_dbg.o(.constdata)
    OSDbg_TaskDelEn                          0x0800632c   Data           1  os_dbg.o(.constdata)
    OSDbg_TaskQEn                            0x0800632d   Data           1  os_dbg.o(.constdata)
    OSDbg_TaskQPendAbortEn                   0x0800632e   Data           1  os_dbg.o(.constdata)
    OSDbg_TaskProfileEn                      0x0800632f   Data           1  os_dbg.o(.constdata)
    OSDbg_TaskRegTblSize                     0x08006330   Data           2  os_dbg.o(.constdata)
    OSDbg_TaskSemPendAbortEn                 0x08006332   Data           1  os_dbg.o(.constdata)
    OSDbg_TaskSuspendEn                      0x08006333   Data           1  os_dbg.o(.constdata)
    OSDbg_TCBSize                            0x08006334   Data           2  os_dbg.o(.constdata)
    OSDbg_TickListSize                       0x08006336   Data           2  os_dbg.o(.constdata)
    OSDbg_TimeDlyHMSMEn                      0x08006338   Data           1  os_dbg.o(.constdata)
    OSDbg_TimeDlyResumeEn                    0x08006339   Data           1  os_dbg.o(.constdata)
    OSDbg_TLS_TblSize                        0x0800633a   Data           2  os_dbg.o(.constdata)
    OSDbg_Tmr                                0x0800633c   Data          48  os_dbg.o(.constdata)
    OSDbg_TmrEn                              0x0800636c   Data           1  os_dbg.o(.constdata)
    OSDbg_TmrDelEn                           0x0800636d   Data           1  os_dbg.o(.constdata)
    OSDbg_TmrSize                            0x0800636e   Data           2  os_dbg.o(.constdata)
    OSDbg_VersionNbr                         0x08006370   Data           2  os_dbg.o(.constdata)
    OSDbg_DataSize                           0x08006374   Data           4  os_dbg.o(.constdata)
    Region$$Table$$Base                      0x080063b4   Number         0  anon$$obj.o(Region$$Table)
    Region$$Table$$Limit                     0x080063d4   Number         0  anon$$obj.o(Region$$Table)
    db_feedbackMsg                           0x20020008   Data           8  data_base.o(.data)
    db_controlMsg                            0x20020010   Data           8  data_base.o(.data)
    SystemCoreClock                          0x20020020   Data           4  system_stm32f7xx_1.o(.data)
    p_pack                                   0x20020028   Data           4  uart_interface.o(.data)
    rec_flag                                 0x2002002c   Data           1  uart_interface.o(.data)
    __stdout                                 0x20020030   Data           4  uart_interface.o(.data)
    uwTick                                   0x20020060   Data           4  stm32f7xx_hal.o(.data)
    CPU_TS_TmrFreq_Hz                        0x20020064   Data           4  cpu_core.o(.data)
    CPU_IntDisMeasCtr                        0x20020068   Data           2  cpu_core.o(.data)
    CPU_IntDisNestCtr                        0x2002006a   Data           2  cpu_core.o(.data)
    CPU_IntDisMeasStart_cnts                 0x2002006c   Data           4  cpu_core.o(.data)
    CPU_IntDisMeasStop_cnts                  0x20020070   Data           4  cpu_core.o(.data)
    CPU_IntDisMeasOvrhd_cnts                 0x20020074   Data           4  cpu_core.o(.data)
    CPU_IntDisMeasMaxCur_cnts                0x20020078   Data           4  cpu_core.o(.data)
    CPU_IntDisMeasMax_cnts                   0x2002007c   Data           4  cpu_core.o(.data)
    OSPrioTbl                                0x20020080   Data           8  os_prio.o(.data)
    OS_AppTaskCreateHookPtr                  0x20020088   Data           4  os_var.o(.data)
    OS_AppTaskDelHookPtr                     0x2002008c   Data           4  os_var.o(.data)
    OS_AppTaskReturnHookPtr                  0x20020090   Data           4  os_var.o(.data)
    OS_AppIdleTaskHookPtr                    0x20020094   Data           4  os_var.o(.data)
    OS_AppStatTaskHookPtr                    0x20020098   Data           4  os_var.o(.data)
    OS_AppTaskSwHookPtr                      0x2002009c   Data           4  os_var.o(.data)
    OS_AppTimeTickHookPtr                    0x200200a0   Data           4  os_var.o(.data)
    OSIdleTaskCtr                            0x200200a4   Data           4  os_var.o(.data)
    OSIntNestingCtr                          0x200200a8   Data           1  os_var.o(.data)
    OSIntDisTimeMax                          0x200200ac   Data           4  os_var.o(.data)
    OSRunning                                0x200200b0   Data           1  os_var.o(.data)
    OSFlagDbgListPtr                         0x200200b4   Data           4  os_var.o(.data)
    OSFlagQty                                0x200200b8   Data           2  os_var.o(.data)
    OSMemDbgListPtr                          0x200200bc   Data           4  os_var.o(.data)
    OSMemQty                                 0x200200c0   Data           2  os_var.o(.data)
    OSMutexDbgListPtr                        0x200200c4   Data           4  os_var.o(.data)
    OSMutexQty                               0x200200c8   Data           2  os_var.o(.data)
    OSPrioCur                                0x200200ca   Data           1  os_var.o(.data)
    OSPrioHighRdy                            0x200200cb   Data           1  os_var.o(.data)
    OSPrioSaved                              0x200200cc   Data           1  os_var.o(.data)
    OSQDbgListPtr                            0x200200d0   Data           4  os_var.o(.data)
    OSQQty                                   0x200200d4   Data           2  os_var.o(.data)
    OSSchedLockNestingCtr                    0x200200d6   Data           1  os_var.o(.data)
    OSSemDbgListPtr                          0x200200d8   Data           4  os_var.o(.data)
    OSSemQty                                 0x200200dc   Data           2  os_var.o(.data)
    OSStatResetFlag                          0x200200de   Data           1  os_var.o(.data)
    OSStatTaskCPUUsage                       0x200200e0   Data           2  os_var.o(.data)
    OSStatTaskCPUUsageMax                    0x200200e2   Data           2  os_var.o(.data)
    OSStatTaskCtr                            0x200200e4   Data           4  os_var.o(.data)
    OSStatTaskCtrMax                         0x200200e8   Data           4  os_var.o(.data)
    OSStatTaskCtrRun                         0x200200ec   Data           4  os_var.o(.data)
    OSStatTaskRdy                            0x200200f0   Data           1  os_var.o(.data)
    OSStatTaskTimeMax                        0x200200f4   Data           4  os_var.o(.data)
    OSTaskCtxSwCtr                           0x200200f8   Data           4  os_var.o(.data)
    OSTaskDbgListPtr                         0x200200fc   Data           4  os_var.o(.data)
    OSTaskQty                                0x20020100   Data           2  os_var.o(.data)
    OSTaskRegNextAvailID                     0x20020102   Data           1  os_var.o(.data)
    OSTickCtr                                0x20020104   Data           4  os_var.o(.data)
    OSTickTaskTimeMax                        0x20020108   Data           4  os_var.o(.data)
    OSTickListDly                            0x2002010c   Data           8  os_var.o(.data)
    OSTickListTimeout                        0x20020114   Data           8  os_var.o(.data)
    OSTmrDbgListPtr                          0x2002011c   Data           4  os_var.o(.data)
    OSTmrListEntries                         0x20020120   Data           2  os_var.o(.data)
    OSTmrListPtr                             0x20020124   Data           4  os_var.o(.data)
    OSTmrQty                                 0x20020128   Data           2  os_var.o(.data)
    OSTmrTaskTimeMax                         0x2002012c   Data           4  os_var.o(.data)
    OSTmrTickCtr                             0x20020130   Data           4  os_var.o(.data)
    OSTmrUpdateCnt                           0x20020134   Data           4  os_var.o(.data)
    OSTmrUpdateCtr                           0x20020138   Data           4  os_var.o(.data)
    OSTCBCurPtr                              0x2002013c   Data           4  os_var.o(.data)
    OSTCBHighRdyPtr                          0x20020140   Data           4  os_var.o(.data)
    OS_CPU_ExceptStkBase                     0x20020144   Data           4  os_cpu_c.o(.data)
    g_SerialPackRX                           0x20020148   Data          58  main.o(.bss)
    g_SerialPackTX                           0x20020182   Data          58  main.o(.bss)
    StartTaskTCB                             0x200201bc   Data         192  main.o(.bss)
    START_TASK_STK                           0x2002027c   Data         400  main.o(.bss)
    COMMUNCIATETaskTCB                       0x2002040c   Data         192  main.o(.bss)
    COMMUNCIATE_TASK_STK                     0x200204cc   Data         512  main.o(.bss)
    MANUALTaskTCB                            0x200206cc   Data         192  main.o(.bss)
    MANUAL_TASK_STK                          0x2002078c   Data        1024  main.o(.bss)
    g_sUartAppRxd                            0x20020b8c   Data        2112  uart_interface.o(.bss)
    UART_Handler                             0x200213cc   Data         896  uart_interface.o(.bss)
    UART1RxDMA_Handler                       0x2002174c   Data          96  uart_interface.o(.bss)
    CPU_Name                                 0x200217ac   Data          16  cpu_core.o(.bss)
    OSCfg_IdleTaskStk                        0x200217bc   Data         512  os_cfg_app.o(.bss)
    OSCfg_ISRStk                             0x200219bc   Data         400  os_cfg_app.o(.bss)
    OSCfg_MsgPool                            0x20021b4c   Data        1600  os_cfg_app.o(.bss)
    OSCfg_StatTaskStk                        0x2002218c   Data         400  os_cfg_app.o(.bss)
    OSCfg_TickTaskStk                        0x2002231c   Data         512  os_cfg_app.o(.bss)
    OSCfg_TmrTaskStk                         0x2002251c   Data         512  os_cfg_app.o(.bss)
    OSIdleTaskTCB                            0x2002271c   Data         192  os_var.o(.bss)
    OSMsgPool                                0x200227dc   Data          12  os_var.o(.bss)
    OSRdyList                                0x200227e8   Data         768  os_var.o(.bss)
    OSStatTaskTCB                            0x20022ae8   Data         192  os_var.o(.bss)
    OSTickTaskTCB                            0x20022ba8   Data         192  os_var.o(.bss)
    OSTmrMutex                               0x20022c68   Data          48  os_var.o(.bss)
    OSTmrTaskTCB                             0x20022c98   Data         192  os_var.o(.bss)
    __libspace_start                         0x20022d58   Data          96  libspace.o(.bss)
    __temporary_stack_top$libspace           0x20022db8   Data           0  libspace.o(.bss)



==============================================================================

Memory Map of the image

  Image Entry point : 0x080001f9

  Load Region LR_IROM1 (Base: 0x08000000, Size: 0x0000651c, Max: 0x00100000, ABSOLUTE, COMPRESSED[0x000063fc])

    Execution Region ER_IROM1 (Base: 0x08000000, Size: 0x000063d4, Max: 0x00100000, ABSOLUTE)

    Base Addr    Size         Type   Attr      Idx    E Section Name        Object

    0x08000000   0x000001f8   Data   RO        12904    RESET               startup_stm32f767xx.o
    0x080001f8   0x00000008   Code   RO        12974  * !!!main             c_w.l(__main.o)
    0x08000200   0x00000034   Code   RO        13154    !!!scatter          c_w.l(__scatter.o)
    0x08000234   0x0000005a   Code   RO        13152    !!dczerorl2         c_w.l(__dczerorl2.o)
    0x0800028e   0x00000002   PAD
    0x08000290   0x0000001c   Code   RO        13156    !!handler_zi        c_w.l(__scatter_zi.o)
    0x080002ac   0x00000000   Code   RO        12965    .ARM.Collect$$_printf_percent$$00000000  c_w.l(_printf_percent.o)
    0x080002ac   0x00000006   Code   RO        12964    .ARM.Collect$$_printf_percent$$0000000C  c_w.l(_printf_x.o)
    0x080002b2   0x00000004   Code   RO        12987    .ARM.Collect$$_printf_percent$$00000017  c_w.l(_printf_percent_end.o)
    0x080002b6   0x00000002   Code   RO        13026    .ARM.Collect$$libinit$$00000000  c_w.l(libinit.o)
    0x080002b8   0x00000004   Code   RO        13038    .ARM.Collect$$libinit$$00000001  c_w.l(libinit2.o)
    0x080002bc   0x00000000   Code   RO        13041    .ARM.Collect$$libinit$$00000004  c_w.l(libinit2.o)
    0x080002bc   0x00000000   Code   RO        13044    .ARM.Collect$$libinit$$0000000A  c_w.l(libinit2.o)
    0x080002bc   0x00000000   Code   RO        13046    .ARM.Collect$$libinit$$0000000C  c_w.l(libinit2.o)
    0x080002bc   0x00000000   Code   RO        13048    .ARM.Collect$$libinit$$0000000E  c_w.l(libinit2.o)
    0x080002bc   0x00000000   Code   RO        13051    .ARM.Collect$$libinit$$00000011  c_w.l(libinit2.o)
    0x080002bc   0x00000000   Code   RO        13053    .ARM.Collect$$libinit$$00000013  c_w.l(libinit2.o)
    0x080002bc   0x00000000   Code   RO        13055    .ARM.Collect$$libinit$$00000015  c_w.l(libinit2.o)
    0x080002bc   0x00000000   Code   RO        13057    .ARM.Collect$$libinit$$00000017  c_w.l(libinit2.o)
    0x080002bc   0x00000000   Code   RO        13059    .ARM.Collect$$libinit$$00000019  c_w.l(libinit2.o)
    0x080002bc   0x00000000   Code   RO        13061    .ARM.Collect$$libinit$$0000001B  c_w.l(libinit2.o)
    0x080002bc   0x00000000   Code   RO        13063    .ARM.Collect$$libinit$$0000001D  c_w.l(libinit2.o)
    0x080002bc   0x00000000   Code   RO        13065    .ARM.Collect$$libinit$$0000001F  c_w.l(libinit2.o)
    0x080002bc   0x00000000   Code   RO        13067    .ARM.Collect$$libinit$$00000021  c_w.l(libinit2.o)
    0x080002bc   0x00000000   Code   RO        13069    .ARM.Collect$$libinit$$00000023  c_w.l(libinit2.o)
    0x080002bc   0x00000000   Code   RO        13071    .ARM.Collect$$libinit$$00000025  c_w.l(libinit2.o)
    0x080002bc   0x00000000   Code   RO        13075    .ARM.Collect$$libinit$$0000002C  c_w.l(libinit2.o)
    0x080002bc   0x00000000   Code   RO        13077    .ARM.Collect$$libinit$$0000002E  c_w.l(libinit2.o)
    0x080002bc   0x00000000   Code   RO        13079    .ARM.Collect$$libinit$$00000030  c_w.l(libinit2.o)
    0x080002bc   0x00000000   Code   RO        13081    .ARM.Collect$$libinit$$00000032  c_w.l(libinit2.o)
    0x080002bc   0x00000002   Code   RO        13082    .ARM.Collect$$libinit$$00000033  c_w.l(libinit2.o)
    0x080002be   0x00000002   Code   RO        13108    .ARM.Collect$$libshutdown$$00000000  c_w.l(libshutdown.o)
    0x080002c0   0x00000000   Code   RO        13135    .ARM.Collect$$libshutdown$$00000002  c_w.l(libshutdown2.o)
    0x080002c0   0x00000000   Code   RO        13137    .ARM.Collect$$libshutdown$$00000004  c_w.l(libshutdown2.o)
    0x080002c0   0x00000000   Code   RO        13140    .ARM.Collect$$libshutdown$$00000007  c_w.l(libshutdown2.o)
    0x080002c0   0x00000000   Code   RO        13143    .ARM.Collect$$libshutdown$$0000000A  c_w.l(libshutdown2.o)
    0x080002c0   0x00000000   Code   RO        13145    .ARM.Collect$$libshutdown$$0000000C  c_w.l(libshutdown2.o)
    0x080002c0   0x00000000   Code   RO        13148    .ARM.Collect$$libshutdown$$0000000F  c_w.l(libshutdown2.o)
    0x080002c0   0x00000002   Code   RO        13149    .ARM.Collect$$libshutdown$$00000010  c_w.l(libshutdown2.o)
    0x080002c2   0x00000000   Code   RO        12978    .ARM.Collect$$rtentry$$00000000  c_w.l(__rtentry.o)
    0x080002c2   0x00000000   Code   RO        12989    .ARM.Collect$$rtentry$$00000002  c_w.l(__rtentry2.o)
    0x080002c2   0x00000006   Code   RO        13001    .ARM.Collect$$rtentry$$00000004  c_w.l(__rtentry4.o)
    0x080002c8   0x00000000   Code   RO        12991    .ARM.Collect$$rtentry$$00000009  c_w.l(__rtentry2.o)
    0x080002c8   0x00000004   Code   RO        12992    .ARM.Collect$$rtentry$$0000000A  c_w.l(__rtentry2.o)
    0x080002cc   0x00000000   Code   RO        12994    .ARM.Collect$$rtentry$$0000000C  c_w.l(__rtentry2.o)
    0x080002cc   0x00000008   Code   RO        12995    .ARM.Collect$$rtentry$$0000000D  c_w.l(__rtentry2.o)
    0x080002d4   0x00000002   Code   RO        13030    .ARM.Collect$$rtexit$$00000000  c_w.l(rtexit.o)
    0x080002d6   0x00000000   Code   RO        13084    .ARM.Collect$$rtexit$$00000002  c_w.l(rtexit2.o)
    0x080002d6   0x00000004   Code   RO        13085    .ARM.Collect$$rtexit$$00000003  c_w.l(rtexit2.o)
    0x080002da   0x00000006   Code   RO        13086    .ARM.Collect$$rtexit$$00000004  c_w.l(rtexit2.o)
    0x080002e0   0x00000034   Code   RO        12896    .text               cpu_a.o
    0x08000314   0x00000068   Code   RO        12905    .text               startup_stm32f767xx.o
    0x0800037c   0x00000002   Code   RO        12911    .text               c_w.l(use_no_semi_2.o)
    0x0800037e   0x00000002   PAD
    0x08000380   0x00000018   Code   RO        12917    .text               c_w.l(noretval__2printf.o)
    0x08000398   0x0000004e   Code   RO        12921    .text               c_w.l(_printf_pad.o)
    0x080003e6   0x00000002   PAD
    0x080003e8   0x00000058   Code   RO        12926    .text               c_w.l(_printf_hex_int.o)
    0x08000440   0x00000138   Code   RO        12956    .text               c_w.l(__printf_flags_wp.o)
    0x08000578   0x00000044   Code   RO        12968    .text               c_w.l(rt_memclr.o)
    0x080005bc   0x0000004e   Code   RO        12970    .text               c_w.l(rt_memclr_w.o)
    0x0800060a   0x00000006   Code   RO        12972    .text               c_w.l(heapauxi.o)
    0x08000610   0x00000002   Code   RO        12976    .text               c_w.l(use_no_semi.o)
    0x08000612   0x000000b2   Code   RO        12983    .text               c_w.l(_printf_intcommon.o)
    0x080006c4   0x00000024   Code   RO        12985    .text               c_w.l(_printf_char_file.o)
    0x080006e8   0x00000030   Code   RO        13005    .text               c_w.l(_printf_char_common.o)
    0x08000718   0x00000008   Code   RO        13007    .text               c_w.l(ferror.o)
    0x08000720   0x0000004a   Code   RO        13011    .text               c_w.l(sys_stackheap_outer.o)
    0x0800076a   0x00000012   Code   RO        13015    .text               c_w.l(exit.o)
    0x0800077c   0x00000008   Code   RO        13027    .text               c_w.l(libspace.o)
    0x08000784   0x00000118   Code   RO        12679    CODE                os_cpu_a.o
    0x0800089c   0x0000000c   Code   RO        10918    i.BSP_CPU_ClkFreq   bsp.o
    0x080008a8   0x00000004   Code   RO          779    i.BusFault_Handler  stm32f7xx_it_1.o
    0x080008ac   0x00000010   Code   RO        10978    i.CPU_Init          cpu_core.o
    0x080008bc   0x00000084   Code   RO        10979    i.CPU_IntDisMeasInit  cpu_core.o
    0x08000940   0x0000001c   Code   RO        10980    i.CPU_IntDisMeasMaxCalc  cpu_core.o
    0x0800095c   0x0000002c   Code   RO        10981    i.CPU_IntDisMeasMaxCurGet  cpu_core.o
    0x08000988   0x0000002c   Code   RO        10982    i.CPU_IntDisMeasMaxCurReset  cpu_core.o
    0x080009b4   0x0000002c   Code   RO        10983    i.CPU_IntDisMeasMaxGet  cpu_core.o
    0x080009e0   0x00000034   Code   RO        10984    i.CPU_IntDisMeasStart  cpu_core.o
    0x08000a14   0x00000054   Code   RO        10985    i.CPU_IntDisMeasStop  cpu_core.o
    0x08000a68   0x00000038   Code   RO        10986    i.CPU_NameClr       cpu_core.o
    0x08000aa0   0x00000008   Code   RO        10988    i.CPU_NameInit      cpu_core.o
    0x08000aa8   0x00000014   Code   RO        10993    i.CPU_TS_Init       cpu_core.o
    0x08000abc   0x0000000c   Code   RO        10995    i.CPU_TS_TmrFreqSet  cpu_core.o
    0x08000ac8   0x00000034   Code   RO        10920    i.CPU_TS_TmrInit    bsp.o
    0x08000afc   0x0000000c   Code   RO        10921    i.CPU_TS_TmrRd      bsp.o
    0x08000b08   0x00000078   Code   RO          532    i.Cache_Enable      sys.o
    0x08000b80   0x000001d0   Code   RO            4    i.Communicate_task  main.o
    0x08000d50   0x00000002   Code   RO          780    i.DebugMon_Handler  stm32f7xx_it_1.o
    0x08000d52   0x00000002   PAD
    0x08000d54   0x00000030   Code   RO          424    i.EndianTrans       transport.o
    0x08000d84   0x00000028   Code   RO         2038    i.HAL_DMA_Abort_IT  stm32f7xx_hal_dma.o
    0x08000dac   0x00000218   Code   RO         2819    i.HAL_GPIO_Init     stm32f7xx_hal_gpio.o
    0x08000fc4   0x00000010   Code   RO         2821    i.HAL_GPIO_ReadPin  stm32f7xx_hal_gpio.o
    0x08000fd4   0x0000000c   Code   RO         2823    i.HAL_GPIO_WritePin  stm32f7xx_hal_gpio.o
    0x08000fe0   0x0000000c   Code   RO         1053    i.HAL_GetTick       stm32f7xx_hal.o
    0x08000fec   0x00000010   Code   RO         1054    i.HAL_IncTick       stm32f7xx_hal.o
    0x08000ffc   0x00000028   Code   RO         1055    i.HAL_Init          stm32f7xx_hal.o
    0x08001024   0x00000028   Code   RO         1056    i.HAL_InitTick      stm32f7xx_hal.o
    0x0800104c   0x00000002   Code   RO          747    i.HAL_MspInit       stm32f7xx_hal_msp_1.o
    0x0800104e   0x0000001a   Code   RO         1442    i.HAL_NVIC_EnableIRQ  stm32f7xx_hal_cortex.o
    0x08001068   0x0000007c   Code   RO         1448    i.HAL_NVIC_SetPriority  stm32f7xx_hal_cortex.o
    0x080010e4   0x00000028   Code   RO         1449    i.HAL_NVIC_SetPriorityGrouping  stm32f7xx_hal_cortex.o
    0x0800110c   0x00000090   Code   RO         4404    i.HAL_PWREx_EnableOverDrive  stm32f7xx_hal_pwr_ex.o
    0x0800119c   0x000001b4   Code   RO         4747    i.HAL_RCC_ClockConfig  stm32f7xx_hal_rcc.o
    0x08001350   0x0000000c   Code   RO         4752    i.HAL_RCC_GetHCLKFreq  stm32f7xx_hal_rcc.o
    0x0800135c   0x0000002c   Code   RO         4754    i.HAL_RCC_GetPCLK1Freq  stm32f7xx_hal_rcc.o
    0x08001388   0x0000002c   Code   RO         4755    i.HAL_RCC_GetPCLK2Freq  stm32f7xx_hal_rcc.o
    0x080013b4   0x000000b4   Code   RO         4756    i.HAL_RCC_GetSysClockFreq  stm32f7xx_hal_rcc.o
    0x08001468   0x000004d0   Code   RO         4851    i.HAL_RCC_OscConfig  stm32f7xx_hal_rcc_ex.o
    0x08001938   0x00000028   Code   RO         1451    i.HAL_SYSTICK_CLKSourceConfig  stm32f7xx_hal_cortex.o
    0x08001960   0x00000034   Code   RO         1453    i.HAL_SYSTICK_Config  stm32f7xx_hal_cortex.o
    0x08001994   0x00000002   Code   RO         7524    i.HAL_UART_ErrorCallback  stm32f7xx_hal_uart.o
    0x08001996   0x00000002   PAD
    0x08001998   0x0000015c   Code   RO         7527    i.HAL_UART_IRQHandler  stm32f7xx_hal_uart.o
    0x08001af4   0x00000078   Code   RO         7528    i.HAL_UART_Init     stm32f7xx_hal_uart.o
    0x08001b6c   0x00000018   Code   RO          945    i.HAL_UART_MspInit  uart_interface.o
    0x08001b84   0x000000c8   Code   RO         7533    i.HAL_UART_Receive_IT  stm32f7xx_hal_uart.o
    0x08001c4c   0x00000210   Code   RO          946    i.HAL_UART_RxCpltCallback  uart_interface.o
    0x08001e5c   0x000000c6   Code   RO         7536    i.HAL_UART_Transmit  stm32f7xx_hal_uart.o
    0x08001f22   0x00000002   Code   RO         7539    i.HAL_UART_TxCpltCallback  stm32f7xx_hal_uart.o
    0x08001f24   0x00000004   Code   RO          781    i.HardFault_Handler  stm32f7xx_it_1.o
    0x08001f28   0x000000a8   Code   RO          910    i.KEY_Init          key.o
    0x08001fd0   0x000000d0   Code   RO          911    i.KEY_Scan          key.o
    0x080020a0   0x00000058   Code   RO          883    i.LED_Init          led.o
    0x080020f8   0x000000d0   Code   RO            6    i.Manual_task       main.o
    0x080021c8   0x00000004   Code   RO          782    i.MemManage_Handler  stm32f7xx_it_1.o
    0x080021cc   0x00000012   Code   RO        11283    i.Mem_Clr           lib_mem.o
    0x080021de   0x00000054   Code   RO        11310    i.Mem_Set           lib_mem.o
    0x08002232   0x00000002   Code   RO          783    i.NMI_Handler       stm32f7xx_it_1.o
    0x08002234   0x00000010   Code   RO         1455    i.NVIC_GetPriorityGrouping  stm32f7xx_hal_cortex.o
    0x08002244   0x00000028   Code   RO         1456    i.NVIC_SetPriority  stm32f7xx_hal_cortex.o
    0x0800226c   0x00000002   Code   RO        11615    i.OSCfg_Init        os_cfg_app.o
    0x0800226e   0x00000002   PAD
    0x08002270   0x00000014   Code   RO        12682    i.OSIdleTaskHook    os_cpu_c.o
    0x08002284   0x0000014c   Code   RO        11641    i.OSInit            os_core.o
    0x080023d0   0x00000028   Code   RO        12683    i.OSInitHook        os_cpu_c.o
    0x080023f8   0x0000002c   Code   RO        11642    i.OSIntEnter        os_core.o
    0x08002424   0x000000dc   Code   RO        11643    i.OSIntExit         os_core.o
    0x08002500   0x0000006c   Code   RO        12014    i.OSMutexCreate     os_mutex.o
    0x0800256c   0x000001ec   Code   RO        12015    i.OSMutexPend       os_mutex.o
    0x08002758   0x0000017c   Code   RO        12016    i.OSMutexPost       os_mutex.o
    0x080028d4   0x000000a4   Code   RO        11644    i.OSSched           os_core.o
    0x08002978   0x00000064   Code   RO        11645    i.OSSchedLock       os_core.o
    0x080029dc   0x00000088   Code   RO        11646    i.OSSchedUnlock     os_core.o
    0x08002a64   0x00000068   Code   RO        11647    i.OSStart           os_core.o
    0x08002acc   0x00000148   Code   RO        12297    i.OSStatReset       os_stat.o
    0x08002c14   0x00000100   Code   RO        12298    i.OSStatTaskCPUUsageInit  os_stat.o
    0x08002d14   0x00000014   Code   RO        12684    i.OSStatTaskHook    os_cpu_c.o
    0x08002d28   0x00000144   Code   RO        12328    i.OSTaskCreate      os_task.o
    0x08002e6c   0x00000018   Code   RO        12685    i.OSTaskCreateHook  os_cpu_c.o
    0x08002e84   0x0000019c   Code   RO        12329    i.OSTaskDel         os_task.o
    0x08003020   0x00000018   Code   RO        12686    i.OSTaskDelHook     os_cpu_c.o
    0x08003038   0x00000036   Code   RO        12337    i.OSTaskResume      os_task.o
    0x0800306e   0x00000002   PAD
    0x08003070   0x00000018   Code   RO        12687    i.OSTaskReturnHook  os_cpu_c.o
    0x08003088   0x000001c8   Code   RO        12338    i.OSTaskSemPend     os_task.o
    0x08003250   0x00000024   Code   RO        12340    i.OSTaskSemPost     os_task.o
    0x08003274   0x000000bc   Code   RO        12342    i.OSTaskStkChk      os_task.o
    0x08003330   0x000002c4   Code   RO        12688    i.OSTaskStkInit     os_cpu_c.o
    0x080035f4   0x00000024   Code   RO        12343    i.OSTaskSuspend     os_task.o
    0x08003618   0x000000ac   Code   RO        12689    i.OSTaskSwHook      os_cpu_c.o
    0x080036c4   0x000000b0   Code   RO        12541    i.OSTimeDly         os_time.o
    0x08003774   0x00000114   Code   RO        12542    i.OSTimeDlyHMSM     os_time.o
    0x08003888   0x00000044   Code   RO        12545    i.OSTimeTick        os_time.o
    0x080038cc   0x00000014   Code   RO        12690    i.OSTimeTickHook    os_cpu_c.o
    0x080038e0   0x000001a8   Code   RO        11849    i.OS_Dbg_Init       os_dbg.o
    0x08003a88   0x00000018   Code   RO        11872    i.OS_FlagInit       os_flag.o
    0x08003aa0   0x0000004c   Code   RO        11649    i.OS_IdleTask       os_core.o
    0x08003aec   0x00000070   Code   RO        11650    i.OS_IdleTaskInit   os_core.o
    0x08003b5c   0x00000018   Code   RO        11946    i.OS_MemInit        os_mem.o
    0x08003b74   0x0000005c   Code   RO        11978    i.OS_MsgPoolInit    os_msg.o
    0x08003bd0   0x00000044   Code   RO        11979    i.OS_MsgQFreeAll    os_msg.o
    0x08003c14   0x0000000e   Code   RO        11981    i.OS_MsgQInit       os_msg.o
    0x08003c22   0x00000002   PAD
    0x08003c24   0x00000030   Code   RO        12018    i.OS_MutexDbgListAdd  os_mutex.o
    0x08003c54   0x00000008   Code   RO        12020    i.OS_MutexGrpAdd    os_mutex.o
    0x08003c5c   0x00000060   Code   RO        12021    i.OS_MutexGrpPostAll  os_mutex.o
    0x08003cbc   0x0000002c   Code   RO        12022    i.OS_MutexGrpPrioFindHighest  os_mutex.o
    0x08003ce8   0x0000001c   Code   RO        12023    i.OS_MutexGrpRemove  os_mutex.o
    0x08003d04   0x00000018   Code   RO        12024    i.OS_MutexInit      os_mutex.o
    0x08003d1c   0x00000068   Code   RO        11651    i.OS_Pend           os_core.o
    0x08003d84   0x00000028   Code   RO        11654    i.OS_PendDataInit   os_core.o
    0x08003dac   0x0000005c   Code   RO        11655    i.OS_PendDbgNameAdd  os_core.o
    0x08003e08   0x00000024   Code   RO        11656    i.OS_PendDbgNameRemove  os_core.o
    0x08003e2c   0x0000003a   Code   RO        11657    i.OS_PendListChangePrio  os_core.o
    0x08003e66   0x0000000a   Code   RO        11658    i.OS_PendListInit   os_core.o
    0x08003e70   0x00000066   Code   RO        11660    i.OS_PendListInsertPrio  os_core.o
    0x08003ed6   0x00000034   Code   RO        11661    i.OS_PendListRemove  os_core.o
    0x08003f0a   0x00000042   Code   RO        11662    i.OS_PendListRemove1  os_core.o
    0x08003f4c   0x000000d6   Code   RO        11665    i.OS_Post           os_core.o
    0x08004022   0x0000002c   Code   RO        11666    i.OS_Post1          os_core.o
    0x0800404e   0x00000002   PAD
    0x08004050   0x00000028   Code   RO        12116    i.OS_PrioGetHighest  os_prio.o
    0x08004078   0x00000018   Code   RO        12117    i.OS_PrioInit       os_prio.o
    0x08004090   0x00000024   Code   RO        12118    i.OS_PrioInsert     os_prio.o
    0x080040b4   0x00000024   Code   RO        12119    i.OS_PrioRemove     os_prio.o
    0x080040d8   0x00000018   Code   RO        12162    i.OS_QInit          os_q.o
    0x080040f0   0x00000024   Code   RO        11667    i.OS_RdyListInit    os_core.o
    0x08004114   0x0000002c   Code   RO        11668    i.OS_RdyListInsert  os_core.o
    0x08004140   0x00000040   Code   RO        11669    i.OS_RdyListInsertHead  os_core.o
    0x08004180   0x0000003c   Code   RO        11670    i.OS_RdyListInsertTail  os_core.o
    0x080041bc   0x0000005c   Code   RO        11672    i.OS_RdyListRemove  os_core.o
    0x08004218   0x00000018   Code   RO        12234    i.OS_SemInit        os_sem.o
    0x08004230   0x00000324   Code   RO        12299    i.OS_StatTask       os_stat.o
    0x08004554   0x000000cc   Code   RO        12300    i.OS_StatTaskInit   os_stat.o
    0x08004620   0x0000002c   Code   RO        11673    i.OS_TaskBlock      os_core.o
    0x0800464c   0x000000ec   Code   RO        12344    i.OS_TaskChangePrio  os_task.o
    0x08004738   0x00000030   Code   RO        12345    i.OS_TaskDbgListAdd  os_task.o
    0x08004768   0x00000044   Code   RO        12346    i.OS_TaskDbgListRemove  os_task.o
    0x080047ac   0x00000020   Code   RO        12347    i.OS_TaskInit       os_task.o
    0x080047cc   0x000000c4   Code   RO        12348    i.OS_TaskInitTCB    os_task.o
    0x08004890   0x0000011c   Code   RO        12350    i.OS_TaskResume     os_task.o
    0x080049ac   0x00000018   Code   RO        12351    i.OS_TaskReturn     os_task.o
    0x080049c4   0x000001f0   Code   RO        12352    i.OS_TaskSemPost    os_task.o
    0x08004bb4   0x00000138   Code   RO        12353    i.OS_TaskSuspend    os_task.o
    0x08004cec   0x00000086   Code   RO        12495    i.OS_TickListInsert  os_tick.o
    0x08004d72   0x00000002   PAD
    0x08004d74   0x000000bc   Code   RO        12496    i.OS_TickListInsertDly  os_tick.o
    0x08004e30   0x00000058   Code   RO        12497    i.OS_TickListRemove  os_tick.o
    0x08004e88   0x000000a0   Code   RO        12498    i.OS_TickListUpdateDly  os_tick.o
    0x08004f28   0x0000011c   Code   RO        12499    i.OS_TickListUpdateTimeout  os_tick.o
    0x08005044   0x0000006c   Code   RO        12500    i.OS_TickTask       os_tick.o
    0x080050b0   0x000000c8   Code   RO        12501    i.OS_TickTaskInit   os_tick.o
    0x08005178   0x00000134   Code   RO        12586    i.OS_TmrInit        os_tmr.o
    0x080052ac   0x00000018   Code   RO        12587    i.OS_TmrLock        os_tmr.o
    0x080052c4   0x00000094   Code   RO        12588    i.OS_TmrTask        os_tmr.o
    0x08005358   0x00000044   Code   RO        12589    i.OS_TmrUnlink      os_tmr.o
    0x0800539c   0x00000014   Code   RO        12590    i.OS_TmrUnlock      os_tmr.o
    0x080053b0   0x0000009c   Code   RO          535    i.SCB_EnableDCache  sys.o
    0x0800544c   0x00000002   Code   RO          784    i.SVC_Handler       stm32f7xx_it_1.o
    0x0800544e   0x00000002   PAD
    0x08005450   0x000000b4   Code   RO          536    i.Stm32_Clock_Init  sys.o
    0x08005504   0x00000020   Code   RO          466    i.SysTick_Handler   delay.o
    0x08005524   0x00000064   Code   RO          843    i.SystemInit        system_stm32f7xx_1.o
    0x08005588   0x000000ea   Code   RO         7541    i.UART_AdvFeatureConfig  stm32f7xx_hal_uart.o
    0x08005672   0x00000074   Code   RO         7542    i.UART_CheckIdleState  stm32f7xx_hal_uart.o
    0x080056e6   0x00000018   Code   RO         7543    i.UART_DMAAbortOnError  stm32f7xx_hal_uart.o
    0x080056fe   0x00000020   Code   RO         7549    i.UART_EndRxTransfer  stm32f7xx_hal_uart.o
    0x0800571e   0x00000020   Code   RO         7550    i.UART_EndTransmit_IT  stm32f7xx_hal_uart.o
    0x0800573e   0x00000002   PAD
    0x08005740   0x00000088   Code   RO          948    i.UART_GetDevice    uart_interface.o
    0x080057c8   0x000000ac   Code   RO          949    i.UART_Init         uart_interface.o
    0x08005874   0x00000088   Code   RO         7552    i.UART_Receive_IT   stm32f7xx_hal_uart.o
    0x080058fc   0x0000038c   Code   RO         7553    i.UART_SetConfig    stm32f7xx_hal_uart.o
    0x08005c88   0x0000006a   Code   RO         7554    i.UART_Transmit_IT  stm32f7xx_hal_uart.o
    0x08005cf2   0x0000006c   Code   RO         7555    i.UART_WaitOnFlagUntilTimeout  stm32f7xx_hal_uart.o
    0x08005d5e   0x00000002   PAD
    0x08005d60   0x00000024   Code   RO          950    i.USART1_IRQHandler  uart_interface.o
    0x08005d84   0x00000090   Code   RO          951    i.USART1_MspInit    uart_interface.o
    0x08005e14   0x00000004   Code   RO          785    i.UsageFault_Handler  stm32f7xx_it_1.o
    0x08005e18   0x0000000e   Code   RO        12954    i._is_digit         c_w.l(__printf_wp.o)
    0x08005e26   0x00000004   Code   RO          952    i._sys_exit         uart_interface.o
    0x08005e2a   0x00000002   PAD
    0x08005e2c   0x0000005c   Code   RO          467    i.delay_init        delay.o
    0x08005e88   0x00000050   Code   RO          468    i.delay_ms          delay.o
    0x08005ed8   0x0000000a   Code   RO          469    i.delay_osschedlock  delay.o
    0x08005ee2   0x0000000a   Code   RO          470    i.delay_osschedunlock  delay.o
    0x08005eec   0x00000010   Code   RO          471    i.delay_ostimedly   delay.o
    0x08005efc   0x00000058   Code   RO          472    i.delay_us          delay.o
    0x08005f54   0x00000038   Code   RO          426    i.feedMsgPack       transport.o
    0x08005f8c   0x0000001c   Code   RO          953    i.fputc             uart_interface.o
    0x08005fa8   0x000000a4   Code   RO            7    i.main              main.o
    0x0800604c   0x0000000c   Code   RO          541    i.memrev16          sys.o
    0x08006058   0x00000014   Code   RO          542    i.memrev32          sys.o
    0x0800606c   0x000000e8   Code   RO            8    i.start_task        main.o
    0x08006154   0x0000000a   Code   RO        13096    x$fpl$fpinit        fz_wv.l(fpinit.o)
    0x0800615e   0x00000018   Data   RO          844    .constdata          system_stm32f7xx_1.o
    0x08006176   0x00000002   PAD
    0x08006178   0x00000094   Data   RO        11617    .constdata          os_cfg_app.o
    0x0800620c   0x0000016c   Data   RO        11850    .constdata          os_dbg.o
    0x08006378   0x00000028   Data   RO        12927    .constdata          c_w.l(_printf_hex_int.o)
    0x080063a0   0x00000011   Data   RO        12957    .constdata          c_w.l(__printf_flags_wp.o)
    0x080063b1   0x00000003   PAD
    0x080063b4   0x00000020   Data   RO        13150    Region$$Table       anon$$obj.o


    Execution Region RW_IRAM1 (Base: 0x20020000, Size: 0x000033b8, Max: 0x00060000, ABSOLUTE, COMPRESSED[0x00000028])

    Base Addr    Size         Type   Attr      Idx    E Section Name        Object

    0x20020000   0x00000001   Data   RW           10    .data               main.o
    0x20020001   0x00000003   PAD
    0x20020004   0x00000014   Data   RW          385    .data               data_base.o
    0x20020018   0x00000006   Data   RW          473    .data               delay.o
    0x2002001e   0x00000002   PAD
    0x20020020   0x00000004   Data   RW          845    .data               system_stm32f7xx_1.o
    0x20020024   0x00000001   Data   RW          912    .data               key.o
    0x20020025   0x00000003   PAD
    0x20020028   0x00000035   Data   RW          955    .data               uart_interface.o
    0x2002005d   0x00000003   PAD
    0x20020060   0x00000004   Data   RW         1061    .data               stm32f7xx_hal.o
    0x20020064   0x0000001c   Data   RW        10999    .data               cpu_core.o
    0x20020080   0x00000008   Data   RW        12120    .data               os_prio.o
    0x20020088   0x000000bc   Data   RW        12666    .data               os_var.o
    0x20020144   0x00000004   Data   RW        12693    .data               os_cpu_c.o
    0x20020148   0x00000a44   Zero   RW            9    .bss                main.o
    0x20020b8c   0x00000c20   Zero   RW          954    .bss                uart_interface.o
    0x200217ac   0x00000010   Zero   RW        10997    .bss                cpu_core.o
    0x200217bc   0x00000f60   Zero   RW        11616    .bss                os_cfg_app.o
    0x2002271c   0x0000063c   Zero   RW        12665    .bss                os_var.o
    0x20022d58   0x00000060   Zero   RW        13028    .bss                c_w.l(libspace.o)
    0x20022db8   0x00000200   Zero   RW        12903    HEAP                startup_stm32f767xx.o
    0x20022fb8   0x00000400   Zero   RW        12902    STACK               startup_stm32f767xx.o


==============================================================================

Image component sizes


      Code (inc. data)   RO Data    RW Data    ZI Data      Debug   Object Name

        76         14          0          0          0      11394   bsp.o
        52          0          0          0          0        360   cpu_a.o
       540         98          0         28         16       9776   cpu_core.o
         0          0          0         20          0       1281   data_base.o
       328         40          0          6          0       4169   delay.o
       376         34          0          1          0       1694   key.o
        88         10          0          0          0        851   led.o
       102          0          0          0          0      13036   lib_mem.o
      1068        348          0          1       2628     433702   main.o
         2          0        148          0       3936      20093   os_cfg_app.o
      2446        316          0          0          0      36415   os_core.o
       280         14          0          0          0        448   os_cpu_a.o
      1052        156          0          4          0      26060   os_cpu_c.o
       424        278        364          0          0       4841   os_dbg.o
        24         10          0          0          0        958   os_flag.o
        24         10          0          0          0        953   os_mem.o
       174         18          0          0          0       2404   os_msg.o
      1228         56          0          0          0       7543   os_mutex.o
       136         16          0          8          0       3098   os_prio.o
        24         10          0          0          0        951   os_q.o
        24         10          0          0          0        945   os_sem.o
      1592        196          0          0          0       4251   os_stat.o
      3202        154          0          0          0      14481   os_task.o
      1162         88          0          0          0       6235   os_tick.o
       520         40          0          0          0       2929   os_time.o
       568        142          0          0          0       3801   os_tmr.o
         0          0          0        188       1596      17858   os_var.o
       104         34        504          0       1536        840   startup_stm32f767xx.o
       108         20          0          4          0       2999   stm32f7xx_hal.o
       338         22          0          0          0      36221   stm32f7xx_hal_cortex.o
        40          0          0          0          0       1051   stm32f7xx_hal_dma.o
       564         52          0          0          0       2943   stm32f7xx_hal_gpio.o
         2          0          0          0          0        478   stm32f7xx_hal_msp_1.o
       144          8          0          0          0       1184   stm32f7xx_hal_pwr_ex.o
       716         50          0          0          0       3800   stm32f7xx_hal_rcc.o
      1232         12          0          0          0       1752   stm32f7xx_hal_rcc_ex.o
      2566         54          0          0          0      11248   stm32f7xx_hal_uart.o
        22          0          0          0          0       3371   stm32f7xx_it_1.o
       488         26          0          0          0     272963   sys.o
       100         18         24          4          0       1187   system_stm32f7xx_1.o
       104         12          0          0          0       2123   transport.o
      1072        118          0         53       3104       9025   uart_interface.o

    ----------------------------------------------------------------------
     23134       2484       1074        328      12816     981712   Object Totals
         0          0         32          0          0          0   (incl. Generated)
        22          0          2         11          0          0   (incl. Padding)

    ----------------------------------------------------------------------

      Code (inc. data)   RO Data    RW Data    ZI Data      Debug   Library Member Name

        90          0          0          0          0          0   __dczerorl2.o
         8          0          0          0          0         68   __main.o
       312          4         17          0          0         92   __printf_flags_wp.o
        14          0          0          0          0         68   __printf_wp.o
         0          0          0          0          0          0   __rtentry.o
        12          0          0          0          0          0   __rtentry2.o
         6          0          0          0          0          0   __rtentry4.o
        52          8          0          0          0          0   __scatter.o
        28          0          0          0          0          0   __scatter_zi.o
        48          6          0          0          0         96   _printf_char_common.o
        36          4          0          0          0         80   _printf_char_file.o
        88          4         40          0          0         88   _printf_hex_int.o
       178          0          0          0          0         88   _printf_intcommon.o
        78          0          0          0          0        108   _printf_pad.o
         0          0          0          0          0          0   _printf_percent.o
         4          0          0          0          0          0   _printf_percent_end.o
         6          0          0          0          0          0   _printf_x.o
        18          0          0          0          0         80   exit.o
         8          0          0          0          0         68   ferror.o
         6          0          0          0          0        152   heapauxi.o
         2          0          0          0          0          0   libinit.o
         6          0          0          0          0          0   libinit2.o
         2          0          0          0          0          0   libshutdown.o
         2          0          0          0          0          0   libshutdown2.o
         8          4          0          0         96         68   libspace.o
        24          4          0          0          0         84   noretval__2printf.o
        68          0          0          0          0         68   rt_memclr.o
        78          0          0          0          0         80   rt_memclr_w.o
         2          0          0          0          0          0   rtexit.o
        10          0          0          0          0          0   rtexit2.o
        74          0          0          0          0         80   sys_stackheap_outer.o
         2          0          0          0          0         68   use_no_semi.o
         2          0          0          0          0         68   use_no_semi_2.o
        10          0          0          0          0        116   fpinit.o

    ----------------------------------------------------------------------
      1288         34         60          0         96       1620   Library Totals
         6          0          3          0          0          0   (incl. Padding)

    ----------------------------------------------------------------------

      Code (inc. data)   RO Data    RW Data    ZI Data      Debug   Library Name

      1272         34         57          0         96       1504   c_w.l
        10          0          0          0          0        116   fz_wv.l

    ----------------------------------------------------------------------
      1288         34         60          0         96       1620   Library Totals

    ----------------------------------------------------------------------

==============================================================================


      Code (inc. data)   RO Data    RW Data    ZI Data      Debug   

     24422       2518       1134        328      12912     964904   Grand Totals
     24422       2518       1134         40      12912     964904   ELF Image Totals (compressed)
     24422       2518       1134         40          0          0   ROM Totals

==============================================================================

    Total RO  Size (Code + RO Data)                25556 (  24.96kB)
    Total RW  Size (RW Data + ZI Data)             13240 (  12.93kB)
    Total ROM Size (Code + RO Data + RW Data)      25596 (  25.00kB)

==============================================================================

