<html>
<body>
<pre>
<h1>礦ision Build Log</h1>
<h2>Tool Versions:</h2>
IDE-Version: μVision V5.21.1.0
Copyright (C) 2016 ARM Ltd and ARM Germany GmbH. All rights reserved.
License Information: dawang Microsoft, Microsoft, LIC=IC912-97GT7-05KTY-I5T50-QI6FW-4Q52A
 
Tool Versions:
Toolchain:       MDK-ARM Professional  Version: 5.21a
Toolchain Path:  D:\ARM\ARM\ARMCC\Bin
C Compiler:      Armcc.exe V5.06 update 3 (build 300)
Assembler:       Armasm.exe V5.06 update 3 (build 300)
Linker/Locator:  ArmLink.exe V5.06 update 3 (build 300)
Library Manager: ArmAr.exe V5.06 update 3 (build 300)
Hex Converter:   FromElf.exe V5.06 update 3 (build 300)
CPU DLL:         SARMCM3.DLL V5.21a
Dialog DLL:      DCM.DLL V1.13.8.0
Target DLL:      STLink\ST-LINKIII-KEIL_SWO.dll V2.0.18.0
Dialog DLL:      TCM.DLL V1.14.14.0
 
<h2>Project:</h2>
E:\my_program\work\叉车相关\叉车下位机\STM32\STM32F7\SLAM.uvprojx
Project File Date:  09/28/2018

<h2>Output:</h2>
*** Using Compiler 'V5.06 update 3 (build 300)', folder: 'D:\ARM\ARM\ARMCC\Bin'
Build target 'APP'
compiling transport.c...
USER\transport.c(19): warning:  #223-D: function "memcpy" declared implicitly
                memcpy(p_data, data, 1);
USER\transport.c(29): warning:  #223-D: function "memcpy" declared implicitly
                 memcpy(++p_data, data, 1); 
USER\transport.c(35): warning:  #223-D: function "memset" declared implicitly
                 memset(&g_SerialPackRX, 0 , sizeof(SerialPakage));
USER\transport.c(40): warning:  #223-D: function "memcpy" declared implicitly
              memcpy(++p_data, data, 1); 
USER\transport.c(76): warning:  #223-D: function "memset" declared implicitly
                memset(&g_SerialPackRX, 0 , sizeof(SerialPakage));
USER\transport.c(105): warning:  #223-D: function "memcpy" declared implicitly
      memcpy((uint8_t *)&g_SerialPackTX.byData_,(uint8_t *)&msg,sizeof(Feedback_Msg));
USER\transport.c: 6 warnings, 0 errors
linking...
Program Size: Code=23358 RO-data=1074 RW-data=312 ZI-data=12912  
FromELF: creating hex file...
".\OBJ\SLAM.axf" - 0 Error(s), 6 Warning(s).

<h2>Collection of Component include folders:</h2>
  E:\my_program\work\叉车相关\叉车下位机\STM32\STM32F7\RTE
  D:\ARM\ARM\PACK\Keil\STM32F7xx_DFP\2.7.0\Drivers\CMSIS\Device\ST\STM32F7xx\Include

<h2>Collection of Component Files used:</h2>
Build Time Elapsed:  00:00:07
</pre>
</body>
</html>
